Archive member included to satisfy reference by file (symbol)

c:/program files (x86)/gnu tools arm embedded/7 2018-q2-update/bin/../lib/gcc/arm-none-eabi/7.3.1/../../../../arm-none-eabi/lib/thumb/v7e-m/fpv4-sp/hard\libc_nano.a(lib_a-exit.o)
                              c:/program files (x86)/gnu tools arm embedded/7 2018-q2-update/bin/../lib/gcc/arm-none-eabi/7.3.1/../../../../arm-none-eabi/lib/thumb/v7e-m/fpv4-sp/hard/crt0.o (exit)
c:/program files (x86)/gnu tools arm embedded/7 2018-q2-update/bin/../lib/gcc/arm-none-eabi/7.3.1/../../../../arm-none-eabi/lib/thumb/v7e-m/fpv4-sp/hard\libc_nano.a(lib_a-impure.o)
                              c:/program files (x86)/gnu tools arm embedded/7 2018-q2-update/bin/../lib/gcc/arm-none-eabi/7.3.1/../../../../arm-none-eabi/lib/thumb/v7e-m/fpv4-sp/hard\libc_nano.a(lib_a-exit.o) (_global_impure_ptr)
c:/program files (x86)/gnu tools arm embedded/7 2018-q2-update/bin/../lib/gcc/arm-none-eabi/7.3.1/../../../../arm-none-eabi/lib/thumb/v7e-m/fpv4-sp/hard\libc_nano.a(lib_a-init.o)
                              c:/program files (x86)/gnu tools arm embedded/7 2018-q2-update/bin/../lib/gcc/arm-none-eabi/7.3.1/../../../../arm-none-eabi/lib/thumb/v7e-m/fpv4-sp/hard/crt0.o (__libc_init_array)
c:/program files (x86)/gnu tools arm embedded/7 2018-q2-update/bin/../lib/gcc/arm-none-eabi/7.3.1/../../../../arm-none-eabi/lib/thumb/v7e-m/fpv4-sp/hard\libc_nano.a(lib_a-memcpy-stub.o)
                              _build/nrf52840_xxaa/queue.c.o (memcpy)
c:/program files (x86)/gnu tools arm embedded/7 2018-q2-update/bin/../lib/gcc/arm-none-eabi/7.3.1/../../../../arm-none-eabi/lib/thumb/v7e-m/fpv4-sp/hard\libc_nano.a(lib_a-memset.o)
                              c:/program files (x86)/gnu tools arm embedded/7 2018-q2-update/bin/../lib/gcc/arm-none-eabi/7.3.1/../../../../arm-none-eabi/lib/thumb/v7e-m/fpv4-sp/hard/crt0.o (memset)
c:/program files (x86)/gnu tools arm embedded/7 2018-q2-update/bin/../lib/gcc/arm-none-eabi/7.3.1/../../../../arm-none-eabi/lib/thumb/v7e-m/fpv4-sp/hard\libc_nano.a(lib_a-strlen.o)
                              _build/nrf52840_xxaa/nrf_fprintf_format.c.o (strlen)
c:/program files (x86)/gnu tools arm embedded/7 2018-q2-update/bin/../lib/gcc/arm-none-eabi/7.3.1/../../../../arm-none-eabi/lib/thumb/v7e-m/fpv4-sp/hard\libnosys.a(_exit.o)
                              c:/program files (x86)/gnu tools arm embedded/7 2018-q2-update/bin/../lib/gcc/arm-none-eabi/7.3.1/../../../../arm-none-eabi/lib/thumb/v7e-m/fpv4-sp/hard\libc_nano.a(lib_a-exit.o) (_exit)
c:/program files (x86)/gnu tools arm embedded/7 2018-q2-update/bin/../lib/gcc/arm-none-eabi/7.3.1/thumb/v7e-m/fpv4-sp/hard\libgcc.a(unwind-arm.o)
                              _build/nrf52840_xxaa/main.cpp.o (__aeabi_unwind_cpp_pr0)
c:/program files (x86)/gnu tools arm embedded/7 2018-q2-update/bin/../lib/gcc/arm-none-eabi/7.3.1/thumb/v7e-m/fpv4-sp/hard\libgcc.a(libunwind.o)
                              c:/program files (x86)/gnu tools arm embedded/7 2018-q2-update/bin/../lib/gcc/arm-none-eabi/7.3.1/thumb/v7e-m/fpv4-sp/hard\libgcc.a(unwind-arm.o) (restore_core_regs)
c:/program files (x86)/gnu tools arm embedded/7 2018-q2-update/bin/../lib/gcc/arm-none-eabi/7.3.1/thumb/v7e-m/fpv4-sp/hard\libgcc.a(pr-support.o)
                              c:/program files (x86)/gnu tools arm embedded/7 2018-q2-update/bin/../lib/gcc/arm-none-eabi/7.3.1/thumb/v7e-m/fpv4-sp/hard\libgcc.a(unwind-arm.o) (__gnu_unwind_execute)
c:/program files (x86)/gnu tools arm embedded/7 2018-q2-update/bin/../lib/gcc/arm-none-eabi/7.3.1/../../../../arm-none-eabi/lib/thumb/v7e-m/fpv4-sp/hard\libg_nano.a(lib_a-abort.o)
                              c:/program files (x86)/gnu tools arm embedded/7 2018-q2-update/bin/../lib/gcc/arm-none-eabi/7.3.1/thumb/v7e-m/fpv4-sp/hard\libgcc.a(unwind-arm.o) (abort)
c:/program files (x86)/gnu tools arm embedded/7 2018-q2-update/bin/../lib/gcc/arm-none-eabi/7.3.1/../../../../arm-none-eabi/lib/thumb/v7e-m/fpv4-sp/hard\libg_nano.a(lib_a-signal.o)
                              c:/program files (x86)/gnu tools arm embedded/7 2018-q2-update/bin/../lib/gcc/arm-none-eabi/7.3.1/../../../../arm-none-eabi/lib/thumb/v7e-m/fpv4-sp/hard\libg_nano.a(lib_a-abort.o) (raise)
c:/program files (x86)/gnu tools arm embedded/7 2018-q2-update/bin/../lib/gcc/arm-none-eabi/7.3.1/../../../../arm-none-eabi/lib/thumb/v7e-m/fpv4-sp/hard\libg_nano.a(lib_a-signalr.o)
                              c:/program files (x86)/gnu tools arm embedded/7 2018-q2-update/bin/../lib/gcc/arm-none-eabi/7.3.1/../../../../arm-none-eabi/lib/thumb/v7e-m/fpv4-sp/hard\libg_nano.a(lib_a-signal.o) (_kill_r)
c:/program files (x86)/gnu tools arm embedded/7 2018-q2-update/bin/../lib/gcc/arm-none-eabi/7.3.1/../../../../arm-none-eabi/lib/thumb/v7e-m/fpv4-sp/hard\libg_nano.a(lib_a-nano-mallocr.o)
[...]
Memory Configuration

Name             Origin             Length             Attributes
FLASH            0x00026000         0x000da000         xr
RAM              0x200022e0         0x0003dd20         xrw
*default*        0x00000000         0xffffffff

Linker script and memory map


.text           0x00026000     0x32f0
 *(.isr_vector)
 .isr_vector    0x00026000      0x200 _build/nrf52840_xxaa/gcc_startup_nrf52840.S.o
                0x00026000                __isr_vector
 *(.text*)
 .text          0x00026200       0x40 c:/program files (x86)/gnu tools arm embedded/7 2018-q2-update/bin/../lib/gcc/arm-none-eabi/7.3.1/thumb/v7e-m/fpv4-sp/hard/crtbegin.o
 .text          0x00026240       0x74 c:/program files (x86)/gnu tools arm embedded/7 2018-q2-update/bin/../lib/gcc/arm-none-eabi/7.3.1/../../../../arm-none-eabi/lib/thumb/v7e-m/fpv4-sp/hard/crt0.o
                0x00026240                _start
                0x00026240                _mainCRTStartup
 .text          0x000262b4       0x3c _build/nrf52840_xxaa/gcc_startup_nrf52840.S.o
                0x000262b4                Reset_Handler
                0x000262dc                NMI_Handler
                0x000262de                HardFault_Handler
                0x000262e0                MemoryManagement_Handler
                0x000262e2                BusFault_Handler
                0x000262e4                UsageFault_Handler
                0x000262e8                DebugMon_Handler
                0x000262ec                SysTick_Handler
                0x000262ee                SWI0_EGU0_IRQHandler
                0x000262ee                RADIO_IRQHandler
                0x000262ee                PDM_IRQHandler
                0x000262ee                PWM1_IRQHandler
                0x000262ee                GPIOTE_IRQHandler
                0x000262ee                QDEC_IRQHandler
                0x000262ee                TIMER3_IRQHandler
                0x000262ee                PWM3_IRQHandler
                0x000262ee                FPU_IRQHandler
                0x000262ee                USBD_IRQHandler
                0x000262ee                SPIM0_SPIS0_TWIM0_TWIS0_SPI0_TWI0_IRQHandler
                0x000262ee                TEMP_IRQHandler
                0x000262ee                UARTE0_UART0_IRQHandler
                0x000262ee                TIMER4_IRQHandler
                0x000262ee                CRYPTOCELL_IRQHandler
                0x000262ee                RTC0_IRQHandler
                0x000262ee                SWI4_EGU4_IRQHandler
                0x000262ee                TIMER0_IRQHandler
                0x000262ee                SWI2_EGU2_IRQHandler
                0x000262ee                UARTE1_IRQHandler
                0x000262ee                TIMER1_IRQHandler
                0x000262ee                SPIM3_IRQHandler
                0x000262ee                PWM2_IRQHandler
                0x000262ee                ECB_IRQHandler
                0x000262ee                SPIM1_SPIS1_TWIM1_TWIS1_SPI1_TWI1_IRQHandler
                0x000262ee                Default_Handler
                0x000262ee                SAADC_IRQHandler
                0x000262ee                CCM_AAR_IRQHandler
                0x000262ee                WDT_IRQHandler
                0x000262ee                SWI5_EGU5_IRQHandler
                0x000262ee                RNG_IRQHandler
                0x000262ee                RTC2_IRQHandler
                0x000262ee                PWM0_IRQHandler
                0x000262ee                SWI3_EGU3_IRQHandler
                0x000262ee                SWI1_EGU1_IRQHandler
                0x000262ee                SPIM2_SPIS2_SPI2_IRQHandler
                0x000262ee                NFCT_IRQHandler
                0x000262ee                I2S_IRQHandler
                0x000262ee                MWU_IRQHandler
                0x000262ee                TIMER2_IRQHandler
                0x000262ee                QSPI_IRQHandler
                0x000262ee                COMP_LPCOMP_IRQHandler
 .text.bsp_board_led_invert
                0x000262f0       0x34 _build/nrf52840_xxaa/boards.c.o
                0x000262f0                bsp_board_led_invert
 .text.bsp_board_init
                0x00026324       0xd4 _build/nrf52840_xxaa/boards.c.o
                0x00026324                bsp_board_init
 .text.pvPortMalloc
                0x000263f8       0x58 _build/nrf52840_xxaa/heap_1.c.o
                0x000263f8                pvPortMalloc
 .text.vPortFree
                0x00026450        0x4 _build/nrf52840_xxaa/heap_1.c.o
                0x00026450                vPortFree
 .text.vListInitialise
                0x00026454       0x18 _build/nrf52840_xxaa/list.c.o
                0x00026454                vListInitialise
 .text.vListInitialiseItem
                0x0002646c        0x8 _build/nrf52840_xxaa/list.c.o
                0x0002646c                vListInitialiseItem
 .text.vListInsertEnd
                0x00026474       0x18 _build/nrf52840_xxaa/list.c.o
                0x00026474                vListInsertEnd
 .text.vListInsert
                0x0002648c       0x34 _build/nrf52840_xxaa/list.c.o
                0x0002648c                vListInsert
 .text.uxListRemove
                0x000264c0       0x28 _build/nrf52840_xxaa/list.c.o
                0x000264c0                uxListRemove
 .text.vPortStartFirstTask
                0x000264e8       0x1c _build/nrf52840_xxaa/port.c.o
                0x000264e8                vPortStartFirstTask
 .text.SVC_Handler
                0x00026504       0x20 _build/nrf52840_xxaa/port.c.o
                0x00026504                SVC_Handler
 .text.PendSV_Handler
                0x00026524       0x60 _build/nrf52840_xxaa/port.c.o
                0x00026524                PendSV_Handler
 .text.prvTaskExitError
                0x00026584        0x8 _build/nrf52840_xxaa/port_cmsis.c.o
 .text.pxPortInitialiseStack
                0x0002658c       0x2c _build/nrf52840_xxaa/port_cmsis.c.o
                0x0002658c                pxPortInitialiseStack
 .text.xPortStartScheduler
                0x000265b8       0x4c _build/nrf52840_xxaa/port_cmsis.c.o
                0x000265b8                xPortStartScheduler
 .text.vPortEnterCritical
                0x00026604       0x14 _build/nrf52840_xxaa/port_cmsis.c.o
                0x00026604                vPortEnterCritical
 .text.vPortExitCritical
                0x00026618       0x14 _build/nrf52840_xxaa/port_cmsis.c.o
                0x00026618                vPortExitCritical
 .text.RTC1_IRQHandler
                0x0002662c       0x80 _build/nrf52840_xxaa/port_cmsis_systick.c.o
                0x0002662c                RTC1_IRQHandler
 .text.vPortSetupTimerInterrupt
                0x000266ac       0x40 _build/nrf52840_xxaa/port_cmsis_systick.c.o
                0x000266ac                vPortSetupTimerInterrupt
 .text.vPortSuppressTicksAndSleep
                0x000266ec       0xc0 _build/nrf52840_xxaa/port_cmsis_systick.c.o
                0x000266ec                vPortSuppressTicksAndSleep
 .text.xQueueGenericCreate
                0x000267ac       0x74 _build/nrf52840_xxaa/queue.c.o
                0x000267ac                xQueueGenericCreate
 .text.xQueueGenericSend
                0x00026820      0x3b4 _build/nrf52840_xxaa/queue.c.o
                0x00026820                xQueueGenericSend
 .text.xQueueReceive
                0x00026bd4      0x324 _build/nrf52840_xxaa/queue.c.o
                0x00026bd4                xQueueReceive
 .text.vQueueAddToRegistry
                0x00026ef8       0x24 _build/nrf52840_xxaa/queue.c.o
                0x00026ef8                vQueueAddToRegistry
 .text.vQueueWaitForMessageRestricted
                0x00026f1c       0xcc _build/nrf52840_xxaa/queue.c.o
                0x00026f1c                vQueueWaitForMessageRestricted
 .text.xTaskCreate
                0x00026fe8      0x1e8 _build/nrf52840_xxaa/tasks.c.o
                0x00026fe8                xTaskCreate
 .text.vTaskStartScheduler
                0x000271d0      0x1d0 _build/nrf52840_xxaa/tasks.c.o
                0x000271d0                vTaskStartScheduler
 .text.vTaskSuspendAll
                0x000273a0       0x10 _build/nrf52840_xxaa/tasks.c.o
                0x000273a0                vTaskSuspendAll
 .text.xTaskGetTickCount
                0x000273b0        0xc _build/nrf52840_xxaa/tasks.c.o
                0x000273b0                xTaskGetTickCount
 .text.vTaskStepTick
                0x000273bc       0x10 _build/nrf52840_xxaa/tasks.c.o
                0x000273bc                vTaskStepTick
 .text.xTaskIncrementTick
                0x000273cc      0x120 _build/nrf52840_xxaa/tasks.c.o
                0x000273cc                xTaskIncrementTick
 .text.xTaskResumeAll
                0x000274ec      0x118 _build/nrf52840_xxaa/tasks.c.o
                0x000274ec                xTaskResumeAll
 .text.vTaskDelay
                0x00027604       0x9c _build/nrf52840_xxaa/tasks.c.o
                0x00027604                vTaskDelay
 .text.prvIdleTask
                0x000276a0      0x100 _build/nrf52840_xxaa/tasks.c.o
 .text.vTaskSwitchContext
                0x000277a0       0x58 _build/nrf52840_xxaa/tasks.c.o
                0x000277a0                vTaskSwitchContext
 .text.vTaskPlaceOnEventList
                0x000277f8       0x90 _build/nrf52840_xxaa/tasks.c.o
                0x000277f8                vTaskPlaceOnEventList
 .text.vTaskPlaceOnEventListRestricted
                0x00027888       0xac _build/nrf52840_xxaa/tasks.c.o
                0x00027888                vTaskPlaceOnEventListRestricted
 .text.xTaskRemoveFromEventList
                0x00027934       0x9c _build/nrf52840_xxaa/tasks.c.o
                0x00027934                xTaskRemoveFromEventList
 .text.vTaskInternalSetTimeOutState
                0x000279d0       0x18 _build/nrf52840_xxaa/tasks.c.o
                0x000279d0                vTaskInternalSetTimeOutState
 .text.xTaskCheckForTimeOut
                0x000279e8       0x70 _build/nrf52840_xxaa/tasks.c.o
                0x000279e8                xTaskCheckForTimeOut
 .text.vTaskMissedYield
                0x00027a58        0xc _build/nrf52840_xxaa/tasks.c.o
                0x00027a58                vTaskMissedYield
 .text.eTaskConfirmSleepModeStatus
                0x00027a64       0x34 _build/nrf52840_xxaa/tasks.c.o
                0x00027a64                eTaskConfirmSleepModeStatus
 .text.xTaskGetSchedulerState
                0x00027a98       0x20 _build/nrf52840_xxaa/tasks.c.o
                0x00027a98                xTaskGetSchedulerState
 .text.xTaskPriorityDisinherit
                0x00027ab8       0x84 _build/nrf52840_xxaa/tasks.c.o
                0x00027ab8                xTaskPriorityDisinherit
 .text.prvTimerTask
                0x00027b3c      0x2dc _build/nrf52840_xxaa/timers.c.o
 .text.xTimerCreateTimerTask
                0x00027e18       0x84 _build/nrf52840_xxaa/timers.c.o
                0x00027e18                xTimerCreateTimerTask
 .text.app_util_critical_region_enter
                0x00027e9c       0x10 _build/nrf52840_xxaa/app_util_platform.c.o
                0x00027e9c                app_util_critical_region_enter
 .text.app_util_critical_region_exit
                0x00027eac       0x14 _build/nrf52840_xxaa/app_util_platform.c.o
                0x00027eac                app_util_critical_region_exit
 .text.nrf_drv_clock_lfclk_request
                0x00027ec0       0x5c _build/nrf52840_xxaa/nrf_drv_clock.c.o
                0x00027ec0                nrf_drv_clock_lfclk_request
 .text.nrfx_clock_lfclk_start
                0x00027f1c       0x30 _build/nrf52840_xxaa/nrfx_clock.c.o
                0x00027f1c                nrfx_clock_lfclk_start
 .text.POWER_CLOCK_IRQHandler
                0x00027f4c       0x64 _build/nrf52840_xxaa/nrfx_clock.c.o
                0x00027f4c                POWER_CLOCK_IRQHandler
 .text.startup.main
                0x00027fb0       0x94 _build/nrf52840_xxaa/main.cpp.o
                0x00027fb0                main
 .text._Z24led_toggle_task_functionPv
                0x00028044       0x1c _build/nrf52840_xxaa/task_led.cpp.o
                0x00028044                led_toggle_task_function(void*)
 .text._Z19freeRTOS_StartTasksv
                0x00028060       0x30 _build/nrf52840_xxaa/freeRTOS_tasks.cpp.o
                0x00028060                freeRTOS_StartTasks()
 .text.SystemInit
                0x00028090      0x1c4 _build/nrf52840_xxaa/system_nrf52840.c.o
                0x00028090                SystemInit
 .text.exit     0x00028254       0x28 c:/program files (x86)/gnu tools arm embedded/7 2018-q2-update/bin/../lib/gcc/arm-none-eabi/7.3.1/../../../../arm-none-eabi/lib/thumb/v7e-m/fpv4-sp/hard\libc_nano.a(lib_a-exit.o)
                0x00028254                exit
 .text.__libc_init_array
                0x0002827c       0x48 c:/program files (x86)/gnu tools arm embedded/7 2018-q2-update/bin/../lib/gcc/arm-none-eabi/7.3.1/../../../../arm-none-eabi/lib/thumb/v7e-m/fpv4-sp/hard\libc_nano.a(lib_a-init.o)
                0x0002827c                __libc_init_array
 .text.memcpy   0x000282c4       0x16 c:/program files (x86)/gnu tools arm embedded/7 2018-q2-update/bin/../lib/gcc/arm-none-eabi/7.3.1/../../../../arm-none-eabi/lib/thumb/v7e-m/fpv4-sp/hard\libc_nano.a(lib_a-memcpy-stub.o)
                0x000282c4                memcpy
 .text.memset   0x000282da       0x10 c:/program files (x86)/gnu tools arm embedded/7 2018-q2-update/bin/../lib/gcc/arm-none-eabi/7.3.1/../../../../arm-none-eabi/lib/thumb/v7e-m/fpv4-sp/hard\libc_nano.a(lib_a-memset.o)
                0x000282da                memset
 *fill*         0x000282ea        0x2 
 .text._exit    0x000282ec        0x4 c:/program files (x86)/gnu tools arm embedded/7 2018-q2-update/bin/../lib/gcc/arm-none-eabi/7.3.1/../../../../arm-none-eabi/lib/thumb/v7e-m/fpv4-sp/hard\libnosys.a(_exit.o)
                0x000282ec                _exit
 .text          0x000282f0      0x9ec c:/program files (x86)/gnu tools arm embedded/7 2018-q2-update/bin/../lib/gcc/arm-none-eabi/7.3.1/thumb/v7e-m/fpv4-sp/hard\libgcc.a(unwind-arm.o)
                0x000285a4                _Unwind_GetCFA
                0x000285a8                __gnu_Unwind_RaiseException
                0x00028608                __gnu_Unwind_ForcedUnwind
                0x0002861c                __gnu_Unwind_Resume
                0x00028660                __gnu_Unwind_Resume_or_Rethrow
                0x00028670                _Unwind_Complete
                0x00028674                _Unwind_DeleteException
                0x00028680                _Unwind_VRS_Get
                0x000286c4                _Unwind_VRS_Set
                0x0002870c                __gnu_Unwind_Backtrace
                0x00028a50                __aeabi_unwind_cpp_pr0
                0x00028a54                __aeabi_unwind_cpp_pr1
                0x00028a58                __aeabi_unwind_cpp_pr2
                0x00028a5c                _Unwind_VRS_Pop
 .text          0x00028cdc      0x1ac c:/program files (x86)/gnu tools arm embedded/7 2018-q2-update/bin/../lib/gcc/arm-none-eabi/7.3.1/thumb/v7e-m/fpv4-sp/hard\libgcc.a(libunwind.o)
                0x00028cdc                __restore_core_regs
                0x00028cdc                restore_core_regs
                0x00028cf4                __gnu_Unwind_Restore_VFP
                0x00028cfc                __gnu_Unwind_Save_VFP
                0x00028d04                __gnu_Unwind_Restore_VFP_D
                0x00028d0c                __gnu_Unwind_Save_VFP_D
                0x00028d14                __gnu_Unwind_Restore_VFP_D_16_to_31
                0x00028d1c                __gnu_Unwind_Save_VFP_D_16_to_31
                0x00028d24                __gnu_Unwind_Restore_WMMXD
                0x00028d68                __gnu_Unwind_Save_WMMXD
                0x00028dac                __gnu_Unwind_Restore_WMMXC
                0x00028dc0                __gnu_Unwind_Save_WMMXC
                0x00028dd4                ___Unwind_RaiseException
                0x00028dd4                _Unwind_RaiseException
                0x00028df8                _Unwind_Resume
                0x00028df8                ___Unwind_Resume
                0x00028e1c                _Unwind_Resume_or_Rethrow
                0x00028e1c                ___Unwind_Resume_or_Rethrow
                0x00028e40                _Unwind_ForcedUnwind
                0x00028e40                ___Unwind_ForcedUnwind
                0x00028e64                ___Unwind_Backtrace
                0x00028e64                _Unwind_Backtrace
 .text          0x00028e88      0x374 c:/program files (x86)/gnu tools arm embedded/7 2018-q2-update/bin/../lib/gcc/arm-none-eabi/7.3.1/thumb/v7e-m/fpv4-sp/hard\libgcc.a(pr-support.o)
                0x00028ee0                __gnu_unwind_execute
                0x000291a4                __gnu_unwind_frame
                0x000291cc                _Unwind_GetRegionStart
                0x000291d8                _Unwind_GetLanguageSpecificData
                0x000291ec                _Unwind_GetDataRelBase
                0x000291f4                _Unwind_GetTextRelBase
 .text.abort    0x000291fc        0xe c:/program files (x86)/gnu tools arm embedded/7 2018-q2-update/bin/../lib/gcc/arm-none-eabi/7.3.1/../../../../arm-none-eabi/lib/thumb/v7e-m/fpv4-sp/hard\libg_nano.a(lib_a-abort.o)
                0x000291fc                abort
 .text._raise_r
                0x0002920a       0x50 c:/program files (x86)/gnu tools arm embedded/7 2018-q2-update/bin/../lib/gcc/arm-none-eabi/7.3.1/../../../../arm-none-eabi/lib/thumb/v7e-m/fpv4-sp/hard\libg_nano.a(lib_a-signal.o)
                0x0002920a                _raise_r
 *fill*         0x0002925a        0x2 
 .text.raise    0x0002925c       0x10 c:/program files (x86)/gnu tools arm embedded/7 2018-q2-update/bin/../lib/gcc/arm-none-eabi/7.3.1/../../../../arm-none-eabi/lib/thumb/v7e-m/fpv4-sp/hard\libg_nano.a(lib_a-signal.o)
                0x0002925c                raise
 .text._kill_r  0x0002926c       0x24 c:/program files (x86)/gnu tools arm embedded/7 2018-q2-update/bin/../lib/gcc/arm-none-eabi/7.3.1/../../../../arm-none-eabi/lib/thumb/v7e-m/fpv4-sp/hard\libg_nano.a(lib_a-signalr.o)
                0x0002926c                _kill_r
 .text._getpid_r
                0x00029290        0x4 c:/program files (x86)/gnu tools arm embedded/7 2018-q2-update/bin/../lib/gcc/arm-none-eabi/7.3.1/../../../../arm-none-eabi/lib/thumb/v7e-m/fpv4-sp/hard\libg_nano.a(lib_a-signalr.o)
                0x00029290                _getpid_r
 .text._getpid  0x00029294       0x10 c:/program files (x86)/gnu tools arm embedded/7 2018-q2-update/bin/../lib/gcc/arm-none-eabi/7.3.1/../../../../arm-none-eabi/lib/thumb/v7e-m/fpv4-sp/hard\libnosys.a(getpid.o)
                0x00029294                _getpid
 .text._kill    0x000292a4       0x10 c:/program files (x86)/gnu tools arm embedded/7 2018-q2-update/bin/../lib/gcc/arm-none-eabi/7.3.1/../../../../arm-none-eabi/lib/thumb/v7e-m/fpv4-sp/hard\libnosys.a(kill.o)
                0x000292a4                _kill
 *(.init)
 .init          0x000292b4        0x4 c:/program files (x86)/gnu tools arm embedded/7 2018-q2-update/bin/../lib/gcc/arm-none-eabi/7.3.1/thumb/v7e-m/fpv4-sp/hard/crti.o
                0x000292b4                _init
 .init          0x000292b8        0x8 c:/program files (x86)/gnu tools arm embedded/7 2018-q2-update/bin/../lib/gcc/arm-none-eabi/7.3.1/thumb/v7e-m/fpv4-sp/hard/crtn.o
 *(.fini)
 .fini          0x000292c0        0x4 c:/program files (x86)/gnu tools arm embedded/7 2018-q2-update/bin/../lib/gcc/arm-none-eabi/7.3.1/thumb/v7e-m/fpv4-sp/hard/crti.o
                0x000292c0                _fini
 .fini          0x000292c4        0x8 c:/program files (x86)/gnu tools arm embedded/7 2018-q2-update/bin/../lib/gcc/arm-none-eabi/7.3.1/thumb/v7e-m/fpv4-sp/hard/crtn.o
 *crtbegin.o(.ctors)
 *crtbegin?.o(.ctors)
 *(EXCLUDE_FILE(*crtend.o *crtend?.o) .ctors)
 *(SORT_BY_NAME(.ctors.*))
 *(.ctors)
 *crtbegin.o(.dtors)
 *crtbegin?.o(.dtors)
 *(EXCLUDE_FILE(*crtend.o *crtend?.o) .dtors)
 *(SORT_BY_NAME(.dtors.*))
 *(.dtors)
 *(.rodata*)
 .rodata.m_board_led_list
                0x000292cc        0x4 _build/nrf52840_xxaa/boards.c.o
 .rodata.xTimerCreateTimerTask.str1.4
                0x000292d0       0x10 _build/nrf52840_xxaa/timers.c.o
 .rodata._Z19freeRTOS_StartTasksv.str1.4
                0x000292e0        0x8 _build/nrf52840_xxaa/freeRTOS_tasks.cpp.o
                                  0x5 (size before relaxing)
 .rodata._global_impure_ptr
                0x000292e8        0x4 c:/program files (x86)/gnu tools arm embedded/7 2018-q2-update/bin/../lib/gcc/arm-none-eabi/7.3.1/../../../../arm-none-eabi/lib/thumb/v7e-m/fpv4-sp/hard\libc_nano.a(lib_a-impure.o)
                0x000292e8                _global_impure_ptr
 *(.eh_frame*)
 .eh_frame      0x000292ec        0x0 c:/program files (x86)/gnu tools arm embedded/7 2018-q2-update/bin/../lib/gcc/arm-none-eabi/7.3.1/thumb/v7e-m/fpv4-sp/hard/crtbegin.o
 .eh_frame      0x000292ec        0x4 c:/program files (x86)/gnu tools arm embedded/7 2018-q2-update/bin/../lib/gcc/arm-none-eabi/7.3.1/thumb/v7e-m/fpv4-sp/hard/crtend.o

.glue_7         0x000292f0        0x0
 .glue_7        0x000292f0        0x0 linker stubs

.glue_7t        0x000292f0        0x0
 .glue_7t       0x000292f0        0x0 linker stubs

.vfp11_veneer   0x000292f0        0x0
 .vfp11_veneer  0x000292f0        0x0 linker stubs

.v4_bx          0x000292f0        0x0
 .v4_bx         0x000292f0        0x0 linker stubs

.iplt           0x000292f0        0x0
 .iplt          0x000292f0        0x0 c:/program files (x86)/gnu tools arm embedded/7 2018-q2-update/bin/../lib/gcc/arm-none-eabi/7.3.1/thumb/v7e-m/fpv4-sp/hard/crtbegin.o

.mem_section_dummy_rom

.nrf_queue      0x000292f0        0x0
                [!provide]                PROVIDE (__start_nrf_queue = .)
 *(.nrf_queue)
                [!provide]                PROVIDE (__stop_nrf_queue = .)

.log_const_data
                0x000292f0        0x0
                [!provide]                PROVIDE (__start_log_const_data = .)
 *(SORT_BY_NAME(.log_const_data*))
                [!provide]                PROVIDE (__stop_log_const_data = .)

.log_backends   0x000292f0        0x0
                [!provide]                PROVIDE (__start_log_backends = .)
 *(SORT_BY_NAME(.log_backends*))
                [!provide]                PROVIDE (__stop_log_backends = .)

.cli_command    0x000292f0        0x0
                [!provide]                PROVIDE (__start_cli_command = .)
 *(.cli_command)
                [!provide]                PROVIDE (__stop_cli_command = .)

.pwr_mgmt_data  0x000292f0        0x0
                [!provide]                PROVIDE (__start_pwr_mgmt_data = .)
 *(SORT_BY_NAME(.pwr_mgmt_data*))
                [!provide]                PROVIDE (__stop_pwr_mgmt_data = .)

.nrf_balloc     0x000292f0        0x0
                [!provide]                PROVIDE (__start_nrf_balloc = .)
 *(.nrf_balloc)
                [!provide]                PROVIDE (__stop_nrf_balloc = .)

.ARM.extab      0x000292f0       0x18
 *(.ARM.extab* .gnu.linkonce.armextab.*)
 .ARM.extab     0x000292f0       0x18 c:/program files (x86)/gnu tools arm embedded/7 2018-q2-update/bin/../lib/gcc/arm-none-eabi/7.3.1/thumb/v7e-m/fpv4-sp/hard\libgcc.a(pr-support.o)
                0x00029308                __exidx_start = .

.ARM.exidx      0x00029308       0xd0
 *(.ARM.exidx* .gnu.linkonce.armexidx.*)
 .ARM.exidx     0x00029308        0x8 c:/program files (x86)/gnu tools arm embedded/7 2018-q2-update/bin/../lib/gcc/arm-none-eabi/7.3.1/../../../../arm-none-eabi/lib/thumb/v7e-m/fpv4-sp/hard/crt0.o
 .ARM.exidx.text.startup.main
                0x00029310        0x8 _build/nrf52840_xxaa/main.cpp.o
 .ARM.exidx.text._Z24led_toggle_task_functionPv
                0x00029318        0x0 _build/nrf52840_xxaa/task_led.cpp.o
                                  0x8 (size before relaxing)
 .ARM.exidx.text._Z19freeRTOS_StartTasksv
                0x00029318       0x10 _build/nrf52840_xxaa/freeRTOS_tasks.cpp.o
                                  0x8 (size before relaxing)
 .ARM.exidx     0x00029328       0x78 c:/program files (x86)/gnu tools arm embedded/7 2018-q2-update/bin/../lib/gcc/arm-none-eabi/7.3.1/thumb/v7e-m/fpv4-sp/hard\libgcc.a(unwind-arm.o)
                                 0xd8 (size before relaxing)
 .ARM.exidx     0x000293a0       0x38 c:/program files (x86)/gnu tools arm embedded/7 2018-q2-update/bin/../lib/gcc/arm-none-eabi/7.3.1/thumb/v7e-m/fpv4-sp/hard\libgcc.a(pr-support.o)
                                 0x48 (size before relaxing)
                0x000293d8                __exidx_end = .
                0x000293d8                __etext = .

.rel.dyn        0x000293d8        0x0
 .rel.iplt      0x000293d8        0x0 c:/program files (x86)/gnu tools arm embedded/7 2018-q2-update/bin/../lib/gcc/arm-none-eabi/7.3.1/thumb/v7e-m/fpv4-sp/hard/crtbegin.o

.data           0x200022e0       0x70 load address 0x000293d8
                0x200022e0                __data_start__ = .
 *(vtable)
 *(.data*)
 .data.SystemCoreClock
                0x200022e0        0x4 _build/nrf52840_xxaa/system_nrf52840.c.o
                0x200022e0                SystemCoreClock
 .data._impure_ptr
                0x200022e4        0x4 c:/program files (x86)/gnu tools arm embedded/7 2018-q2-update/bin/../lib/gcc/arm-none-eabi/7.3.1/../../../../arm-none-eabi/lib/thumb/v7e-m/fpv4-sp/hard\libc_nano.a(lib_a-impure.o)
                0x200022e4                _impure_ptr
 .data.impure_data
                0x200022e8       0x60 c:/program files (x86)/gnu tools arm embedded/7 2018-q2-update/bin/../lib/gcc/arm-none-eabi/7.3.1/../../../../arm-none-eabi/lib/thumb/v7e-m/fpv4-sp/hard\libc_nano.a(lib_a-impure.o)
                0x20002348                . = ALIGN (0x4)
                0x20002348                PROVIDE (__preinit_array_start = .)
 *(.preinit_array)
                0x20002348                PROVIDE (__preinit_array_end = .)
                0x20002348                . = ALIGN (0x4)
                0x20002348                PROVIDE (__init_array_start = .)
 *(SORT_BY_NAME(.init_array.*))
 *(.init_array)
 .init_array    0x20002348        0x4 c:/program files (x86)/gnu tools arm embedded/7 2018-q2-update/bin/../lib/gcc/arm-none-eabi/7.3.1/thumb/v7e-m/fpv4-sp/hard/crtbegin.o
                0x2000234c                PROVIDE (__init_array_end = .)
                0x2000234c                . = ALIGN (0x4)
                [!provide]                PROVIDE (__fini_array_start = .)
 *(SORT_BY_NAME(.fini_array.*))
 *(.fini_array)
 .fini_array    0x2000234c        0x4 c:/program files (x86)/gnu tools arm embedded/7 2018-q2-update/bin/../lib/gcc/arm-none-eabi/7.3.1/thumb/v7e-m/fpv4-sp/hard/crtbegin.o
                [!provide]                PROVIDE (__fini_array_end = .)
 *(.jcr*)
                0x20002350                . = ALIGN (0x4)
                0x20002350                __data_end__ = .
LOAD c:/program files (x86)/gnu tools arm embedded/7 2018-q2-update/bin/../lib/gcc/arm-none-eabi/7.3.1/thumb/v7e-m/fpv4-sp/hard/crti.o
LOAD c:/program files (x86)/gnu tools arm embedded/7 2018-q2-update/bin/../lib/gcc/arm-none-eabi/7.3.1/thumb/v7e-m/fpv4-sp/hard/crtbegin.o
LOAD c:/program files (x86)/gnu tools arm embedded/7 2018-q2-update/bin/../lib/gcc/arm-none-eabi/7.3.1/../../../../arm-none-eabi/lib/thumb/v7e-m/fpv4-sp/hard/crt0.o
LOAD _build/nrf52840_xxaa/gcc_startup_nrf52840.S.o
LOAD _build/nrf52840_xxaa/nrf_log_frontend.c.o
LOAD _build/nrf52840_xxaa/nrf_log_str_formatter.c.o
LOAD _build/nrf52840_xxaa/boards.c.o
LOAD _build/nrf52840_xxaa/croutine.c.o
LOAD _build/nrf52840_xxaa/event_groups.c.o
LOAD _build/nrf52840_xxaa/heap_1.c.o
LOAD _build/nrf52840_xxaa/list.c.o
LOAD _build/nrf52840_xxaa/port.c.o
LOAD _build/nrf52840_xxaa/port_cmsis.c.o
LOAD _build/nrf52840_xxaa/port_cmsis_systick.c.o
LOAD _build/nrf52840_xxaa/queue.c.o
LOAD _build/nrf52840_xxaa/stream_buffer.c.o
LOAD _build/nrf52840_xxaa/tasks.c.o
LOAD _build/nrf52840_xxaa/timers.c.o
LOAD _build/nrf52840_xxaa/app_timer_freertos.c.o
LOAD _build/nrf52840_xxaa/app_error.c.o
LOAD _build/nrf52840_xxaa/app_error_handler_gcc.c.o
LOAD _build/nrf52840_xxaa/app_error_weak.c.o
LOAD _build/nrf52840_xxaa/app_util_platform.c.o
LOAD _build/nrf52840_xxaa/nrf_assert.c.o
LOAD _build/nrf52840_xxaa/nrf_atomic.c.o
LOAD _build/nrf52840_xxaa/nrf_balloc.c.o
LOAD _build/nrf52840_xxaa/nrf_fprintf.c.o
LOAD _build/nrf52840_xxaa/nrf_fprintf_format.c.o
LOAD _build/nrf52840_xxaa/nrf_drv_clock.c.o
LOAD _build/nrf52840_xxaa/nrfx_clock.c.o
LOAD _build/nrf52840_xxaa/nrf_memobj.c.o
LOAD _build/nrf52840_xxaa/nrf_ringbuf.c.o
LOAD _build/nrf52840_xxaa/nrf_strerror.c.o
LOAD _build/nrf52840_xxaa/nrfx_atomic.c.o
LOAD _build/nrf52840_xxaa/main.cpp.o
LOAD _build/nrf52840_xxaa/task_led.cpp.o
LOAD _build/nrf52840_xxaa/freeRTOS_tasks.cpp.o
LOAD _build/nrf52840_xxaa/system_nrf52840.c.o
LOAD c:/program files (x86)/gnu tools arm embedded/7 2018-q2-update/bin/../lib/gcc/arm-none-eabi/7.3.1/../../../../arm-none-eabi/lib/thumb/v7e-m/fpv4-sp/hard\libc_nano.a
LOAD c:/program files (x86)/gnu tools arm embedded/7 2018-q2-update/bin/../lib/gcc/arm-none-eabi/7.3.1/../../../../arm-none-eabi/lib/thumb/v7e-m/fpv4-sp/hard\libnosys.a
LOAD c:/program files (x86)/gnu tools arm embedded/7 2018-q2-update/bin/../lib/gcc/arm-none-eabi/7.3.1/../../../../arm-none-eabi/lib/thumb/v7e-m/fpv4-sp/hard\libm.a
START GROUP
LOAD c:/program files (x86)/gnu tools arm embedded/7 2018-q2-update/bin/../lib/gcc/arm-none-eabi/7.3.1/thumb/v7e-m/fpv4-sp/hard\libgcc.a
LOAD c:/program files (x86)/gnu tools arm embedded/7 2018-q2-update/bin/../lib/gcc/arm-none-eabi/7.3.1/../../../../arm-none-eabi/lib/thumb/v7e-m/fpv4-sp/hard\libg_nano.a
LOAD c:/program files (x86)/gnu tools arm embedded/7 2018-q2-update/bin/../lib/gcc/arm-none-eabi/7.3.1/../../../../arm-none-eabi/lib/thumb/v7e-m/fpv4-sp/hard\libc_nano.a
END GROUP
START GROUP
LOAD c:/program files (x86)/gnu tools arm embedded/7 2018-q2-update/bin/../lib/gcc/arm-none-eabi/7.3.1/thumb/v7e-m/fpv4-sp/hard\libgcc.a
LOAD c:/program files (x86)/gnu tools arm embedded/7 2018-q2-update/bin/../lib/gcc/arm-none-eabi/7.3.1/../../../../arm-none-eabi/lib/thumb/v7e-m/fpv4-sp/hard\libc_nano.a
END GROUP
LOAD c:/program files (x86)/gnu tools arm embedded/7 2018-q2-update/bin/../lib/gcc/arm-none-eabi/7.3.1/thumb/v7e-m/fpv4-sp/hard/crtend.o
LOAD c:/program files (x86)/gnu tools arm embedded/7 2018-q2-update/bin/../lib/gcc/arm-none-eabi/7.3.1/thumb/v7e-m/fpv4-sp/hard/crtn.o
START GROUP
LOAD c:/program files (x86)/gnu tools arm embedded/7 2018-q2-update/bin/../lib/gcc/arm-none-eabi/7.3.1/thumb/v7e-m/fpv4-sp/hard\libgcc.a
LOAD c:/program files (x86)/gnu tools arm embedded/7 2018-q2-update/bin/../lib/gcc/arm-none-eabi/7.3.1/../../../../arm-none-eabi/lib/thumb/v7e-m/fpv4-sp/hard\libc.a
LOAD c:/program files (x86)/gnu tools arm embedded/7 2018-q2-update/bin/../lib/gcc/arm-none-eabi/7.3.1/../../../../arm-none-eabi/lib/thumb/v7e-m/fpv4-sp/hard\libnosys.a
END GROUP

.igot.plt       0x20002350        0x0 load address 0x00029448
 .igot.plt      0x20002350        0x0 c:/program files (x86)/gnu tools arm embedded/7 2018-q2-update/bin/../lib/gcc/arm-none-eabi/7.3.1/thumb/v7e-m/fpv4-sp/hard/crtbegin.o
                0x20002350                . = ALIGN (0x4)

.mem_section_dummy_ram

.log_dynamic_data
                0x20002350        0x0
                [!provide]                PROVIDE (__start_log_dynamic_data = .)
 *(SORT_BY_NAME(.log_dynamic_data*))
                [!provide]                PROVIDE (__stop_log_dynamic_data = .)

.log_filter_data
                0x20002350        0x0
                [!provide]                PROVIDE (__start_log_filter_data = .)
 *(SORT_BY_NAME(.log_filter_data*))
                [!provide]                PROVIDE (__stop_log_filter_data = .)

.cli_sorted_cmd_ptrs
                0x20002350        0x0
                [!provide]                PROVIDE (__start_cli_sorted_cmd_ptrs = .)
 *(.cli_sorted_cmd_ptrs)
                [!provide]                PROVIDE (__stop_cli_sorted_cmd_ptrs = .)

.bss            0x20002350     0x8178 load address 0x00029448
                0x20002350                . = ALIGN (0x4)
                0x20002350                __bss_start__ = .
 *(.bss*)
 .bss           0x20002350       0x1c c:/program files (x86)/gnu tools arm embedded/7 2018-q2-update/bin/../lib/gcc/arm-none-eabi/7.3.1/thumb/v7e-m/fpv4-sp/hard/crtbegin.o
 .bss.pucAlignedHeap.8704
                0x2000236c        0x4 _build/nrf52840_xxaa/heap_1.c.o
 .bss.ucHeap    0x20002370     0x7fff _build/nrf52840_xxaa/heap_1.c.o
 *fill*         0x2000a36f        0x1 
 .bss.xNextFreeByte
                0x2000a370        0x4 _build/nrf52840_xxaa/heap_1.c.o
 .bss.uxCriticalNesting
                0x2000a374        0x4 _build/nrf52840_xxaa/port_cmsis.c.o
 .bss.pxCurrentTCB
                0x2000a378        0x4 _build/nrf52840_xxaa/tasks.c.o
                0x2000a378                pxCurrentTCB
 .bss.pxDelayedTaskList
                0x2000a37c        0x4 _build/nrf52840_xxaa/tasks.c.o
 .bss.pxOverflowDelayedTaskList
                0x2000a380        0x4 _build/nrf52840_xxaa/tasks.c.o
 .bss.pxReadyTasksLists
                0x2000a384       0x3c _build/nrf52840_xxaa/tasks.c.o
 .bss.uxCurrentNumberOfTasks
                0x2000a3c0        0x4 _build/nrf52840_xxaa/tasks.c.o
 .bss.uxDeletedTasksWaitingCleanUp
                0x2000a3c4        0x4 _build/nrf52840_xxaa/tasks.c.o
 .bss.uxPendedTicks
                0x2000a3c8        0x4 _build/nrf52840_xxaa/tasks.c.o
 .bss.uxSchedulerSuspended
                0x2000a3cc        0x4 _build/nrf52840_xxaa/tasks.c.o
 .bss.uxTaskNumber
                0x2000a3d0        0x4 _build/nrf52840_xxaa/tasks.c.o
 .bss.uxTopReadyPriority
                0x2000a3d4        0x4 _build/nrf52840_xxaa/tasks.c.o
 .bss.xDelayedTaskList1
                0x2000a3d8       0x14 _build/nrf52840_xxaa/tasks.c.o
 .bss.xDelayedTaskList2
                0x2000a3ec       0x14 _build/nrf52840_xxaa/tasks.c.o
 .bss.xIdleTaskHandle
                0x2000a400        0x4 _build/nrf52840_xxaa/tasks.c.o
 .bss.xNextTaskUnblockTime
                0x2000a404        0x4 _build/nrf52840_xxaa/tasks.c.o
 .bss.xNumOfOverflows
                0x2000a408        0x4 _build/nrf52840_xxaa/tasks.c.o
 .bss.xPendingReadyList
                0x2000a40c       0x14 _build/nrf52840_xxaa/tasks.c.o
 .bss.xSchedulerRunning
                0x2000a420        0x4 _build/nrf52840_xxaa/tasks.c.o
 .bss.xSuspendedTaskList
                0x2000a424       0x14 _build/nrf52840_xxaa/tasks.c.o
 .bss.xTasksWaitingTermination
                0x2000a438       0x14 _build/nrf52840_xxaa/tasks.c.o
 .bss.xTickCount
                0x2000a44c        0x4 _build/nrf52840_xxaa/tasks.c.o
 .bss.xYieldPending
                0x2000a450        0x4 _build/nrf52840_xxaa/tasks.c.o
 .bss.pxCurrentTimerList
                0x2000a454        0x4 _build/nrf52840_xxaa/timers.c.o
 .bss.pxOverflowTimerList
                0x2000a458        0x4 _build/nrf52840_xxaa/timers.c.o
 .bss.xActiveTimerList1
                0x2000a45c       0x14 _build/nrf52840_xxaa/timers.c.o
 .bss.xActiveTimerList2
                0x2000a470       0x14 _build/nrf52840_xxaa/timers.c.o
 .bss.xLastTime.8996
                0x2000a484        0x4 _build/nrf52840_xxaa/timers.c.o
 .bss.xTimerQueue
                0x2000a488        0x4 _build/nrf52840_xxaa/timers.c.o
 .bss.xTimerTaskHandle
                0x2000a48c        0x4 _build/nrf52840_xxaa/timers.c.o
 .bss.m_in_critical_region
                0x2000a490        0x4 _build/nrf52840_xxaa/app_util_platform.c.o
 .bss.m_clock_cb
                0x2000a494       0x14 _build/nrf52840_xxaa/nrf_drv_clock.c.o
 .bss.m_clock_cb
                0x2000a4a8        0x8 _build/nrf52840_xxaa/nrfx_clock.c.o
 .bss.led_toggle_task_handle
                0x2000a4b0        0x4 _build/nrf52840_xxaa/freeRTOS_tasks.cpp.o
                0x2000a4b0                led_toggle_task_handle
 *(COMMON)
 COMMON         0x2000a4b4       0x10 _build/nrf52840_xxaa/queue.c.o
                0x2000a4b4                xQueueRegistry
 COMMON         0x2000a4c4        0x4 c:/program files (x86)/gnu tools arm embedded/7 2018-q2-update/bin/../lib/gcc/arm-none-eabi/7.3.1/../../../../arm-none-eabi/lib/thumb/v7e-m/fpv4-sp/hard\libg_nano.a(lib_a-reent.o)
                0x2000a4c4                errno
                0x2000a4c8                . = ALIGN (0x4)
                0x2000a4c8                __bss_end__ = .

.heap           0x2000a4c8     0x2000
                0x2000a4c8                __HeapBase = .
                0x2000a4c8                __end__ = .
                0x2000a4c8                PROVIDE (end = .)
 *(.heap*)
 .heap          0x2000a4c8     0x2000 _build/nrf52840_xxaa/gcc_startup_nrf52840.S.o
                0x2000c4c8                __HeapLimit = .

.stack_dummy    0x2000a4c8     0x2000
 *(.stack*)
 .stack         0x2000a4c8     0x2000 _build/nrf52840_xxaa/gcc_startup_nrf52840.S.o
                0x20040000                __StackTop = (ORIGIN (RAM) + LENGTH (RAM))
                0x2003e000                __StackLimit = (__StackTop - SIZEOF (.stack_dummy))
                0x20040000                PROVIDE (__stack = __StackTop)
                0x00000001                ASSERT ((__StackLimit >= __HeapLimit), region RAM overflowed with stack)
                0x00000070                DataInitFlashUsed = (__bss_start__ - __data_start__)
                0x000033d8                CodeFlashUsed = (__etext - ORIGIN (FLASH))
                0x00003448                TotalFlashUsed = (CodeFlashUsed + DataInitFlashUsed)
                0x00000001                ASSERT ((TotalFlashUsed <= LENGTH (FLASH)), region FLASH overflowed with .data and user data)
OUTPUT(_build/nrf52840_xxaa.out elf32-littlearm)

.ARM.attributes
                0x00000000       0x30
 .ARM.attributes
                0x00000000       0x22 c:/program files (x86)/gnu tools arm embedded/7 2018-q2-update/bin/../lib/gcc/arm-none-eabi/7.3.1/thumb/v7e-m/fpv4-sp/hard/crti.o
 .ARM.attributes
                0x00000022       0x34 c:/program files (x86)/gnu tools arm embedded/7 2018-q2-update/bin/../lib/gcc/arm-none-eabi/7.3.1/thumb/v7e-m/fpv4-sp/hard/crtbegin.o
 .ARM.attributes
                0x00000056       0x20 c:/program files (x86)/gnu tools arm embedded/7 2018-q2-update/bin/../lib/gcc/arm-none-eabi/7.3.1/../../../../arm-none-eabi/lib/thumb/v7e-m/fpv4-sp/hard/crt0.o
 .ARM.attributes
                0x00000076       0x20 _build/nrf52840_xxaa/gcc_startup_nrf52840.S.o
 .ARM.attributes
                0x00000096       0x39 _build/nrf52840_xxaa/boards.c.o
 .ARM.attributes
                0x000000cf       0x39 _build/nrf52840_xxaa/heap_1.c.o
 .ARM.attributes
                0x00000108       0x39 _build/nrf52840_xxaa/list.c.o
 .ARM.attributes
                0x00000141       0x39 _build/nrf52840_xxaa/port.c.o
 .ARM.attributes
                0x0000017a       0x39 _build/nrf52840_xxaa/port_cmsis.c.o
 .ARM.attributes
                0x000001b3       0x39 _build/nrf52840_xxaa/port_cmsis_systick.c.o
 .ARM.attributes
                0x000001ec       0x39 _build/nrf52840_xxaa/queue.c.o
 .ARM.attributes
                0x00000225       0x39 _build/nrf52840_xxaa/tasks.c.o
 .ARM.attributes
                0x0000025e       0x39 _build/nrf52840_xxaa/timers.c.o
 .ARM.attributes
                0x00000297       0x39 _build/nrf52840_xxaa/app_util_platform.c.o
 .ARM.attributes
                0x000002d0       0x39 _build/nrf52840_xxaa/nrf_drv_clock.c.o
 .ARM.attributes
                0x00000309       0x39 _build/nrf52840_xxaa/nrfx_clock.c.o
 .ARM.attributes
                0x00000342       0x39 _build/nrf52840_xxaa/main.cpp.o
 .ARM.attributes
                0x0000037b       0x39 _build/nrf52840_xxaa/task_led.cpp.o
 .ARM.attributes
                0x000003b4       0x39 _build/nrf52840_xxaa/freeRTOS_tasks.cpp.o
 .ARM.attributes
                0x000003ed       0x39 _build/nrf52840_xxaa/system_nrf52840.c.o
 .ARM.attributes
                0x00000426       0x34 c:/program files (x86)/gnu tools arm embedded/7 2018-q2-update/bin/../lib/gcc/arm-none-eabi/7.3.1/../../../../arm-none-eabi/lib/thumb/v7e-m/fpv4-sp/hard\libc_nano.a(lib_a-exit.o)
 .ARM.attributes
                0x0000045a       0x34 c:/program files (x86)/gnu tools arm embedded/7 2018-q2-update/bin/../lib/gcc/arm-none-eabi/7.3.1/../../../../arm-none-eabi/lib/thumb/v7e-m/fpv4-sp/hard\libc_nano.a(lib_a-impure.o)
 .ARM.attributes
                0x0000048e       0x34 c:/program files (x86)/gnu tools arm embedded/7 2018-q2-update/bin/../lib/gcc/arm-none-eabi/7.3.1/../../../../arm-none-eabi/lib/thumb/v7e-m/fpv4-sp/hard\libc_nano.a(lib_a-init.o)
 .ARM.attributes
                0x000004c2       0x34 c:/program files (x86)/gnu tools arm embedded/7 2018-q2-update/bin/../lib/gcc/arm-none-eabi/7.3.1/../../../../arm-none-eabi/lib/thumb/v7e-m/fpv4-sp/hard\libc_nano.a(lib_a-memcpy-stub.o)
 .ARM.attributes
                0x000004f6       0x34 c:/program files (x86)/gnu tools arm embedded/7 2018-q2-update/bin/../lib/gcc/arm-none-eabi/7.3.1/../../../../arm-none-eabi/lib/thumb/v7e-m/fpv4-sp/hard\libc_nano.a(lib_a-memset.o)
 .ARM.attributes
                0x0000052a       0x34 c:/program files (x86)/gnu tools arm embedded/7 2018-q2-update/bin/../lib/gcc/arm-none-eabi/7.3.1/../../../../arm-none-eabi/lib/thumb/v7e-m/fpv4-sp/hard\libnosys.a(_exit.o)
 .ARM.attributes
                0x0000055e       0x34 c:/program files (x86)/gnu tools arm embedded/7 2018-q2-update/bin/../lib/gcc/arm-none-eabi/7.3.1/thumb/v7e-m/fpv4-sp/hard/crtend.o
 .ARM.attributes
                0x00000592       0x22 c:/program files (x86)/gnu tools arm embedded/7 2018-q2-update/bin/../lib/gcc/arm-none-eabi/7.3.1/thumb/v7e-m/fpv4-sp/hard/crtn.o

.comment        0x00000000       0x7f
 .comment       0x00000000       0x7f _build/nrf52840_xxaa/boards.c.o
                                 0x80 (size before relaxing)
 .comment       0x0000007f       0x80 _build/nrf52840_xxaa/heap_1.c.o
 .comment       0x0000007f       0x80 _build/nrf52840_xxaa/list.c.o
 .comment       0x0000007f       0x80 _build/nrf52840_xxaa/port.c.o
 .comment       0x0000007f       0x80 _build/nrf52840_xxaa/port_cmsis.c.o
 .comment       0x0000007f       0x80 _build/nrf52840_xxaa/port_cmsis_systick.c.o
 .comment       0x0000007f       0x80 _build/nrf52840_xxaa/queue.c.o
 .comment       0x0000007f       0x80 _build/nrf52840_xxaa/tasks.c.o
 .comment       0x0000007f       0x80 _build/nrf52840_xxaa/timers.c.o
 .comment       0x0000007f       0x80 _build/nrf52840_xxaa/app_util_platform.c.o
 .comment       0x0000007f       0x80 _build/nrf52840_xxaa/nrf_drv_clock.c.o
 .comment       0x0000007f       0x80 _build/nrf52840_xxaa/nrfx_clock.c.o
 .comment       0x0000007f       0x80 _build/nrf52840_xxaa/main.cpp.o
 .comment       0x0000007f       0x80 _build/nrf52840_xxaa/task_led.cpp.o
 .comment       0x0000007f       0x80 _build/nrf52840_xxaa/freeRTOS_tasks.cpp.o
 .comment       0x0000007f       0x80 _build/nrf52840_xxaa/system_nrf52840.c.o

.debug_line     0x00000000     0xa43b
 .debug_line    0x00000000       0x9d _build/nrf52840_xxaa/gcc_startup_nrf52840.S.o
 .debug_line    0x0000009d      0x9ae _build/nrf52840_xxaa/boards.c.o
 .debug_line    0x00000a4b      0x799 _build/nrf52840_xxaa/heap_1.c.o
 .debug_line    0x000011e4      0x79e _build/nrf52840_xxaa/list.c.o
 .debug_line    0x00001982      0x6fb _build/nrf52840_xxaa/port.c.o
 .debug_line    0x0000207d      0x785 _build/nrf52840_xxaa/port_cmsis.c.o
 .debug_line    0x00002802      0xb43 _build/nrf52840_xxaa/port_cmsis_systick.c.o
 .debug_line    0x00003345     0x102b _build/nrf52840_xxaa/queue.c.o
 .debug_line    0x00004370     0x13bc _build/nrf52840_xxaa/tasks.c.o
 .debug_line    0x0000572c      0x9e2 _build/nrf52840_xxaa/timers.c.o
 .debug_line    0x0000610e      0x5fe _build/nrf52840_xxaa/app_util_platform.c.o
 .debug_line    0x0000670c      0xb51 _build/nrf52840_xxaa/nrf_drv_clock.c.o
 .debug_line    0x0000725d      0xc15 _build/nrf52840_xxaa/nrfx_clock.c.o
 .debug_line    0x00007e72      0xb7a _build/nrf52840_xxaa/main.cpp.o
 .debug_line    0x000089ec      0xb03 _build/nrf52840_xxaa/task_led.cpp.o
 .debug_line    0x000094ef      0xb0f _build/nrf52840_xxaa/freeRTOS_tasks.cpp.o
 .debug_line    0x00009ffe      0x43d _build/nrf52840_xxaa/system_nrf52840.c.o

.debug_info     0x00000000    0x16908
 .debug_info    0x00000000       0x26 _build/nrf52840_xxaa/gcc_startup_nrf52840.S.o
 .debug_info    0x00000026     0x1d61 _build/nrf52840_xxaa/boards.c.o
 .debug_info    0x00001d87      0xa24 _build/nrf52840_xxaa/heap_1.c.o
 .debug_info    0x000027ab      0xb13 _build/nrf52840_xxaa/list.c.o
 .debug_info    0x000032be      0x939 _build/nrf52840_xxaa/port.c.o
 .debug_info    0x00003bf7     0x10af _build/nrf52840_xxaa/port_cmsis.c.o
 .debug_info    0x00004ca6     0x179c _build/nrf52840_xxaa/port_cmsis_systick.c.o
 .debug_info    0x00006442     0x3269 _build/nrf52840_xxaa/queue.c.o
 .debug_info    0x000096ab     0x3772 _build/nrf52840_xxaa/tasks.c.o
 .debug_info    0x0000ce1d     0x1eb0 _build/nrf52840_xxaa/timers.c.o
 .debug_info    0x0000eccd      0xfca _build/nrf52840_xxaa/app_util_platform.c.o
 .debug_info    0x0000fc97     0x1585 _build/nrf52840_xxaa/nrf_drv_clock.c.o
 .debug_info    0x0001121c     0x1a28 _build/nrf52840_xxaa/nrfx_clock.c.o
 .debug_info    0x00012c44     0x11ef _build/nrf52840_xxaa/main.cpp.o
 .debug_info    0x00013e33      0x98a _build/nrf52840_xxaa/task_led.cpp.o
 .debug_info    0x000147bd      0xde1 _build/nrf52840_xxaa/freeRTOS_tasks.cpp.o
 .debug_info    0x0001559e     0x136a _build/nrf52840_xxaa/system_nrf52840.c.o

.debug_abbrev   0x00000000     0x345c
 .debug_abbrev  0x00000000       0x14 _build/nrf52840_xxaa/gcc_startup_nrf52840.S.o
 .debug_abbrev  0x00000014      0x416 _build/nrf52840_xxaa/boards.c.o
 .debug_abbrev  0x0000042a      0x262 _build/nrf52840_xxaa/heap_1.c.o
 .debug_abbrev  0x0000068c      0x223 _build/nrf52840_xxaa/list.c.o
 .debug_abbrev  0x000008af      0x1b1 _build/nrf52840_xxaa/port.c.o
 .debug_abbrev  0x00000a60      0x36d _build/nrf52840_xxaa/port_cmsis.c.o
 .debug_abbrev  0x00000dcd      0x3cf _build/nrf52840_xxaa/port_cmsis_systick.c.o
 .debug_abbrev  0x0000119c      0x468 _build/nrf52840_xxaa/queue.c.o
 .debug_abbrev  0x00001604      0x512 _build/nrf52840_xxaa/tasks.c.o
 .debug_abbrev  0x00001b16      0x3fa _build/nrf52840_xxaa/timers.c.o
 .debug_abbrev  0x00001f10      0x326 _build/nrf52840_xxaa/app_util_platform.c.o
 .debug_abbrev  0x00002236      0x4a3 _build/nrf52840_xxaa/nrf_drv_clock.c.o
 .debug_abbrev  0x000026d9      0x4a7 _build/nrf52840_xxaa/nrfx_clock.c.o
 .debug_abbrev  0x00002b80      0x2ac _build/nrf52840_xxaa/main.cpp.o
 .debug_abbrev  0x00002e2c      0x21a _build/nrf52840_xxaa/task_led.cpp.o
 .debug_abbrev  0x00003046      0x22b _build/nrf52840_xxaa/freeRTOS_tasks.cpp.o
 .debug_abbrev  0x00003271      0x1eb _build/nrf52840_xxaa/system_nrf52840.c.o

.debug_aranges  0x00000000      0x668
 .debug_aranges
                0x00000000       0x20 _build/nrf52840_xxaa/gcc_startup_nrf52840.S.o
 .debug_aranges
                0x00000020       0x78 _build/nrf52840_xxaa/boards.c.o
 .debug_aranges
                0x00000098       0x38 _build/nrf52840_xxaa/heap_1.c.o
 .debug_aranges
                0x000000d0       0x40 _build/nrf52840_xxaa/list.c.o
 .debug_aranges
                0x00000110       0x30 _build/nrf52840_xxaa/port.c.o
 .debug_aranges
                0x00000140       0x48 _build/nrf52840_xxaa/port_cmsis.c.o
 .debug_aranges
                0x00000188       0x30 _build/nrf52840_xxaa/port_cmsis_systick.c.o
 .debug_aranges
                0x000001b8       0xd8 _build/nrf52840_xxaa/queue.c.o
 .debug_aranges
                0x00000290      0x190 _build/nrf52840_xxaa/tasks.c.o
 .debug_aranges
                0x00000420       0x80 _build/nrf52840_xxaa/timers.c.o
 .debug_aranges
                0x000004a0       0x48 _build/nrf52840_xxaa/app_util_platform.c.o
 .debug_aranges
                0x000004e8       0x80 _build/nrf52840_xxaa/nrf_drv_clock.c.o
 .debug_aranges
                0x00000568       0x78 _build/nrf52840_xxaa/nrfx_clock.c.o
 .debug_aranges
                0x000005e0       0x20 _build/nrf52840_xxaa/main.cpp.o
 .debug_aranges
                0x00000600       0x20 _build/nrf52840_xxaa/task_led.cpp.o
 .debug_aranges
                0x00000620       0x20 _build/nrf52840_xxaa/freeRTOS_tasks.cpp.o
 .debug_aranges
                0x00000640       0x28 _build/nrf52840_xxaa/system_nrf52840.c.o

.debug_str      0x00000000    0x91b67
 .debug_str     0x00000000       0x88 _build/nrf52840_xxaa/gcc_startup_nrf52840.S.o
 .debug_str     0x00000088    0x842e6 _build/nrf52840_xxaa/boards.c.o
                              0x85785 (size before relaxing)
 .debug_str     0x0008436e     0x3d9a _build/nrf52840_xxaa/heap_1.c.o
                              0x8378e (size before relaxing)
 .debug_str     0x00088108      0x168 _build/nrf52840_xxaa/list.c.o
                              0x831ca (size before relaxing)
 .debug_str     0x00088270       0x66 _build/nrf52840_xxaa/port.c.o
                              0x835dc (size before relaxing)
 .debug_str     0x000882d6      0x4de _build/nrf52840_xxaa/port_cmsis.c.o
                              0x83c07 (size before relaxing)
 .debug_str     0x000887b4      0x774 _build/nrf52840_xxaa/port_cmsis_systick.c.o
                              0x88aa5 (size before relaxing)
 .debug_str     0x00088f28     0x102e _build/nrf52840_xxaa/queue.c.o
                              0x848cc (size before relaxing)
 .debug_str     0x00089f56     0x198d _build/nrf52840_xxaa/tasks.c.o
                              0x85567 (size before relaxing)
 .debug_str     0x0008b8e3      0x4fd _build/nrf52840_xxaa/timers.c.o
                              0x84d61 (size before relaxing)
 .debug_str     0x0008bde0      0x204 _build/nrf52840_xxaa/app_util_platform.c.o
                              0x7869e (size before relaxing)
 .debug_str     0x0008bfe4     0x350d _build/nrf52840_xxaa/nrf_drv_clock.c.o
                              0x87abe (size before relaxing)
 .debug_str     0x0008f4f1      0x796 _build/nrf52840_xxaa/nrfx_clock.c.o
                              0x88121 (size before relaxing)
 .debug_str     0x0008fc87     0x1748 _build/nrf52840_xxaa/main.cpp.o
                              0x8a996 (size before relaxing)
 .debug_str     0x000913cf       0x69 _build/nrf52840_xxaa/task_led.cpp.o
                              0x8a5cb (size before relaxing)
 .debug_str     0x00091438      0x481 _build/nrf52840_xxaa/freeRTOS_tasks.cpp.o
                              0x8ac03 (size before relaxing)
 .debug_str     0x000918b9      0x2ae _build/nrf52840_xxaa/system_nrf52840.c.o
                              0x73b4d (size before relaxing)

.debug_loc      0x00000000     0x63c8
 .debug_loc     0x00000000      0x881 _build/nrf52840_xxaa/boards.c.o
 .debug_loc     0x00000881       0xf0 _build/nrf52840_xxaa/heap_1.c.o
 .debug_loc     0x00000971       0x70 _build/nrf52840_xxaa/list.c.o
 .debug_loc     0x000009e1       0xa5 _build/nrf52840_xxaa/port_cmsis.c.o
 .debug_loc     0x00000a86      0x537 _build/nrf52840_xxaa/port_cmsis_systick.c.o
 .debug_loc     0x00000fbd     0x1c0e _build/nrf52840_xxaa/queue.c.o
 .debug_loc     0x00002bcb     0x23ad _build/nrf52840_xxaa/tasks.c.o
 .debug_loc     0x00004f78      0xeb1 _build/nrf52840_xxaa/timers.c.o
 .debug_loc     0x00005e29       0xc3 _build/nrf52840_xxaa/app_util_platform.c.o
 .debug_loc     0x00005eec      0x2b5 _build/nrf52840_xxaa/nrf_drv_clock.c.o
 .debug_loc     0x000061a1      0x1bc _build/nrf52840_xxaa/nrfx_clock.c.o
 .debug_loc     0x0000635d       0x20 _build/nrf52840_xxaa/main.cpp.o
 .debug_loc     0x0000637d       0x4b _build/nrf52840_xxaa/task_led.cpp.o

.debug_ranges   0x00000000     0x13a8
 .debug_ranges  0x00000000       0xd8 _build/nrf52840_xxaa/boards.c.o
 .debug_ranges  0x000000d8       0x28 _build/nrf52840_xxaa/heap_1.c.o
 .debug_ranges  0x00000100       0x30 _build/nrf52840_xxaa/list.c.o
 .debug_ranges  0x00000130       0x20 _build/nrf52840_xxaa/port.c.o
 .debug_ranges  0x00000150       0x50 _build/nrf52840_xxaa/port_cmsis.c.o
 .debug_ranges  0x000001a0      0x228 _build/nrf52840_xxaa/port_cmsis_systick.c.o
 .debug_ranges  0x000003c8      0x3c8 _build/nrf52840_xxaa/queue.c.o
 .debug_ranges  0x00000790      0x660 _build/nrf52840_xxaa/tasks.c.o
 .debug_ranges  0x00000df0      0x250 _build/nrf52840_xxaa/timers.c.o
 .debug_ranges  0x00001040       0x50 _build/nrf52840_xxaa/app_util_platform.c.o
 .debug_ranges  0x00001090       0xf0 _build/nrf52840_xxaa/nrf_drv_clock.c.o
 .debug_ranges  0x00001180      0x1b8 _build/nrf52840_xxaa/nrfx_clock.c.o
 .debug_ranges  0x00001338       0x10 _build/nrf52840_xxaa/main.cpp.o
 .debug_ranges  0x00001348       0x10 _build/nrf52840_xxaa/task_led.cpp.o
 .debug_ranges  0x00001358       0x10 _build/nrf52840_xxaa/freeRTOS_tasks.cpp.o
 .debug_ranges  0x00001368       0x40 _build/nrf52840_xxaa/system_nrf52840.c.o

.debug_macro    0x00000000     0x6cb1
 .debug_macro   0x00000000      0x33a _build/nrf52840_xxaa/boards.c.o
 .debug_macro   0x0000033a       0x26 _build/nrf52840_xxaa/boards.c.o
 .debug_macro   0x00000360      0x429 _build/nrf52840_xxaa/boards.c.o
 .debug_macro   0x00000789       0x52 _build/nrf52840_xxaa/boards.c.o
 .debug_macro   0x000007db       0xd5 _build/nrf52840_xxaa/boards.c.o
 .debug_macro   0x000008b0      0x14e _build/nrf52840_xxaa/boards.c.o
 .debug_macro   0x000009fe       0x3f _build/nrf52840_xxaa/boards.c.o
 .debug_macro   0x00000a3d       0x16 _build/nrf52840_xxaa/boards.c.o
 .debug_macro   0x00000a53       0x10 _build/nrf52840_xxaa/boards.c.o
 .debug_macro   0x00000a63       0x10 _build/nrf52840_xxaa/boards.c.o
 .debug_macro   0x00000a73       0xb6 _build/nrf52840_xxaa/boards.c.o
 .debug_macro   0x00000b29       0x16 _build/nrf52840_xxaa/boards.c.o
 .debug_macro   0x00000b3f      0x129 _build/nrf52840_xxaa/boards.c.o
 .debug_macro   0x00000c68       0x49 _build/nrf52840_xxaa/boards.c.o
 .debug_macro   0x00000cb1       0x8c _build/nrf52840_xxaa/boards.c.o
 .debug_macro   0x00000d3d       0x19 _build/nrf52840_xxaa/boards.c.o
 .debug_macro   0x00000d56       0x1d _build/nrf52840_xxaa/boards.c.o
 .debug_macro   0x00000d73       0x35 _build/nrf52840_xxaa/boards.c.o
 .debug_macro   0x00000da8       0x7b _build/nrf52840_xxaa/boards.c.o
 .debug_macro   0x00000e23       0x64 _build/nrf52840_xxaa/boards.c.o
 .debug_macro   0x00000e87       0x20 _build/nrf52840_xxaa/boards.c.o
 .debug_macro   0x00000ea7       0x16 _build/nrf52840_xxaa/boards.c.o
 .debug_macro   0x00000ebd       0x9a _build/nrf52840_xxaa/boards.c.o
 .debug_macro   0x00000f57      0x16d _build/nrf52840_xxaa/boards.c.o
 .debug_macro   0x000010c4      0x301 _build/nrf52840_xxaa/heap_1.c.o
 .debug_macro   0x000013c5      0x2e0 _build/nrf52840_xxaa/list.c.o
 .debug_macro   0x000016a5      0x2d0 _build/nrf52840_xxaa/port.c.o
 .debug_macro   0x00001975      0x2fa _build/nrf52840_xxaa/port_cmsis.c.o
 .debug_macro   0x00001c6f      0x3c5 _build/nrf52840_xxaa/port_cmsis_systick.c.o
 .debug_macro   0x00002034       0x45 _build/nrf52840_xxaa/port_cmsis_systick.c.o
 .debug_macro   0x00002079       0x28 _build/nrf52840_xxaa/port_cmsis_systick.c.o
 .debug_macro   0x000020a1       0x22 _build/nrf52840_xxaa/port_cmsis_systick.c.o
 .debug_macro   0x000020c3       0x10 _build/nrf52840_xxaa/port_cmsis_systick.c.o
 .debug_macro   0x000020d3      0x352 _build/nrf52840_xxaa/queue.c.o
 .debug_macro   0x00002425       0x16 _build/nrf52840_xxaa/queue.c.o
 .debug_macro   0x0000243b       0x86 _build/nrf52840_xxaa/queue.c.o
 .debug_macro   0x000024c1      0x3ba _build/nrf52840_xxaa/tasks.c.o
 .debug_macro   0x0000287b       0x10 _build/nrf52840_xxaa/tasks.c.o
 .debug_macro   0x0000288b      0x323 _build/nrf52840_xxaa/timers.c.o
 .debug_macro   0x00002bae      0x235 _build/nrf52840_xxaa/app_util_platform.c.o
 .debug_macro   0x00002de3      0x3fb _build/nrf52840_xxaa/nrf_drv_clock.c.o
 .debug_macro   0x000031de       0x54 _build/nrf52840_xxaa/nrf_drv_clock.c.o
 .debug_macro   0x00003232       0x37 _build/nrf52840_xxaa/nrf_drv_clock.c.o
 .debug_macro   0x00003269       0x10 _build/nrf52840_xxaa/nrf_drv_clock.c.o
 .debug_macro   0x00003279      0x179 _build/nrf52840_xxaa/nrf_drv_clock.c.o
 .debug_macro   0x000033f2      0x3d9 _build/nrf52840_xxaa/nrfx_clock.c.o
 .debug_macro   0x000037cb       0x1c _build/nrf52840_xxaa/nrfx_clock.c.o
 .debug_macro   0x000037e7       0x42 _build/nrf52840_xxaa/nrfx_clock.c.o
 .debug_macro   0x00003829      0x480 _build/nrf52840_xxaa/main.cpp.o
 .debug_macro   0x00003ca9      0xb68 _build/nrf52840_xxaa/main.cpp.o
 .debug_macro   0x00004811       0x16 _build/nrf52840_xxaa/main.cpp.o
 .debug_macro   0x00004827       0x1c _build/nrf52840_xxaa/main.cpp.o
 .debug_macro   0x00004843       0x8e _build/nrf52840_xxaa/main.cpp.o
 .debug_macro   0x000048d1      0x17b _build/nrf52840_xxaa/main.cpp.o
 .debug_macro   0x00004a4c      0xe66 _build/nrf52840_xxaa/main.cpp.o
 .debug_macro   0x000058b2       0x34 _build/nrf52840_xxaa/main.cpp.o
 .debug_macro   0x000058e6       0x35 _build/nrf52840_xxaa/main.cpp.o
 .debug_macro   0x0000591b      0x353 _build/nrf52840_xxaa/main.cpp.o
 .debug_macro   0x00005c6e       0x43 _build/nrf52840_xxaa/main.cpp.o
 .debug_macro   0x00005cb1       0x1c _build/nrf52840_xxaa/main.cpp.o
 .debug_macro   0x00005ccd       0x52 _build/nrf52840_xxaa/main.cpp.o
 .debug_macro   0x00005d1f       0x40 _build/nrf52840_xxaa/main.cpp.o
 .debug_macro   0x00005d5f       0x10 _build/nrf52840_xxaa/main.cpp.o
 .debug_macro   0x00005d6f       0x40 _build/nrf52840_xxaa/main.cpp.o
 .debug_macro   0x00005daf       0xd7 _build/nrf52840_xxaa/main.cpp.o
 .debug_macro   0x00005e86       0x1c _build/nrf52840_xxaa/main.cpp.o
 .debug_macro   0x00005ea2       0x3d _build/nrf52840_xxaa/main.cpp.o
 .debug_macro   0x00005edf      0x137 _build/nrf52840_xxaa/main.cpp.o
 .debug_macro   0x00006016       0x1c _build/nrf52840_xxaa/main.cpp.o
 .debug_macro   0x00006032      0x19e _build/nrf52840_xxaa/main.cpp.o
 .debug_macro   0x000061d0       0xdc _build/nrf52840_xxaa/main.cpp.o
 .debug_macro   0x000062ac       0x10 _build/nrf52840_xxaa/main.cpp.o
 .debug_macro   0x000062bc      0x480 _build/nrf52840_xxaa/task_led.cpp.o
 .debug_macro   0x0000673c      0x484 _build/nrf52840_xxaa/freeRTOS_tasks.cpp.o
 .debug_macro   0x00006bc0       0xf1 _build/nrf52840_xxaa/system_nrf52840.c.o

.debug_frame    0x00000000     0x11b4
 .debug_frame   0x00000000       0xfc _build/nrf52840_xxaa/boards.c.o
 .debug_frame   0x000000fc       0x5c _build/nrf52840_xxaa/heap_1.c.o
 .debug_frame   0x00000158       0x70 _build/nrf52840_xxaa/list.c.o
 .debug_frame   0x000001c8       0x40 _build/nrf52840_xxaa/port.c.o
 .debug_frame   0x00000208       0x84 _build/nrf52840_xxaa/port_cmsis.c.o
 .debug_frame   0x0000028c       0x7c _build/nrf52840_xxaa/port_cmsis_systick.c.o
 .debug_frame   0x00000308      0x300 _build/nrf52840_xxaa/queue.c.o
 .debug_frame   0x00000608      0x5c8 _build/nrf52840_xxaa/tasks.c.o
 .debug_frame   0x00000bd0      0x198 _build/nrf52840_xxaa/timers.c.o
 .debug_frame   0x00000d68       0x70 _build/nrf52840_xxaa/app_util_platform.c.o
 .debug_frame   0x00000dd8      0x154 _build/nrf52840_xxaa/nrf_drv_clock.c.o
 .debug_frame   0x00000f2c      0x110 _build/nrf52840_xxaa/nrfx_clock.c.o
 .debug_frame   0x0000103c       0x28 _build/nrf52840_xxaa/main.cpp.o
 .debug_frame   0x00001064       0x28 _build/nrf52840_xxaa/task_led.cpp.o
 .debug_frame   0x0000108c       0x2c _build/nrf52840_xxaa/freeRTOS_tasks.cpp.o
 .debug_frame   0x000010b8       0x40 _build/nrf52840_xxaa/system_nrf52840.c.o
 .debug_frame   0x000010f8       0x28 c:/program files (x86)/gnu tools arm embedded/7 2018-q2-update/bin/../lib/gcc/arm-none-eabi/7.3.1/../../../../arm-none-eabi/lib/thumb/v7e-m/fpv4-sp/hard\libc_nano.a(lib_a-exit.o)
 .debug_frame   0x00001120       0x2c c:/program files (x86)/gnu tools arm embedded/7 2018-q2-update/bin/../lib/gcc/arm-none-eabi/7.3.1/../../../../arm-none-eabi/lib/thumb/v7e-m/fpv4-sp/hard\libc_nano.a(lib_a-init.o)
 .debug_frame   0x0000114c       0x28 c:/program files (x86)/gnu tools arm embedded/7 2018-q2-update/bin/../lib/gcc/arm-none-eabi/7.3.1/../../../../arm-none-eabi/lib/thumb/v7e-m/fpv4-sp/hard\libc_nano.a(lib_a-memcpy-stub.o)
 .debug_frame   0x00001174       0x20 c:/program files (x86)/gnu tools arm embedded/7 2018-q2-update/bin/../lib/gcc/arm-none-eabi/7.3.1/../../../../arm-none-eabi/lib/thumb/v7e-m/fpv4-sp/hard\libc_nano.a(lib_a-memset.o)
 .debug_frame   0x00001194       0x20 c:/program files (x86)/gnu tools arm embedded/7 2018-q2-update/bin/../lib/gcc/arm-none-eabi/7.3.1/../../../../arm-none-eabi/lib/thumb/v7e-m/fpv4-sp/hard\libnosys.a(_exit.o)

.stabstr        0x00000000       0x76
 .stabstr       0x00000000       0x76 c:/program files (x86)/gnu tools arm embedded/7 2018-q2-update/bin/../lib/gcc/arm-none-eabi/7.3.1/../../../../arm-none-eabi/lib/thumb/v7e-m/fpv4-sp/hard\libnosys.a(getpid.o)
