Archive member included to satisfy reference by file (symbol)

c:/program files (x86)/gnu tools arm embedded/7 2018-q2-update/bin/../lib/gcc/arm-none-eabi/7.3.1/../../../../arm-none-eabi/lib/thumb/v7e-m/fpv4-sp/hard\libc_nano.a(lib_a-exit.o)
                              c:/program files (x86)/gnu tools arm embedded/7 2018-q2-update/bin/../lib/gcc/arm-none-eabi/7.3.1/../../../../arm-none-eabi/lib/thumb/v7e-m/fpv4-sp/hard/crt0.o (exit)
c:/program files (x86)/gnu tools arm embedded/7 2018-q2-update/bin/../lib/gcc/arm-none-eabi/7.3.1/../../../../arm-none-eabi/lib/thumb/v7e-m/fpv4-sp/hard\libc_nano.a(lib_a-impure.o)
                              c:/program files (x86)/gnu tools arm embedded/7 2018-q2-update/bin/../lib/gcc/arm-none-eabi/7.3.1/../../../../arm-none-eabi/lib/thumb/v7e-m/fpv4-sp/hard\libc_nano.a(lib_a-exit.o) (_global_impure_ptr)
c:/program files (x86)/gnu tools arm embedded/7 2018-q2-update/bin/../lib/gcc/arm-none-eabi/7.3.1/../../../../arm-none-eabi/lib/thumb/v7e-m/fpv4-sp/hard\libc_nano.a(lib_a-init.o)
                              c:/program files (x86)/gnu tools arm embedded/7 2018-q2-update/bin/../lib/gcc/arm-none-eabi/7.3.1/../../../../arm-none-eabi/lib/thumb/v7e-m/fpv4-sp/hard/crt0.o (__libc_init_array)
c:/program files (x86)/gnu tools arm embedded/7 2018-q2-update/bin/../lib/gcc/arm-none-eabi/7.3.1/../../../../arm-none-eabi/lib/thumb/v7e-m/fpv4-sp/hard\libc_nano.a(lib_a-locale.o)
                              _build/nrf52840_xxaa/nrf_log_str_formatter.c.o (__locale_ctype_ptr)
c:/program files (x86)/gnu tools arm embedded/7 2018-q2-update/bin/../lib/gcc/arm-none-eabi/7.3.1/../../../../arm-none-eabi/lib/thumb/v7e-m/fpv4-sp/hard\libc_nano.a(lib_a-mbtowc_r.o)
                              c:/program files (x86)/gnu tools arm embedded/7 2018-q2-update/bin/../lib/gcc/arm-none-eabi/7.3.1/../../../../arm-none-eabi/lib/thumb/v7e-m/fpv4-sp/hard\libc_nano.a(lib_a-locale.o) (__ascii_mbtowc)
c:/program files (x86)/gnu tools arm embedded/7 2018-q2-update/bin/../lib/gcc/arm-none-eabi/7.3.1/../../../../arm-none-eabi/lib/thumb/v7e-m/fpv4-sp/hard\libc_nano.a(lib_a-memcpy-stub.o)
                              _build/nrf52840_xxaa/nrf_log_frontend.c.o (memcpy)
c:/program files (x86)/gnu tools arm embedded/7 2018-q2-update/bin/../lib/gcc/arm-none-eabi/7.3.1/../../../../arm-none-eabi/lib/thumb/v7e-m/fpv4-sp/hard\libc_nano.a(lib_a-memset.o)
                              c:/program files (x86)/gnu tools arm embedded/7 2018-q2-update/bin/../lib/gcc/arm-none-eabi/7.3.1/../../../../arm-none-eabi/lib/thumb/v7e-m/fpv4-sp/hard/crt0.o (memset)
c:/program files (x86)/gnu tools arm embedded/7 2018-q2-update/bin/../lib/gcc/arm-none-eabi/7.3.1/../../../../arm-none-eabi/lib/thumb/v7e-m/fpv4-sp/hard\libc_nano.a(lib_a-strcmp.o)
                              c:/program files (x86)/gnu tools arm embedded/7 2018-q2-update/bin/../lib/gcc/arm-none-eabi/7.3.1/../../../../arm-none-eabi/lib/thumb/v7e-m/fpv4-sp/hard\libc_nano.a(lib_a-locale.o) (strcmp)
c:/program files (x86)/gnu tools arm embedded/7 2018-q2-update/bin/../lib/gcc/arm-none-eabi/7.3.1/../../../../arm-none-eabi/lib/thumb/v7e-m/fpv4-sp/hard\libc_nano.a(lib_a-strlen.o)
                              _build/nrf52840_xxaa/nrf_log_frontend.c.o (strlen)
c:/program files (x86)/gnu tools arm embedded/7 2018-q2-update/bin/../lib/gcc/arm-none-eabi/7.3.1/../../../../arm-none-eabi/lib/thumb/v7e-m/fpv4-sp/hard\libc_nano.a(lib_a-wctomb_r.o)
                              c:/program files (x86)/gnu tools arm embedded/7 2018-q2-update/bin/../lib/gcc/arm-none-eabi/7.3.1/../../../../arm-none-eabi/lib/thumb/v7e-m/fpv4-sp/hard\libc_nano.a(lib_a-locale.o) (__ascii_wctomb)
c:/program files (x86)/gnu tools arm embedded/7 2018-q2-update/bin/../lib/gcc/arm-none-eabi/7.3.1/../../../../arm-none-eabi/lib/thumb/v7e-m/fpv4-sp/hard\libc_nano.a(lib_a-ctype_.o)
                              c:/program files (x86)/gnu tools arm embedded/7 2018-q2-update/bin/../lib/gcc/arm-none-eabi/7.3.1/../../../../arm-none-eabi/lib/thumb/v7e-m/fpv4-sp/hard\libc_nano.a(lib_a-locale.o) (_ctype_)
c:/program files (x86)/gnu tools arm embedded/7 2018-q2-update/bin/../lib/gcc/arm-none-eabi/7.3.1/../../../../arm-none-eabi/lib/thumb/v7e-m/fpv4-sp/hard\libnosys.a(_exit.o)
                              c:/program files (x86)/gnu tools arm embedded/7 2018-q2-update/bin/../lib/gcc/arm-none-eabi/7.3.1/../../../../arm-none-eabi/lib/thumb/v7e-m/fpv4-sp/hard\libc_nano.a(lib_a-exit.o) (_exit)

Discarded input sections

 .text          0x00000000        0x0 c:/program files (x86)/gnu tools arm embedded/7 2018-q2-update/bin/../lib/gcc/arm-none-eabi/7.3.1/thumb/v7e-m/fpv4-sp/hard/crti.o
 .data          0x00000000        0x0 c:/program files (x86)/gnu tools arm embedded/7 2018-q2-update/bin/../lib/gcc/arm-none-eabi/7.3.1/thumb/v7e-m/fpv4-sp/hard/crti.o
[...]
Memory Configuration

Name             Origin             Length             Attributes
FLASH            0x00026000         0x000da000         xr
RAM              0x200022e0         0x0003dd20         xrw
*default*        0x00000000         0xffffffff

Linker script and memory map


.text           0x00026000      0x750
 *(.isr_vector)
 .isr_vector    0x00026000      0x200 _build/nrf52840_xxaa/gcc_startup_nrf52840.S.o
                0x00026000                __isr_vector
 *(.text*)
 .text          0x00026200       0x40 c:/program files (x86)/gnu tools arm embedded/7 2018-q2-update/bin/../lib/gcc/arm-none-eabi/7.3.1/thumb/v7e-m/fpv4-sp/hard/crtbegin.o
 .text          0x00026240       0x74 c:/program files (x86)/gnu tools arm embedded/7 2018-q2-update/bin/../lib/gcc/arm-none-eabi/7.3.1/../../../../arm-none-eabi/lib/thumb/v7e-m/fpv4-sp/hard/crt0.o
                0x00026240                _start
                0x00026240                _mainCRTStartup
 .text          0x000262b4       0x3c _build/nrf52840_xxaa/gcc_startup_nrf52840.S.o
                0x000262b4                Reset_Handler
                0x000262dc                NMI_Handler
                0x000262de                HardFault_Handler
                0x000262e0                MemoryManagement_Handler
                0x000262e2                BusFault_Handler
                0x000262e4                UsageFault_Handler
                0x000262e6                SVC_Handler
                0x000262e8                DebugMon_Handler
                0x000262ea                PendSV_Handler
                0x000262ec                SysTick_Handler
                0x000262ee                SWI0_EGU0_IRQHandler
                0x000262ee                POWER_CLOCK_IRQHandler
                0x000262ee                RADIO_IRQHandler
                0x000262ee                PDM_IRQHandler
                0x000262ee                TEMP_IRQHandler
                0x000262ee                QDEC_IRQHandler
                0x000262ee                TIMER3_IRQHandler
                0x000262ee                GPIOTE_IRQHandler
                0x000262ee                FPU_IRQHandler
                0x000262ee                USBD_IRQHandler
                0x000262ee                SPIM0_SPIS0_TWIM0_TWIS0_SPI0_TWI0_IRQHandler
                0x000262ee                PWM1_IRQHandler
                0x000262ee                UARTE0_UART0_IRQHandler
                0x000262ee                TIMER4_IRQHandler
                0x000262ee                CRYPTOCELL_IRQHandler
                0x000262ee                RTC0_IRQHandler
                0x000262ee                SWI4_EGU4_IRQHandler
                0x000262ee                TIMER0_IRQHandler
                0x000262ee                PWM3_IRQHandler
                0x000262ee                UARTE1_IRQHandler
                0x000262ee                TIMER1_IRQHandler
                0x000262ee                SPIM3_IRQHandler
                0x000262ee                PWM2_IRQHandler
                0x000262ee                ECB_IRQHandler
                0x000262ee                SPIM1_SPIS1_TWIM1_TWIS1_SPI1_TWI1_IRQHandler
                0x000262ee                Default_Handler
                0x000262ee                SAADC_IRQHandler
                0x000262ee                CCM_AAR_IRQHandler
                0x000262ee                WDT_IRQHandler
                0x000262ee                SWI2_EGU2_IRQHandler
                0x000262ee                SWI5_EGU5_IRQHandler
                0x000262ee                RNG_IRQHandler
                0x000262ee                RTC2_IRQHandler
                0x000262ee                PWM0_IRQHandler
                0x000262ee                SWI3_EGU3_IRQHandler
                0x000262ee                RTC1_IRQHandler
                0x000262ee                SWI1_EGU1_IRQHandler
                0x000262ee                SPIM2_SPIS2_SPI2_IRQHandler
                0x000262ee                NFCT_IRQHandler
                0x000262ee                I2S_IRQHandler
                0x000262ee                MWU_IRQHandler
                0x000262ee                TIMER2_IRQHandler
                0x000262ee                QSPI_IRQHandler
                0x000262ee                COMP_LPCOMP_IRQHandler
 .text.bsp_board_led_invert
                0x000262f0       0x34 _build/nrf52840_xxaa/boards.c.o
                0x000262f0                bsp_board_led_invert
 .text.bsp_board_init
                0x00026324       0xd4 _build/nrf52840_xxaa/boards.c.o
                0x00026324                bsp_board_init
 .text.gpio_output_voltage_setup.part.1
                0x000263f8       0x5c _build/nrf52840_xxaa/main.c.o
 .text.startup.main
                0x00026454       0x78 _build/nrf52840_xxaa/main.c.o
                0x00026454                main
 .text.SystemInit
                0x000264cc      0x1c4 _build/nrf52840_xxaa/system_nrf52840.c.o
                0x000264cc                SystemInit
 .text.exit     0x00026690       0x28 c:/program files (x86)/gnu tools arm embedded/7 2018-q2-update/bin/../lib/gcc/arm-none-eabi/7.3.1/../../../../arm-none-eabi/lib/thumb/v7e-m/fpv4-sp/hard\libc_nano.a(lib_a-exit.o)
                0x00026690                exit
 .text.__libc_init_array
                0x000266b8       0x48 c:/program files (x86)/gnu tools arm embedded/7 2018-q2-update/bin/../lib/gcc/arm-none-eabi/7.3.1/../../../../arm-none-eabi/lib/thumb/v7e-m/fpv4-sp/hard\libc_nano.a(lib_a-init.o)
                0x000266b8                __libc_init_array
 .text.memset   0x00026700       0x10 c:/program files (x86)/gnu tools arm embedded/7 2018-q2-update/bin/../lib/gcc/arm-none-eabi/7.3.1/../../../../arm-none-eabi/lib/thumb/v7e-m/fpv4-sp/hard\libc_nano.a(lib_a-memset.o)
                0x00026700                memset
 .text._exit    0x00026710        0x4 c:/program files (x86)/gnu tools arm embedded/7 2018-q2-update/bin/../lib/gcc/arm-none-eabi/7.3.1/../../../../arm-none-eabi/lib/thumb/v7e-m/fpv4-sp/hard\libnosys.a(_exit.o)
                0x00026710                _exit
 *(.init)
 .init          0x00026714        0x4 c:/program files (x86)/gnu tools arm embedded/7 2018-q2-update/bin/../lib/gcc/arm-none-eabi/7.3.1/thumb/v7e-m/fpv4-sp/hard/crti.o
                0x00026714                _init
 .init          0x00026718        0x8 c:/program files (x86)/gnu tools arm embedded/7 2018-q2-update/bin/../lib/gcc/arm-none-eabi/7.3.1/thumb/v7e-m/fpv4-sp/hard/crtn.o
 *(.fini)
 .fini          0x00026720        0x4 c:/program files (x86)/gnu tools arm embedded/7 2018-q2-update/bin/../lib/gcc/arm-none-eabi/7.3.1/thumb/v7e-m/fpv4-sp/hard/crti.o
                0x00026720                _fini
 .fini          0x00026724        0x8 c:/program files (x86)/gnu tools arm embedded/7 2018-q2-update/bin/../lib/gcc/arm-none-eabi/7.3.1/thumb/v7e-m/fpv4-sp/hard/crtn.o
 *crtbegin.o(.ctors)
 *crtbegin?.o(.ctors)
 *(EXCLUDE_FILE(*crtend.o *crtend?.o) .ctors)
 *(SORT_BY_NAME(.ctors.*))
 *(.ctors)
 *crtbegin.o(.dtors)
 *crtbegin?.o(.dtors)
 *(EXCLUDE_FILE(*crtend.o *crtend?.o) .dtors)
 *(SORT_BY_NAME(.dtors.*))
 *(.dtors)
 *(.rodata*)
 .rodata.str1.4
                0x0002672c        0x4 _build/nrf52840_xxaa/nrf_log_frontend.c.o
 .rodata.m_board_led_list
                0x00026730        0x4 _build/nrf52840_xxaa/boards.c.o
 *fill*         0x00026734        0xc 
 .rodata.delay_machine_code.8207
                0x00026740        0x6 _build/nrf52840_xxaa/main.c.o
 *fill*         0x00026746        0x2 
 .rodata._global_impure_ptr
                0x00026748        0x4 c:/program files (x86)/gnu tools arm embedded/7 2018-q2-update/bin/../lib/gcc/arm-none-eabi/7.3.1/../../../../arm-none-eabi/lib/thumb/v7e-m/fpv4-sp/hard\libc_nano.a(lib_a-impure.o)
                0x00026748                _global_impure_ptr
 *(.eh_frame*)
 .eh_frame      0x0002674c        0x0 c:/program files (x86)/gnu tools arm embedded/7 2018-q2-update/bin/../lib/gcc/arm-none-eabi/7.3.1/thumb/v7e-m/fpv4-sp/hard/crtbegin.o
 .eh_frame      0x0002674c        0x4 c:/program files (x86)/gnu tools arm embedded/7 2018-q2-update/bin/../lib/gcc/arm-none-eabi/7.3.1/thumb/v7e-m/fpv4-sp/hard/crtend.o

.glue_7         0x00026750        0x0
 .glue_7        0x00026750        0x0 linker stubs

.glue_7t        0x00026750        0x0
 .glue_7t       0x00026750        0x0 linker stubs

.vfp11_veneer   0x00026750        0x0
 .vfp11_veneer  0x00026750        0x0 linker stubs

.v4_bx          0x00026750        0x0
 .v4_bx         0x00026750        0x0 linker stubs

.iplt           0x00026750        0x0
 .iplt          0x00026750        0x0 c:/program files (x86)/gnu tools arm embedded/7 2018-q2-update/bin/../lib/gcc/arm-none-eabi/7.3.1/thumb/v7e-m/fpv4-sp/hard/crtbegin.o

.mem_section_dummy_rom

.nrf_queue      0x00026750        0x0
                [!provide]                PROVIDE (__start_nrf_queue = .)
 *(.nrf_queue)
                [!provide]                PROVIDE (__stop_nrf_queue = .)

.log_const_data
                0x00026750        0x8
                0x00026750                PROVIDE (__start_log_const_data = .)
 *(SORT_BY_NAME(.log_const_data*))
 .log_const_data_app
                0x00026750        0x8 _build/nrf52840_xxaa/nrf_log_frontend.c.o
                0x00026750                m_nrf_log_app_logs_data_const
                0x00026758                PROVIDE (__stop_log_const_data = .)

.log_backends   0x00026758        0x0
                [!provide]                PROVIDE (__start_log_backends = .)
 *(SORT_BY_NAME(.log_backends*))
                [!provide]                PROVIDE (__stop_log_backends = .)

.cli_command    0x00026758        0x0
                [!provide]                PROVIDE (__start_cli_command = .)
 *(.cli_command)
                [!provide]                PROVIDE (__stop_cli_command = .)

.pwr_mgmt_data  0x00026758        0x0
                [!provide]                PROVIDE (__start_pwr_mgmt_data = .)
 *(SORT_BY_NAME(.pwr_mgmt_data*))
                [!provide]                PROVIDE (__stop_pwr_mgmt_data = .)

.nrf_balloc     0x00026758       0x14
                [!provide]                PROVIDE (__start_nrf_balloc = .)
 *(.nrf_balloc)
 .nrf_balloc    0x00026758       0x14 _build/nrf52840_xxaa/nrf_log_frontend.c.o
                0x00026758                log_mempool
                [!provide]                PROVIDE (__stop_nrf_balloc = .)

.ARM.extab
 *(.ARM.extab* .gnu.linkonce.armextab.*)
                0x0002676c                __exidx_start = .

.ARM.exidx      0x0002676c        0x8
 *(.ARM.exidx* .gnu.linkonce.armexidx.*)
 .ARM.exidx     0x0002676c        0x8 c:/program files (x86)/gnu tools arm embedded/7 2018-q2-update/bin/../lib/gcc/arm-none-eabi/7.3.1/../../../../arm-none-eabi/lib/thumb/v7e-m/fpv4-sp/hard/crt0.o
                0x00026774                __exidx_end = .
                0x00026774                __etext = .

.rel.dyn        0x00026774        0x0
 .rel.iplt      0x00026774        0x0 c:/program files (x86)/gnu tools arm embedded/7 2018-q2-update/bin/../lib/gcc/arm-none-eabi/7.3.1/thumb/v7e-m/fpv4-sp/hard/crtbegin.o

.data           0x200022e0       0x6c load address 0x00026774
                0x200022e0                __data_start__ = .
 *(vtable)
 *(.data*)
 .data.SystemCoreClock
                0x200022e0        0x4 _build/nrf52840_xxaa/system_nrf52840.c.o
                0x200022e0                SystemCoreClock
 .data.impure_data
                0x200022e4       0x60 c:/program files (x86)/gnu tools arm embedded/7 2018-q2-update/bin/../lib/gcc/arm-none-eabi/7.3.1/../../../../arm-none-eabi/lib/thumb/v7e-m/fpv4-sp/hard\libc_nano.a(lib_a-impure.o)
                0x20002344                . = ALIGN (0x4)
                0x20002344                PROVIDE (__preinit_array_start = .)
 *(.preinit_array)
                0x20002344                PROVIDE (__preinit_array_end = .)
                0x20002344                . = ALIGN (0x4)
                0x20002344                PROVIDE (__init_array_start = .)
 *(SORT_BY_NAME(.init_array.*))
 *(.init_array)
 .init_array    0x20002344        0x4 c:/program files (x86)/gnu tools arm embedded/7 2018-q2-update/bin/../lib/gcc/arm-none-eabi/7.3.1/thumb/v7e-m/fpv4-sp/hard/crtbegin.o
                0x20002348                PROVIDE (__init_array_end = .)
                0x20002348                . = ALIGN (0x4)
                [!provide]                PROVIDE (__fini_array_start = .)
 *(SORT_BY_NAME(.fini_array.*))
 *(.fini_array)
 .fini_array    0x20002348        0x4 c:/program files (x86)/gnu tools arm embedded/7 2018-q2-update/bin/../lib/gcc/arm-none-eabi/7.3.1/thumb/v7e-m/fpv4-sp/hard/crtbegin.o
                [!provide]                PROVIDE (__fini_array_end = .)
 *(.jcr*)
                0x2000234c                . = ALIGN (0x4)
                0x2000234c                __data_end__ = .
LOAD c:/program files (x86)/gnu tools arm embedded/7 2018-q2-update/bin/../lib/gcc/arm-none-eabi/7.3.1/thumb/v7e-m/fpv4-sp/hard/crti.o
LOAD c:/program files (x86)/gnu tools arm embedded/7 2018-q2-update/bin/../lib/gcc/arm-none-eabi/7.3.1/thumb/v7e-m/fpv4-sp/hard/crtbegin.o
LOAD c:/program files (x86)/gnu tools arm embedded/7 2018-q2-update/bin/../lib/gcc/arm-none-eabi/7.3.1/../../../../arm-none-eabi/lib/thumb/v7e-m/fpv4-sp/hard/crt0.o
LOAD _build/nrf52840_xxaa/gcc_startup_nrf52840.S.o
LOAD _build/nrf52840_xxaa/nrf_log_frontend.c.o
LOAD _build/nrf52840_xxaa/nrf_log_str_formatter.c.o
LOAD _build/nrf52840_xxaa/boards.c.o
LOAD _build/nrf52840_xxaa/app_error.c.o
LOAD _build/nrf52840_xxaa/app_error_handler_gcc.c.o
LOAD _build/nrf52840_xxaa/app_error_weak.c.o
LOAD _build/nrf52840_xxaa/app_util_platform.c.o
LOAD _build/nrf52840_xxaa/nrf_assert.c.o
LOAD _build/nrf52840_xxaa/nrf_atomic.c.o
LOAD _build/nrf52840_xxaa/nrf_balloc.c.o
LOAD _build/nrf52840_xxaa/nrf_fprintf.c.o
LOAD _build/nrf52840_xxaa/nrf_fprintf_format.c.o
LOAD _build/nrf52840_xxaa/nrf_memobj.c.o
LOAD _build/nrf52840_xxaa/nrf_ringbuf.c.o
LOAD _build/nrf52840_xxaa/nrf_strerror.c.o
LOAD _build/nrf52840_xxaa/nrfx_atomic.c.o
LOAD _build/nrf52840_xxaa/main.c.o
LOAD _build/nrf52840_xxaa/sw_spi.c.o
LOAD _build/nrf52840_xxaa/system_nrf52840.c.o
LOAD c:/program files (x86)/gnu tools arm embedded/7 2018-q2-update/bin/../lib/gcc/arm-none-eabi/7.3.1/../../../../arm-none-eabi/lib/thumb/v7e-m/fpv4-sp/hard\libc_nano.a
LOAD c:/program files (x86)/gnu tools arm embedded/7 2018-q2-update/bin/../lib/gcc/arm-none-eabi/7.3.1/../../../../arm-none-eabi/lib/thumb/v7e-m/fpv4-sp/hard\libnosys.a
LOAD c:/program files (x86)/gnu tools arm embedded/7 2018-q2-update/bin/../lib/gcc/arm-none-eabi/7.3.1/../../../../arm-none-eabi/lib/thumb/v7e-m/fpv4-sp/hard\libm.a
START GROUP
LOAD c:/program files (x86)/gnu tools arm embedded/7 2018-q2-update/bin/../lib/gcc/arm-none-eabi/7.3.1/thumb/v7e-m/fpv4-sp/hard\libgcc.a
LOAD c:/program files (x86)/gnu tools arm embedded/7 2018-q2-update/bin/../lib/gcc/arm-none-eabi/7.3.1/../../../../arm-none-eabi/lib/thumb/v7e-m/fpv4-sp/hard\libg_nano.a
LOAD c:/program files (x86)/gnu tools arm embedded/7 2018-q2-update/bin/../lib/gcc/arm-none-eabi/7.3.1/../../../../arm-none-eabi/lib/thumb/v7e-m/fpv4-sp/hard\libc_nano.a
END GROUP
START GROUP
LOAD c:/program files (x86)/gnu tools arm embedded/7 2018-q2-update/bin/../lib/gcc/arm-none-eabi/7.3.1/thumb/v7e-m/fpv4-sp/hard\libgcc.a
LOAD c:/program files (x86)/gnu tools arm embedded/7 2018-q2-update/bin/../lib/gcc/arm-none-eabi/7.3.1/../../../../arm-none-eabi/lib/thumb/v7e-m/fpv4-sp/hard\libc_nano.a
END GROUP
LOAD c:/program files (x86)/gnu tools arm embedded/7 2018-q2-update/bin/../lib/gcc/arm-none-eabi/7.3.1/thumb/v7e-m/fpv4-sp/hard/crtend.o
LOAD c:/program files (x86)/gnu tools arm embedded/7 2018-q2-update/bin/../lib/gcc/arm-none-eabi/7.3.1/thumb/v7e-m/fpv4-sp/hard/crtn.o
START GROUP
LOAD c:/program files (x86)/gnu tools arm embedded/7 2018-q2-update/bin/../lib/gcc/arm-none-eabi/7.3.1/thumb/v7e-m/fpv4-sp/hard\libgcc.a
LOAD c:/program files (x86)/gnu tools arm embedded/7 2018-q2-update/bin/../lib/gcc/arm-none-eabi/7.3.1/../../../../arm-none-eabi/lib/thumb/v7e-m/fpv4-sp/hard\libc.a
LOAD c:/program files (x86)/gnu tools arm embedded/7 2018-q2-update/bin/../lib/gcc/arm-none-eabi/7.3.1/../../../../arm-none-eabi/lib/thumb/v7e-m/fpv4-sp/hard\libnosys.a
END GROUP

.igot.plt       0x2000234c        0x0 load address 0x000267e0
 .igot.plt      0x2000234c        0x0 c:/program files (x86)/gnu tools arm embedded/7 2018-q2-update/bin/../lib/gcc/arm-none-eabi/7.3.1/thumb/v7e-m/fpv4-sp/hard/crtbegin.o
                0x2000234c                . = ALIGN (0x4)

.mem_section_dummy_ram

.log_dynamic_data
                0x2000234c        0x0
                0x2000234c                PROVIDE (__start_log_dynamic_data = .)
 *(SORT_BY_NAME(.log_dynamic_data*))
                [!provide]                PROVIDE (__stop_log_dynamic_data = .)

.log_filter_data
                0x2000234c        0x0
                [!provide]                PROVIDE (__start_log_filter_data = .)
 *(SORT_BY_NAME(.log_filter_data*))
                [!provide]                PROVIDE (__stop_log_filter_data = .)

.cli_sorted_cmd_ptrs
                0x2000234c        0x0
                [!provide]                PROVIDE (__start_cli_sorted_cmd_ptrs = .)
 *(.cli_sorted_cmd_ptrs)
                [!provide]                PROVIDE (__stop_cli_sorted_cmd_ptrs = .)

.bss            0x2000234c       0xec load address 0x000267e0
                0x2000234c                . = ALIGN (0x4)
                0x2000234c                __bss_start__ = .
 *(.bss*)
 .bss           0x2000234c       0x1c c:/program files (x86)/gnu tools arm embedded/7 2018-q2-update/bin/../lib/gcc/arm-none-eabi/7.3.1/thumb/v7e-m/fpv4-sp/hard/crtbegin.o
 .bss.log_mempool_nrf_balloc_cb
                0x20002368        0x8 _build/nrf52840_xxaa/nrf_log_frontend.c.o
 .bss.log_mempool_nrf_balloc_pool_mem
                0x20002370       0xc0 _build/nrf52840_xxaa/nrf_log_frontend.c.o
 .bss.log_mempool_nrf_balloc_pool_stack
                0x20002430        0x8 _build/nrf52840_xxaa/nrf_log_frontend.c.o
 *(COMMON)
                0x20002438                . = ALIGN (0x4)
                0x20002438                __bss_end__ = .

.heap           0x20002438     0x2000
                0x20002438                __HeapBase = .
                0x20002438                __end__ = .
                [!provide]                PROVIDE (end = .)
 *(.heap*)
 .heap          0x20002438     0x2000 _build/nrf52840_xxaa/gcc_startup_nrf52840.S.o
                0x20004438                __HeapLimit = .

.stack_dummy    0x20002438     0x2000
 *(.stack*)
 .stack         0x20002438     0x2000 _build/nrf52840_xxaa/gcc_startup_nrf52840.S.o
                0x20040000                __StackTop = (ORIGIN (RAM) + LENGTH (RAM))
                0x2003e000                __StackLimit = (__StackTop - SIZEOF (.stack_dummy))
                0x20040000                PROVIDE (__stack = __StackTop)
                0x00000001                ASSERT ((__StackLimit >= __HeapLimit), region RAM overflowed with stack)
                0x0000006c                DataInitFlashUsed = (__bss_start__ - __data_start__)
                0x00000774                CodeFlashUsed = (__etext - ORIGIN (FLASH))
                0x000007e0                TotalFlashUsed = (CodeFlashUsed + DataInitFlashUsed)
                0x00000001                ASSERT ((TotalFlashUsed <= LENGTH (FLASH)), region FLASH overflowed with .data and user data)
OUTPUT(_build/nrf52840_xxaa.out elf32-littlearm)

.ARM.attributes
                0x00000000       0x30
 .ARM.attributes
                0x00000000       0x22 c:/program files (x86)/gnu tools arm embedded/7 2018-q2-update/bin/../lib/gcc/arm-none-eabi/7.3.1/thumb/v7e-m/fpv4-sp/hard/crti.o
 .ARM.attributes
                0x00000022       0x34 c:/program files (x86)/gnu tools arm embedded/7 2018-q2-update/bin/../lib/gcc/arm-none-eabi/7.3.1/thumb/v7e-m/fpv4-sp/hard/crtbegin.o
 .ARM.attributes
                0x00000056       0x20 c:/program files (x86)/gnu tools arm embedded/7 2018-q2-update/bin/../lib/gcc/arm-none-eabi/7.3.1/../../../../arm-none-eabi/lib/thumb/v7e-m/fpv4-sp/hard/crt0.o
 .ARM.attributes
                0x00000076       0x20 _build/nrf52840_xxaa/gcc_startup_nrf52840.S.o
 .ARM.attributes
                0x00000096       0x39 _build/nrf52840_xxaa/nrf_log_frontend.c.o
 .ARM.attributes
                0x000000cf       0x39 _build/nrf52840_xxaa/boards.c.o
 .ARM.attributes
                0x00000108       0x39 _build/nrf52840_xxaa/main.c.o
 .ARM.attributes
                0x00000141       0x39 _build/nrf52840_xxaa/system_nrf52840.c.o
 .ARM.attributes
                0x0000017a       0x34 c:/program files (x86)/gnu tools arm embedded/7 2018-q2-update/bin/../lib/gcc/arm-none-eabi/7.3.1/../../../../arm-none-eabi/lib/thumb/v7e-m/fpv4-sp/hard\libc_nano.a(lib_a-exit.o)
 .ARM.attributes
                0x000001ae       0x34 c:/program files (x86)/gnu tools arm embedded/7 2018-q2-update/bin/../lib/gcc/arm-none-eabi/7.3.1/../../../../arm-none-eabi/lib/thumb/v7e-m/fpv4-sp/hard\libc_nano.a(lib_a-impure.o)
 .ARM.attributes
                0x000001e2       0x34 c:/program files (x86)/gnu tools arm embedded/7 2018-q2-update/bin/../lib/gcc/arm-none-eabi/7.3.1/../../../../arm-none-eabi/lib/thumb/v7e-m/fpv4-sp/hard\libc_nano.a(lib_a-init.o)
 .ARM.attributes
                0x00000216       0x34 c:/program files (x86)/gnu tools arm embedded/7 2018-q2-update/bin/../lib/gcc/arm-none-eabi/7.3.1/../../../../arm-none-eabi/lib/thumb/v7e-m/fpv4-sp/hard\libc_nano.a(lib_a-memset.o)
 .ARM.attributes
                0x0000024a       0x34 c:/program files (x86)/gnu tools arm embedded/7 2018-q2-update/bin/../lib/gcc/arm-none-eabi/7.3.1/../../../../arm-none-eabi/lib/thumb/v7e-m/fpv4-sp/hard\libnosys.a(_exit.o)
 .ARM.attributes
                0x0000027e       0x34 c:/program files (x86)/gnu tools arm embedded/7 2018-q2-update/bin/../lib/gcc/arm-none-eabi/7.3.1/thumb/v7e-m/fpv4-sp/hard/crtend.o
 .ARM.attributes
                0x000002b2       0x22 c:/program files (x86)/gnu tools arm embedded/7 2018-q2-update/bin/../lib/gcc/arm-none-eabi/7.3.1/thumb/v7e-m/fpv4-sp/hard/crtn.o

.comment        0x00000000       0x7f
 .comment       0x00000000       0x7f _build/nrf52840_xxaa/nrf_log_frontend.c.o
                                 0x80 (size before relaxing)
 .comment       0x0000007f       0x80 _build/nrf52840_xxaa/boards.c.o
 .comment       0x0000007f       0x80 _build/nrf52840_xxaa/main.c.o
 .comment       0x0000007f       0x80 _build/nrf52840_xxaa/system_nrf52840.c.o

.debug_line     0x00000000     0x2885
 .debug_line    0x00000000       0x9d _build/nrf52840_xxaa/gcc_startup_nrf52840.S.o
 .debug_line    0x0000009d     0x1012 _build/nrf52840_xxaa/nrf_log_frontend.c.o
 .debug_line    0x000010af      0xa19 _build/nrf52840_xxaa/boards.c.o
 .debug_line    0x00001ac8      0x980 _build/nrf52840_xxaa/main.c.o
 .debug_line    0x00002448      0x43d _build/nrf52840_xxaa/system_nrf52840.c.o

.debug_info     0x00000000     0x80e4
 .debug_info    0x00000000       0x26 _build/nrf52840_xxaa/gcc_startup_nrf52840.S.o
 .debug_info    0x00000026     0x3848 _build/nrf52840_xxaa/nrf_log_frontend.c.o
 .debug_info    0x0000386e     0x1d61 _build/nrf52840_xxaa/boards.c.o
 .debug_info    0x000055cf     0x17ab _build/nrf52840_xxaa/main.c.o
 .debug_info    0x00006d7a     0x136a _build/nrf52840_xxaa/system_nrf52840.c.o

.debug_abbrev   0x00000000      0xf62
 .debug_abbrev  0x00000000       0x14 _build/nrf52840_xxaa/gcc_startup_nrf52840.S.o
 .debug_abbrev  0x00000014      0x598 _build/nrf52840_xxaa/nrf_log_frontend.c.o
 .debug_abbrev  0x000005ac      0x416 _build/nrf52840_xxaa/boards.c.o
 .debug_abbrev  0x000009c2      0x3b5 _build/nrf52840_xxaa/main.c.o
 .debug_abbrev  0x00000d77      0x1eb _build/nrf52840_xxaa/system_nrf52840.c.o

.debug_aranges  0x00000000      0x1b8
 .debug_aranges
                0x00000000       0x20 _build/nrf52840_xxaa/gcc_startup_nrf52840.S.o
 .debug_aranges
                0x00000020       0xc8 _build/nrf52840_xxaa/nrf_log_frontend.c.o
 .debug_aranges
                0x000000e8       0x78 _build/nrf52840_xxaa/boards.c.o
 .debug_aranges
                0x00000160       0x30 _build/nrf52840_xxaa/main.c.o
 .debug_aranges
                0x00000190       0x28 _build/nrf52840_xxaa/system_nrf52840.c.o

.debug_str      0x00000000    0x8962c
 .debug_str     0x00000000       0x88 _build/nrf52840_xxaa/gcc_startup_nrf52840.S.o
 .debug_str     0x00000088    0x8574b _build/nrf52840_xxaa/nrf_log_frontend.c.o
                              0x86abd (size before relaxing)
 .debug_str     0x000857d3     0x38b7 _build/nrf52840_xxaa/boards.c.o
                              0x8523e (size before relaxing)
 .debug_str     0x0008908a      0x195 _build/nrf52840_xxaa/main.c.o
                              0x8518f (size before relaxing)
 .debug_str     0x0008921f      0x40d _build/nrf52840_xxaa/system_nrf52840.c.o
                              0x73b50 (size before relaxing)

.debug_loc      0x00000000     0x3211
 .debug_loc     0x00000000     0x27e7 _build/nrf52840_xxaa/nrf_log_frontend.c.o
 .debug_loc     0x000027e7      0x881 _build/nrf52840_xxaa/boards.c.o
 .debug_loc     0x00003068      0x1a9 _build/nrf52840_xxaa/main.c.o

.debug_ranges   0x00000000      0x9c8
 .debug_ranges  0x00000000      0x860 _build/nrf52840_xxaa/nrf_log_frontend.c.o
 .debug_ranges  0x00000860       0xd8 _build/nrf52840_xxaa/boards.c.o
 .debug_ranges  0x00000938       0x50 _build/nrf52840_xxaa/main.c.o
 .debug_ranges  0x00000988       0x40 _build/nrf52840_xxaa/system_nrf52840.c.o

.debug_macro    0x00000000    0x1706a
 .debug_macro   0x00000000      0x401 _build/nrf52840_xxaa/nrf_log_frontend.c.o
 .debug_macro   0x00000401      0xa72 _build/nrf52840_xxaa/nrf_log_frontend.c.o
 .debug_macro   0x00000e73       0x22 _build/nrf52840_xxaa/nrf_log_frontend.c.o
 .debug_macro   0x00000e95       0x56 _build/nrf52840_xxaa/nrf_log_frontend.c.o
 .debug_macro   0x00000eeb       0x51 _build/nrf52840_xxaa/nrf_log_frontend.c.o
 .debug_macro   0x00000f3c       0xef _build/nrf52840_xxaa/nrf_log_frontend.c.o
 .debug_macro   0x0000102b       0x6a _build/nrf52840_xxaa/nrf_log_frontend.c.o
 .debug_macro   0x00001095      0x1df _build/nrf52840_xxaa/nrf_log_frontend.c.o
 .debug_macro   0x00001274       0x22 _build/nrf52840_xxaa/nrf_log_frontend.c.o
 .debug_macro   0x00001296       0x5e _build/nrf52840_xxaa/nrf_log_frontend.c.o
 .debug_macro   0x000012f4       0x18 _build/nrf52840_xxaa/nrf_log_frontend.c.o
 .debug_macro   0x0000130c       0x35 _build/nrf52840_xxaa/nrf_log_frontend.c.o
 .debug_macro   0x00001341       0x34 _build/nrf52840_xxaa/nrf_log_frontend.c.o
 .debug_macro   0x00001375      0x16d _build/nrf52840_xxaa/nrf_log_frontend.c.o
 .debug_macro   0x000014e2       0x58 _build/nrf52840_xxaa/nrf_log_frontend.c.o
 .debug_macro   0x0000153a       0x1f _build/nrf52840_xxaa/nrf_log_frontend.c.o
 .debug_macro   0x00001559       0x43 _build/nrf52840_xxaa/nrf_log_frontend.c.o
 .debug_macro   0x0000159c       0x20 _build/nrf52840_xxaa/nrf_log_frontend.c.o
 .debug_macro   0x000015bc      0x18e _build/nrf52840_xxaa/nrf_log_frontend.c.o
 .debug_macro   0x0000174a      0x353 _build/nrf52840_xxaa/nrf_log_frontend.c.o
 .debug_macro   0x00001a9d       0x10 _build/nrf52840_xxaa/nrf_log_frontend.c.o
 .debug_macro   0x00001aad       0x35 _build/nrf52840_xxaa/nrf_log_frontend.c.o
 .debug_macro   0x00001ae2      0x67b _build/nrf52840_xxaa/nrf_log_frontend.c.o
 .debug_macro   0x0000215d      0x16d _build/nrf52840_xxaa/nrf_log_frontend.c.o
 .debug_macro   0x000022ca       0x32 _build/nrf52840_xxaa/nrf_log_frontend.c.o
 .debug_macro   0x000022fc       0x22 _build/nrf52840_xxaa/nrf_log_frontend.c.o
 .debug_macro   0x0000231e       0x8e _build/nrf52840_xxaa/nrf_log_frontend.c.o
 .debug_macro   0x000023ac       0xa7 _build/nrf52840_xxaa/nrf_log_frontend.c.o
 .debug_macro   0x00002453       0x22 _build/nrf52840_xxaa/nrf_log_frontend.c.o
 .debug_macro   0x00002475       0x3b _build/nrf52840_xxaa/nrf_log_frontend.c.o
 .debug_macro   0x000024b0       0x3b _build/nrf52840_xxaa/nrf_log_frontend.c.o
 .debug_macro   0x000024eb       0x50 _build/nrf52840_xxaa/nrf_log_frontend.c.o
 .debug_macro   0x0000253b      0xe66 _build/nrf52840_xxaa/nrf_log_frontend.c.o
 .debug_macro   0x000033a1      0x402 _build/nrf52840_xxaa/nrf_log_frontend.c.o
 .debug_macro   0x000037a3    0x10c7a _build/nrf52840_xxaa/nrf_log_frontend.c.o
 .debug_macro   0x0001441d      0xa65 _build/nrf52840_xxaa/nrf_log_frontend.c.o
 .debug_macro   0x00014e82       0x96 _build/nrf52840_xxaa/nrf_log_frontend.c.o
 .debug_macro   0x00014f18       0x22 _build/nrf52840_xxaa/nrf_log_frontend.c.o
 .debug_macro   0x00014f3a       0x16 _build/nrf52840_xxaa/nrf_log_frontend.c.o
 .debug_macro   0x00014f50       0x2e _build/nrf52840_xxaa/nrf_log_frontend.c.o
 .debug_macro   0x00014f7e      0x79e _build/nrf52840_xxaa/nrf_log_frontend.c.o
 .debug_macro   0x0001571c       0x16 _build/nrf52840_xxaa/nrf_log_frontend.c.o
 .debug_macro   0x00015732       0x4e _build/nrf52840_xxaa/nrf_log_frontend.c.o
 .debug_macro   0x00015780       0x1c _build/nrf52840_xxaa/nrf_log_frontend.c.o
 .debug_macro   0x0001579c       0x10 _build/nrf52840_xxaa/nrf_log_frontend.c.o
 .debug_macro   0x000157ac       0x10 _build/nrf52840_xxaa/nrf_log_frontend.c.o
 .debug_macro   0x000157bc       0xb6 _build/nrf52840_xxaa/nrf_log_frontend.c.o
 .debug_macro   0x00015872       0x16 _build/nrf52840_xxaa/nrf_log_frontend.c.o
 .debug_macro   0x00015888      0x129 _build/nrf52840_xxaa/nrf_log_frontend.c.o
 .debug_macro   0x000159b1       0x49 _build/nrf52840_xxaa/nrf_log_frontend.c.o
 .debug_macro   0x000159fa       0x8c _build/nrf52840_xxaa/nrf_log_frontend.c.o
 .debug_macro   0x00015a86       0x31 _build/nrf52840_xxaa/nrf_log_frontend.c.o
 .debug_macro   0x00015ab7       0x16 _build/nrf52840_xxaa/nrf_log_frontend.c.o
 .debug_macro   0x00015acd       0x55 _build/nrf52840_xxaa/nrf_log_frontend.c.o
 .debug_macro   0x00015b22      0x185 _build/nrf52840_xxaa/nrf_log_frontend.c.o
 .debug_macro   0x00015ca7       0x9a _build/nrf52840_xxaa/nrf_log_frontend.c.o
 .debug_macro   0x00015d41       0x2e _build/nrf52840_xxaa/nrf_log_frontend.c.o
 .debug_macro   0x00015d6f       0x16 _build/nrf52840_xxaa/nrf_log_frontend.c.o
 .debug_macro   0x00015d85       0x22 _build/nrf52840_xxaa/nrf_log_frontend.c.o
 .debug_macro   0x00015da7       0x9e _build/nrf52840_xxaa/nrf_log_frontend.c.o
 .debug_macro   0x00015e45       0x10 _build/nrf52840_xxaa/nrf_log_frontend.c.o
 .debug_macro   0x00015e55       0x1d _build/nrf52840_xxaa/nrf_log_frontend.c.o
 .debug_macro   0x00015e72       0x1c _build/nrf52840_xxaa/nrf_log_frontend.c.o
 .debug_macro   0x00015e8e      0x358 _build/nrf52840_xxaa/boards.c.o
 .debug_macro   0x000161e6       0x26 _build/nrf52840_xxaa/boards.c.o
 .debug_macro   0x0001620c      0x429 _build/nrf52840_xxaa/boards.c.o
 .debug_macro   0x00016635       0x52 _build/nrf52840_xxaa/boards.c.o
 .debug_macro   0x00016687       0x1f _build/nrf52840_xxaa/boards.c.o
 .debug_macro   0x000166a6      0x14e _build/nrf52840_xxaa/boards.c.o
 .debug_macro   0x000167f4       0x3f _build/nrf52840_xxaa/boards.c.o
 .debug_macro   0x00016833       0x16 _build/nrf52840_xxaa/boards.c.o
 .debug_macro   0x00016849       0x19 _build/nrf52840_xxaa/boards.c.o
 .debug_macro   0x00016862       0x1d _build/nrf52840_xxaa/boards.c.o
 .debug_macro   0x0001687f       0x35 _build/nrf52840_xxaa/boards.c.o
 .debug_macro   0x000168b4       0x7b _build/nrf52840_xxaa/boards.c.o
 .debug_macro   0x0001692f       0x64 _build/nrf52840_xxaa/boards.c.o
 .debug_macro   0x00016993       0x20 _build/nrf52840_xxaa/boards.c.o
 .debug_macro   0x000169b3       0x16 _build/nrf52840_xxaa/boards.c.o
 .debug_macro   0x000169c9       0x9a _build/nrf52840_xxaa/boards.c.o
 .debug_macro   0x00016a63      0x16d _build/nrf52840_xxaa/boards.c.o
 .debug_macro   0x00016bd0      0x377 _build/nrf52840_xxaa/main.c.o
 .debug_macro   0x00016f47       0x1c _build/nrf52840_xxaa/main.c.o
 .debug_macro   0x00016f63       0x16 _build/nrf52840_xxaa/main.c.o
 .debug_macro   0x00016f79       0xf1 _build/nrf52840_xxaa/system_nrf52840.c.o

.debug_frame    0x00000000      0x528
 .debug_frame   0x00000000      0x300 _build/nrf52840_xxaa/nrf_log_frontend.c.o
 .debug_frame   0x00000300       0xfc _build/nrf52840_xxaa/boards.c.o
 .debug_frame   0x000003fc       0x58 _build/nrf52840_xxaa/main.c.o
 .debug_frame   0x00000454       0x40 _build/nrf52840_xxaa/system_nrf52840.c.o
 .debug_frame   0x00000494       0x28 c:/program files (x86)/gnu tools arm embedded/7 2018-q2-update/bin/../lib/gcc/arm-none-eabi/7.3.1/../../../../arm-none-eabi/lib/thumb/v7e-m/fpv4-sp/hard\libc_nano.a(lib_a-exit.o)
 .debug_frame   0x000004bc       0x2c c:/program files (x86)/gnu tools arm embedded/7 2018-q2-update/bin/../lib/gcc/arm-none-eabi/7.3.1/../../../../arm-none-eabi/lib/thumb/v7e-m/fpv4-sp/hard\libc_nano.a(lib_a-init.o)
 .debug_frame   0x000004e8       0x20 c:/program files (x86)/gnu tools arm embedded/7 2018-q2-update/bin/../lib/gcc/arm-none-eabi/7.3.1/../../../../arm-none-eabi/lib/thumb/v7e-m/fpv4-sp/hard\libc_nano.a(lib_a-memset.o)
 .debug_frame   0x00000508       0x20 c:/program files (x86)/gnu tools arm embedded/7 2018-q2-update/bin/../lib/gcc/arm-none-eabi/7.3.1/../../../../arm-none-eabi/lib/thumb/v7e-m/fpv4-sp/hard\libnosys.a(_exit.o)
