Archive member included to satisfy reference by file (symbol)

c:/program files (x86)/gnu tools arm embedded/7 2018-q2-update/bin/../lib/gcc/arm-none-eabi/7.3.1/../../../../arm-none-eabi/lib/thumb/v7e-m/fpv4-sp/hard\libc_nano.a(lib_a-exit.o)
                              c:/program files (x86)/gnu tools arm embedded/7 2018-q2-update/bin/../lib/gcc/arm-none-eabi/7.3.1/../../../../arm-none-eabi/lib/thumb/v7e-m/fpv4-sp/hard/crt0.o (exit)
c:/program files (x86)/gnu tools arm embedded/7 2018-q2-update/bin/../lib/gcc/arm-none-eabi/7.3.1/../../../../arm-none-eabi/lib/thumb/v7e-m/fpv4-sp/hard\libc_nano.a(lib_a-impure.o)
                              c:/program files (x86)/gnu tools arm embedded/7 2018-q2-update/bin/../lib/gcc/arm-none-eabi/7.3.1/../../../../arm-none-eabi/lib/thumb/v7e-m/fpv4-sp/hard\libc_nano.a(lib_a-exit.o) (_global_impure_ptr)
c:/program files (x86)/gnu tools arm embedded/7 2018-q2-update/bin/../lib/gcc/arm-none-eabi/7.3.1/../../../../arm-none-eabi/lib/thumb/v7e-m/fpv4-sp/hard\libc_nano.a(lib_a-init.o)
                              c:/program files (x86)/gnu tools arm embedded/7 2018-q2-update/bin/../lib/gcc/arm-none-eabi/7.3.1/../../../../arm-none-eabi/lib/thumb/v7e-m/fpv4-sp/hard/crt0.o (__libc_init_array)
c:/program files (x86)/gnu tools arm embedded/7 2018-q2-update/bin/../lib/gcc/arm-none-eabi/7.3.1/../../../../arm-none-eabi/lib/thumb/v7e-m/fpv4-sp/hard\libc_nano.a(lib_a-locale.o)
                              _build/nrf52840_xxaa/nrf_log_str_formatter.c.o (__locale_ctype_ptr)
c:/program files (x86)/gnu tools arm embedded/7 2018-q2-update/bin/../lib/gcc/arm-none-eabi/7.3.1/../../../../arm-none-eabi/lib/thumb/v7e-m/fpv4-sp/hard\libc_nano.a(lib_a-mbtowc_r.o)
                              c:/program files (x86)/gnu tools arm embedded/7 2018-q2-update/bin/../lib/gcc/arm-none-eabi/7.3.1/../../../../arm-none-eabi/lib/thumb/v7e-m/fpv4-sp/hard\libc_nano.a(lib_a-locale.o) (__ascii_mbtowc)
c:/program files (x86)/gnu tools arm embedded/7 2018-q2-update/bin/../lib/gcc/arm-none-eabi/7.3.1/../../../../arm-none-eabi/lib/thumb/v7e-m/fpv4-sp/hard\libc_nano.a(lib_a-memcmp.o)
                              _build/nrf52840_xxaa/ble_advdata.c.o (memcmp)
c:/program files (x86)/gnu tools arm embedded/7 2018-q2-update/bin/../lib/gcc/arm-none-eabi/7.3.1/../../../../arm-none-eabi/lib/thumb/v7e-m/fpv4-sp/hard\libc_nano.a(lib_a-memcpy-stub.o)
                              _build/nrf52840_xxaa/nrf_log_frontend.c.o (memcpy)
c:/program files (x86)/gnu tools arm embedded/7 2018-q2-update/bin/../lib/gcc/arm-none-eabi/7.3.1/../../../../arm-none-eabi/lib/thumb/v7e-m/fpv4-sp/hard\libc_nano.a(lib_a-memset.o)
                              c:/program files (x86)/gnu tools arm embedded/7 2018-q2-update/bin/../lib/gcc/arm-none-eabi/7.3.1/../../../../arm-none-eabi/lib/thumb/v7e-m/fpv4-sp/hard/crt0.o (memset)
c:/program files (x86)/gnu tools arm embedded/7 2018-q2-update/bin/../lib/gcc/arm-none-eabi/7.3.1/../../../../arm-none-eabi/lib/thumb/v7e-m/fpv4-sp/hard\libc_nano.a(lib_a-strcmp.o)
                              _build/nrf52840_xxaa/nrf_ble_scan.c.o (strcmp)
c:/program files (x86)/gnu tools arm embedded/7 2018-q2-update/bin/../lib/gcc/arm-none-eabi/7.3.1/../../../../arm-none-eabi/lib/thumb/v7e-m/fpv4-sp/hard\libc_nano.a(lib_a-strcpy.o)
                              _build/nrf52840_xxaa/SEGGER_RTT.c.o (strcpy)
c:/program files (x86)/gnu tools arm embedded/7 2018-q2-update/bin/../lib/gcc/arm-none-eabi/7.3.1/../../../../arm-none-eabi/lib/thumb/v7e-m/fpv4-sp/hard\libc_nano.a(lib_a-strlen.o)
                              _build/nrf52840_xxaa/nrf_log_frontend.c.o (strlen)
c:/program files (x86)/gnu tools arm embedded/7 2018-q2-update/bin/../lib/gcc/arm-none-eabi/7.3.1/../../../../arm-none-eabi/lib/thumb/v7e-m/fpv4-sp/hard\libc_nano.a(lib_a-wctomb_r.o)
                              c:/program files (x86)/gnu tools arm embedded/7 2018-q2-update/bin/../lib/gcc/arm-none-eabi/7.3.1/../../../../arm-none-eabi/lib/thumb/v7e-m/fpv4-sp/hard\libc_nano.a(lib_a-locale.o) (__ascii_wctomb)
c:/program files (x86)/gnu tools arm embedded/7 2018-q2-update/bin/../lib/gcc/arm-none-eabi/7.3.1/../../../../arm-none-eabi/lib/thumb/v7e-m/fpv4-sp/hard\libc_nano.a(lib_a-ctype_.o)
                              c:/program files (x86)/gnu tools arm embedded/7 2018-q2-update/bin/../lib/gcc/arm-none-eabi/7.3.1/../../../../arm-none-eabi/lib/thumb/v7e-m/fpv4-sp/hard\libc_nano.a(lib_a-locale.o) (_ctype_)
c:/program files (x86)/gnu tools arm embedded/7 2018-q2-update/bin/../lib/gcc/arm-none-eabi/7.3.1/../../../../arm-none-eabi/lib/thumb/v7e-m/fpv4-sp/hard\libnosys.a(_exit.o)
                              c:/program files (x86)/gnu tools arm embedded/7 2018-q2-update/bin/../lib/gcc/arm-none-eabi/7.3.1/../../../../arm-none-eabi/lib/thumb/v7e-m/fpv4-sp/hard\libc_nano.a(lib_a-exit.o) (_exit)
c:/program files (x86)/gnu tools arm embedded/7 2018-q2-update/bin/../lib/gcc/arm-none-eabi/7.3.1/thumb/v7e-m/fpv4-sp/hard\libgcc.a(_aeabi_ldivmod.o)
[...]
Memory Configuration

Name             Origin             Length             Attributes
FLASH            0x00026000         0x000da000         xr
RAM              0x20001d70         0x0003e290         xrw
*default*        0x00000000         0xffffffff

Linker script and memory map


.text           0x00026000     0x7318
 *(.isr_vector)
 .isr_vector    0x00026000      0x200 _build/nrf52840_xxaa/gcc_startup_nrf52840.S.o
                0x00026000                __isr_vector
 *(.text*)
 .text          0x00026200       0x40 c:/program files (x86)/gnu tools arm embedded/7 2018-q2-update/bin/../lib/gcc/arm-none-eabi/7.3.1/thumb/v7e-m/fpv4-sp/hard/crtbegin.o
 .text          0x00026240       0x74 c:/program files (x86)/gnu tools arm embedded/7 2018-q2-update/bin/../lib/gcc/arm-none-eabi/7.3.1/../../../../arm-none-eabi/lib/thumb/v7e-m/fpv4-sp/hard/crt0.o
                0x00026240                _start
                0x00026240                _mainCRTStartup
 .text          0x000262b4       0x3c _build/nrf52840_xxaa/gcc_startup_nrf52840.S.o
                0x000262b4                Reset_Handler
                0x000262dc                NMI_Handler
                0x000262de                HardFault_Handler
                0x000262e0                MemoryManagement_Handler
                0x000262e2                BusFault_Handler
                0x000262e4                UsageFault_Handler
                0x000262e6                SVC_Handler
                0x000262e8                DebugMon_Handler
                0x000262ea                PendSV_Handler
                0x000262ec                SysTick_Handler
                0x000262ee                TEMP_IRQHandler
                0x000262ee                QDEC_IRQHandler
                0x000262ee                TIMER3_IRQHandler
                0x000262ee                PWM3_IRQHandler
                0x000262ee                FPU_IRQHandler
                0x000262ee                USBD_IRQHandler
                0x000262ee                SPIM0_SPIS0_TWIM0_TWIS0_SPI0_TWI0_IRQHandler
                0x000262ee                PDM_IRQHandler
                0x000262ee                TIMER4_IRQHandler
                0x000262ee                CRYPTOCELL_IRQHandler
                0x000262ee                I2S_IRQHandler
                0x000262ee                SWI4_EGU4_IRQHandler
                0x000262ee                TIMER0_IRQHandler
                0x000262ee                RADIO_IRQHandler
                0x000262ee                RTC0_IRQHandler
                0x000262ee                TIMER1_IRQHandler
                0x000262ee                SPIM3_IRQHandler
                0x000262ee                PWM2_IRQHandler
                0x000262ee                ECB_IRQHandler
                0x000262ee                SPIM1_SPIS1_TWIM1_TWIS1_SPI1_TWI1_IRQHandler
                0x000262ee                Default_Handler
                0x000262ee                SAADC_IRQHandler
                0x000262ee                CCM_AAR_IRQHandler
                0x000262ee                WDT_IRQHandler
                0x000262ee                PWM1_IRQHandler
                0x000262ee                SWI5_EGU5_IRQHandler
                0x000262ee                RNG_IRQHandler
                0x000262ee                RTC2_IRQHandler
                0x000262ee                PWM0_IRQHandler
                0x000262ee                SWI3_EGU3_IRQHandler
                0x000262ee                SWI1_EGU1_IRQHandler
                0x000262ee                SPIM2_SPIS2_SPI2_IRQHandler
                0x000262ee                NFCT_IRQHandler
                0x000262ee                UARTE1_IRQHandler
                0x000262ee                MWU_IRQHandler
                0x000262ee                TIMER2_IRQHandler
                0x000262ee                QSPI_IRQHandler
                0x000262ee                COMP_LPCOMP_IRQHandler
 .text.nrf_log_backend_serial_put
                0x000262f0       0xd4 _build/nrf52840_xxaa/nrf_log_backend_serial.c.o
                0x000262f0                nrf_log_backend_serial_put
 .text.uart_evt_handler
                0x000263c4        0xc _build/nrf52840_xxaa/nrf_log_backend_uart.c.o
 .text.nrf_log_backend_uart_flush
                0x000263d0        0x4 _build/nrf52840_xxaa/nrf_log_backend_uart.c.o
 .text.nrf_log_backend_uart_put
                0x000263d4       0x20 _build/nrf52840_xxaa/nrf_log_backend_uart.c.o
 .text.serial_tx
                0x000263f4       0x4c _build/nrf52840_xxaa/nrf_log_backend_uart.c.o
 .text.nrf_log_backend_uart_panic_set
                0x00026440       0x60 _build/nrf52840_xxaa/nrf_log_backend_uart.c.o
 .text.nrf_log_backend_uart_init
                0x000264a0       0x48 _build/nrf52840_xxaa/nrf_log_backend_uart.c.o
                0x000264a0                nrf_log_backend_uart_init
 .text.nrf_log_default_backends_init
                0x000264e8       0x20 _build/nrf52840_xxaa/nrf_log_default_backends.c.o
                0x000264e8                nrf_log_default_backends_init
 .text.log_skip
                0x00026508       0xd4 _build/nrf52840_xxaa/nrf_log_frontend.c.o
 .text.nrf_log_init
                0x000265dc       0x3c _build/nrf52840_xxaa/nrf_log_frontend.c.o
                0x000265dc                nrf_log_init
 .text.nrf_log_module_name_get
                0x00026618       0x58 _build/nrf52840_xxaa/nrf_log_frontend.c.o
                0x00026618                nrf_log_module_name_get
 .text.nrf_log_color_id_get
                0x00026670       0x2c _build/nrf52840_xxaa/nrf_log_frontend.c.o
                0x00026670                nrf_log_color_id_get
 .text.nrf_log_frontend_std_0
                0x0002669c       0xf0 _build/nrf52840_xxaa/nrf_log_frontend.c.o
                0x0002669c                nrf_log_frontend_std_0
 .text.nrf_log_frontend_dequeue.part.6
                0x0002678c      0x26c _build/nrf52840_xxaa/nrf_log_frontend.c.o
 .text.nrf_log_frontend_std_1
                0x000269f8      0x100 _build/nrf52840_xxaa/nrf_log_frontend.c.o
                0x000269f8                nrf_log_frontend_std_1
 .text.nrf_log_frontend_std_2
                0x00026af8      0x104 _build/nrf52840_xxaa/nrf_log_frontend.c.o
                0x00026af8                nrf_log_frontend_std_2
 .text.nrf_log_frontend_dequeue
                0x00026bfc       0x18 _build/nrf52840_xxaa/nrf_log_frontend.c.o
                0x00026bfc                nrf_log_frontend_dequeue
 .text.nrf_log_backend_add
                0x00026c14       0x68 _build/nrf52840_xxaa/nrf_log_frontend.c.o
                0x00026c14                nrf_log_backend_add
 .text.nrf_log_panic
                0x00026c7c       0x2c _build/nrf52840_xxaa/nrf_log_frontend.c.o
                0x00026c7c                nrf_log_panic
 .text.nrf_log_std_entry_process
                0x00026ca8      0x14c _build/nrf52840_xxaa/nrf_log_str_formatter.c.o
                0x00026ca8                nrf_log_std_entry_process
 .text.nrf_log_hexdump_entry_process
                0x00026df4      0x160 _build/nrf52840_xxaa/nrf_log_str_formatter.c.o
                0x00026df4                nrf_log_hexdump_entry_process
 .text.detection_delay_timeout_handler
                0x00026f54      0x120 _build/nrf52840_xxaa/app_button.c.o
 .text.gpiote_event_handler
                0x00027074       0xa8 _build/nrf52840_xxaa/app_button.c.o
 .text.app_button_init
                0x0002711c       0xb0 _build/nrf52840_xxaa/app_button.c.o
                0x0002711c                app_button_init
 .text.app_button_enable
                0x000271cc       0x2c _build/nrf52840_xxaa/app_button.c.o
                0x000271cc                app_button_enable
 .text.app_error_handler_bare
                0x000271f8       0x20 _build/nrf52840_xxaa/app_error.c.o
                0x000271f8                app_error_handler_bare
 .text.app_error_fault_handler
                0x00027218       0x70 _build/nrf52840_xxaa/app_error_weak.c.o
                0x00027218                app_error_fault_handler
 .text.RTC1_IRQHandler
                0x00027288       0xa0 _build/nrf52840_xxaa/app_timer.c.o
                0x00027288                RTC1_IRQHandler
 .text.SWI0_EGU0_IRQHandler
                0x00027328      0x394 _build/nrf52840_xxaa/app_timer.c.o
                0x00027328                SWI0_EGU0_IRQHandler
 .text.app_timer_init
                0x000276bc       0xa8 _build/nrf52840_xxaa/app_timer.c.o
                0x000276bc                app_timer_init
 .text.app_timer_create
                0x00027764       0x24 _build/nrf52840_xxaa/app_timer.c.o
                0x00027764                app_timer_create
 .text.app_timer_start
                0x00027788       0xac _build/nrf52840_xxaa/app_timer.c.o
                0x00027788                app_timer_start
 .text.app_timer_stop
                0x00027834       0x74 _build/nrf52840_xxaa/app_timer.c.o
                0x00027834                app_timer_stop
 .text.app_util_critical_region_enter
                0x000278a8       0x4c _build/nrf52840_xxaa/app_util_platform.c.o
                0x000278a8                app_util_critical_region_enter
 .text.app_util_critical_region_exit
                0x000278f4       0x30 _build/nrf52840_xxaa/app_util_platform.c.o
                0x000278f4                app_util_critical_region_exit
 .text.nrf_atflags_set
                0x00027924       0x14 _build/nrf52840_xxaa/nrf_atflags.c.o
                0x00027924                nrf_atflags_set
 .text.nrf_atflags_clear
                0x00027938       0x14 _build/nrf52840_xxaa/nrf_atflags.c.o
                0x00027938                nrf_atflags_clear
 .text.nrf_atflags_get
                0x0002794c       0x14 _build/nrf52840_xxaa/nrf_atflags.c.o
                0x0002794c                nrf_atflags_get
 .text.nrf_atomic_u32_fetch_store
                0x00027960       0x14 _build/nrf52840_xxaa/nrf_atomic.c.o
                0x00027960                nrf_atomic_u32_fetch_store
 .text.nrf_atomic_u32_or
                0x00027974       0x18 _build/nrf52840_xxaa/nrf_atomic.c.o
                0x00027974                nrf_atomic_u32_or
 .text.nrf_atomic_u32_and
                0x0002798c       0x18 _build/nrf52840_xxaa/nrf_atomic.c.o
                0x0002798c                nrf_atomic_u32_and
 .text.nrf_atomic_u32_add
                0x000279a4       0x18 _build/nrf52840_xxaa/nrf_atomic.c.o
                0x000279a4                nrf_atomic_u32_add
 .text.nrf_atomic_u32_sub
                0x000279bc       0x18 _build/nrf52840_xxaa/nrf_atomic.c.o
                0x000279bc                nrf_atomic_u32_sub
 .text.nrf_atomic_flag_set
                0x000279d4       0x18 _build/nrf52840_xxaa/nrf_atomic.c.o
                0x000279d4                nrf_atomic_flag_set
 .text.nrf_atomic_flag_clear_fetch
                0x000279ec       0x18 _build/nrf52840_xxaa/nrf_atomic.c.o
                0x000279ec                nrf_atomic_flag_clear_fetch
 .text.nrf_balloc_init
                0x00027a04       0x38 _build/nrf52840_xxaa/nrf_balloc.c.o
                0x00027a04                nrf_balloc_init
 .text.nrf_balloc_alloc
                0x00027a3c       0x50 _build/nrf52840_xxaa/nrf_balloc.c.o
                0x00027a3c                nrf_balloc_alloc
 .text.nrf_balloc_free
                0x00027a8c       0x38 _build/nrf52840_xxaa/nrf_balloc.c.o
                0x00027a8c                nrf_balloc_free
 .text.nrf_fprintf_buffer_flush
                0x00027ac4       0x18 _build/nrf52840_xxaa/nrf_fprintf.c.o
                0x00027ac4                nrf_fprintf_buffer_flush
 .text.nrf_fprintf
                0x00027adc       0x20 _build/nrf52840_xxaa/nrf_fprintf.c.o
                0x00027adc                nrf_fprintf
 .text.unsigned_print
                0x00027afc      0x148 _build/nrf52840_xxaa/nrf_fprintf_format.c.o
 .text.nrf_fprintf_fmt
                0x00027c44      0x6e4 _build/nrf52840_xxaa/nrf_fprintf_format.c.o
                0x00027c44                nrf_fprintf_fmt
 .text.nrf_memobj_pool_init
                0x00028328        0x4 _build/nrf52840_xxaa/nrf_memobj.c.o
                0x00028328                nrf_memobj_pool_init
 .text.nrf_memobj_alloc
                0x0002832c       0x84 _build/nrf52840_xxaa/nrf_memobj.c.o
                0x0002832c                nrf_memobj_alloc
 .text.nrf_memobj_get
                0x000283b0        0x8 _build/nrf52840_xxaa/nrf_memobj.c.o
                0x000283b0                nrf_memobj_get
 .text.nrf_memobj_put
                0x000283b8       0x44 _build/nrf52840_xxaa/nrf_memobj.c.o
                0x000283b8                nrf_memobj_put
 .text.nrf_memobj_write
                0x000283fc       0x68 _build/nrf52840_xxaa/nrf_memobj.c.o
                0x000283fc                nrf_memobj_write
 .text.nrf_memobj_read
                0x00028464       0x68 _build/nrf52840_xxaa/nrf_memobj.c.o
                0x00028464                nrf_memobj_read
 .text.sd_app_evt_wait
                0x000284cc        0x4 _build/nrf52840_xxaa/nrf_pwr_mgmt.c.o
 .text.nrf_pwr_mgmt_init
                0x000284d0       0x2c _build/nrf52840_xxaa/nrf_pwr_mgmt.c.o
                0x000284d0                nrf_pwr_mgmt_init
 .text.nrf_pwr_mgmt_run
                0x000284fc       0x50 _build/nrf52840_xxaa/nrf_pwr_mgmt.c.o
                0x000284fc                nrf_pwr_mgmt_run
 .text.nrf_ringbuf_init
                0x0002854c       0x1c _build/nrf52840_xxaa/nrf_ringbuf.c.o
                0x0002854c                nrf_ringbuf_init
 .text.nrf_section_iter_init
                0x00028568       0x14 _build/nrf52840_xxaa/nrf_section_iter.c.o
                0x00028568                nrf_section_iter_init
 .text.nrf_section_iter_next
                0x0002857c       0x18 _build/nrf52840_xxaa/nrf_section_iter.c.o
                0x0002857c                nrf_section_iter_next
 .text.nrf_strerror_get
                0x00028594       0x6c _build/nrf52840_xxaa/nrf_strerror.c.o
                0x00028594                nrf_strerror_get
 .text.SystemInit
                0x00028600      0x1c4 _build/nrf52840_xxaa/system_nrf52840.c.o
                0x00028600                SystemInit
 .text.bsp_board_led_on
                0x000287c4       0x28 _build/nrf52840_xxaa/boards.c.o
                0x000287c4                bsp_board_led_on
 .text.bsp_board_led_off
                0x000287ec       0x28 _build/nrf52840_xxaa/boards.c.o
                0x000287ec                bsp_board_led_off
 .text.bsp_board_init
                0x00028814       0xd4 _build/nrf52840_xxaa/boards.c.o
                0x00028814                bsp_board_init
 .text.clock_irq_handler
                0x000288e8       0x44 _build/nrf52840_xxaa/nrf_drv_clock.c.o
 .text.soc_evt_handler
                0x0002892c       0x28 _build/nrf52840_xxaa/nrf_drv_clock.c.o
 .text.sd_state_evt_handler
                0x00028954       0xa0 _build/nrf52840_xxaa/nrf_drv_clock.c.o
 .text.uarte_evt_handler
                0x000289f4       0x34 _build/nrf52840_xxaa/nrf_drv_uart.c.o
 .text.uart_evt_handler
                0x00028a28       0x34 _build/nrf52840_xxaa/nrf_drv_uart.c.o
 .text.nrf_drv_uart_init
                0x00028a5c       0x88 _build/nrf52840_xxaa/nrf_drv_uart.c.o
                0x00028a5c                nrf_drv_uart_init
 .text.nrfx_clock_init
                0x00028ae4       0x1c _build/nrf52840_xxaa/nrfx_clock.c.o
                0x00028ae4                nrfx_clock_init
 .text.nrfx_clock_enable
                0x00028b00       0x24 _build/nrf52840_xxaa/nrfx_clock.c.o
                0x00028b00                nrfx_clock_enable
 .text.nrfx_clock_lfclk_stop
                0x00028b24       0x18 _build/nrf52840_xxaa/nrfx_clock.c.o
                0x00028b24                nrfx_clock_lfclk_stop
 .text.POWER_CLOCK_IRQHandler
                0x00028b3c       0x64 _build/nrf52840_xxaa/nrfx_clock.c.o
                0x00028b3c                POWER_CLOCK_IRQHandler
 .text.nrfx_gpiote_init
                0x00028ba0       0x94 _build/nrf52840_xxaa/nrfx_gpiote.c.o
                0x00028ba0                nrfx_gpiote_init
 .text.nrfx_gpiote_is_init
                0x00028c34       0x14 _build/nrf52840_xxaa/nrfx_gpiote.c.o
                0x00028c34                nrfx_gpiote_is_init
 .text.nrfx_gpiote_in_init
                0x00028c48      0x1e0 _build/nrf52840_xxaa/nrfx_gpiote.c.o
                0x00028c48                nrfx_gpiote_in_init
 .text.nrfx_gpiote_in_event_enable
                0x00028e28       0xf8 _build/nrf52840_xxaa/nrfx_gpiote.c.o
                0x00028e28                nrfx_gpiote_in_event_enable
 .text.nrfx_gpiote_in_is_set
                0x00028f20       0x20 _build/nrf52840_xxaa/nrfx_gpiote.c.o
                0x00028f20                nrfx_gpiote_in_is_set
 .text.GPIOTE_IRQHandler
                0x00028f40      0x568 _build/nrf52840_xxaa/nrfx_gpiote.c.o
                0x00028f40                GPIOTE_IRQHandler
 .text.UARTE0_UART0_IRQHandler
                0x000294a8        0xc _build/nrf52840_xxaa/nrfx_prs.c.o
                0x000294a8                UARTE0_UART0_IRQHandler
 .text.nrfx_prs_acquire
                0x000294b4       0x4c _build/nrf52840_xxaa/nrfx_prs.c.o
                0x000294b4                nrfx_prs_acquire
 .text.nrfx_prs_release
                0x00029500       0x18 _build/nrf52840_xxaa/nrfx_prs.c.o
                0x00029500                nrfx_prs_release
 .text.nrfx_uart_0_irq_handler
                0x00029518      0x1bc _build/nrf52840_xxaa/nrfx_uart.c.o
                0x00029518                nrfx_uart_0_irq_handler
 .text.nrfx_uart_init
                0x000296d4      0x1e4 _build/nrf52840_xxaa/nrfx_uart.c.o
                0x000296d4                nrfx_uart_init
 .text.nrfx_uart_uninit
                0x000298b8       0xfc _build/nrf52840_xxaa/nrfx_uart.c.o
                0x000298b8                nrfx_uart_uninit
 .text.nrfx_uart_tx
                0x000299b4       0xcc _build/nrf52840_xxaa/nrfx_uart.c.o
                0x000299b4                nrfx_uart_tx
 .text.nrfx_uarte_0_irq_handler
                0x00029a80      0x11c _build/nrf52840_xxaa/nrfx_uarte.c.o
                0x00029a80                nrfx_uarte_0_irq_handler
 .text.nrfx_uarte_init
                0x00029b9c      0x208 _build/nrf52840_xxaa/nrfx_uarte.c.o
                0x00029b9c                nrfx_uarte_init
 .text.nrfx_uarte_uninit
                0x00029da4      0x100 _build/nrf52840_xxaa/nrfx_uarte.c.o
                0x00029da4                nrfx_uarte_uninit
 .text.nrfx_uarte_tx
                0x00029ea4       0xa4 _build/nrf52840_xxaa/nrfx_uarte.c.o
                0x00029ea4                nrfx_uarte_tx
 .text.bsp_event_to_button_action_assign
                0x00029f48       0x3c _build/nrf52840_xxaa/bsp.c.o
                0x00029f48                bsp_event_to_button_action_assign
 .text.ble_evt_handler
                0x00029f84       0xac _build/nrf52840_xxaa/bsp_btn_ble.c.o
 .text.sd_ble_gap_conn_param_update
                0x0002a030        0x4 _build/nrf52840_xxaa/main.c.o
 .text.sd_ble_gap_disconnect
                0x0002a034        0x4 _build/nrf52840_xxaa/main.c.o
 .text.sd_ble_gap_phy_update
                0x0002a038        0x4 _build/nrf52840_xxaa/main.c.o
 .text.db_disc_handler
                0x0002a03c        0xc _build/nrf52840_xxaa/main.c.o
 .text.scan_evt_handler
                0x0002a048       0x10 _build/nrf52840_xxaa/main.c.o
 .text.button_event_handler
                0x0002a058       0x54 _build/nrf52840_xxaa/main.c.o
 .text.lbs_c_evt_handler
                0x0002a0ac       0x90 _build/nrf52840_xxaa/main.c.o
 .text.ble_evt_handler
                0x0002a13c       0xf0 _build/nrf52840_xxaa/main.c.o
 .text.startup.main
                0x0002a22c      0x14c _build/nrf52840_xxaa/main.c.o
                0x0002a22c                main
 .text.ble_advdata_name_find
                0x0002a378       0x74 _build/nrf52840_xxaa/ble_advdata.c.o
                0x0002a378                ble_advdata_name_find
 .text.ble_evt_handler
                0x0002a3ec      0x124 _build/nrf52840_xxaa/ble_conn_state.c.o
 .text.sd_ble_gattc_primary_services_discover
                0x0002a510        0x4 _build/nrf52840_xxaa/ble_db_discovery.c.o
 .text.sd_ble_gattc_characteristics_discover
                0x0002a514        0x4 _build/nrf52840_xxaa/ble_db_discovery.c.o
 .text.sd_ble_gattc_descriptors_discover
                0x0002a518        0x4 _build/nrf52840_xxaa/ble_db_discovery.c.o
 .text.discovery_error_evt_trigger
                0x0002a51c       0xd8 _build/nrf52840_xxaa/ble_db_discovery.c.o
 .text.descriptors_discover
                0x0002a5f4       0xc0 _build/nrf52840_xxaa/ble_db_discovery.c.o
 .text.ble_db_discovery_init
                0x0002a6b4       0x34 _build/nrf52840_xxaa/ble_db_discovery.c.o
                0x0002a6b4                ble_db_discovery_init
 .text.ble_db_discovery_evt_register
                0x0002a6e8       0xcc _build/nrf52840_xxaa/ble_db_discovery.c.o
                0x0002a6e8                ble_db_discovery_evt_register
 .text.ble_db_discovery_start
                0x0002a7b4       0x84 _build/nrf52840_xxaa/ble_db_discovery.c.o
                0x0002a7b4                ble_db_discovery_start
 .text.ble_db_discovery_on_ble_evt
                0x0002a838      0xce8 _build/nrf52840_xxaa/ble_db_discovery.c.o
                0x0002a838                ble_db_discovery_on_ble_evt
 .text.sd_ble_gap_data_length_update
                0x0002b520        0x4 _build/nrf52840_xxaa/nrf_ble_gatt.c.o
 .text.sd_ble_gattc_exchange_mtu_request
                0x0002b524        0x4 _build/nrf52840_xxaa/nrf_ble_gatt.c.o
 .text.sd_ble_gatts_exchange_mtu_reply
                0x0002b528        0x4 _build/nrf52840_xxaa/nrf_ble_gatt.c.o
 .text.nrf_ble_gatt_init
                0x0002b52c       0x2c _build/nrf52840_xxaa/nrf_ble_gatt.c.o
                0x0002b52c                nrf_ble_gatt_init
 .text.nrf_ble_gatt_on_ble_evt
                0x0002b558      0x240 _build/nrf52840_xxaa/nrf_ble_gatt.c.o
                0x0002b558                nrf_ble_gatt_on_ble_evt
 .text.sd_ble_gap_scan_start
                0x0002b798        0x4 _build/nrf52840_xxaa/nrf_ble_scan.c.o
 .text.sd_ble_gap_scan_stop
                0x0002b79c        0x4 _build/nrf52840_xxaa/nrf_ble_scan.c.o
 .text.sd_ble_gap_connect
                0x0002b7a0        0x4 _build/nrf52840_xxaa/nrf_ble_scan.c.o
 .text.nrf_ble_scan_filter_set
                0x0002b7a4       0x5c _build/nrf52840_xxaa/nrf_ble_scan.c.o
                0x0002b7a4                nrf_ble_scan_filter_set
 .text.nrf_ble_scan_filters_enable
                0x0002b800       0x28 _build/nrf52840_xxaa/nrf_ble_scan.c.o
                0x0002b800                nrf_ble_scan_filters_enable
 .text.nrf_ble_scan_init
                0x0002b828       0xc4 _build/nrf52840_xxaa/nrf_ble_scan.c.o
                0x0002b828                nrf_ble_scan_init
 .text.nrf_ble_scan_start
                0x0002b8ec       0x74 _build/nrf52840_xxaa/nrf_ble_scan.c.o
                0x0002b8ec                nrf_ble_scan_start
 .text.nrf_ble_scan_on_ble_evt
                0x0002b960      0x208 _build/nrf52840_xxaa/nrf_ble_scan.c.o
                0x0002b960                nrf_ble_scan_on_ble_evt
 .text.sd_ble_gattc_read
                0x0002bb68        0x4 _build/nrf52840_xxaa/ble_lbs_c.c.o
 .text.sd_ble_gattc_write
                0x0002bb6c        0x4 _build/nrf52840_xxaa/ble_lbs_c.c.o
 .text.sd_ble_uuid_vs_add
                0x0002bb70        0x4 _build/nrf52840_xxaa/ble_lbs_c.c.o
 .text.ble_lbs_on_db_disc_evt
                0x0002bb74      0x23c _build/nrf52840_xxaa/ble_lbs_c.c.o
                0x0002bb74                ble_lbs_on_db_disc_evt
 .text.ble_lbs_c_init
                0x0002bdb0       0x5c _build/nrf52840_xxaa/ble_lbs_c.c.o
                0x0002bdb0                ble_lbs_c_init
 .text.ble_lbs_c_on_ble_evt
                0x0002be0c       0xb0 _build/nrf52840_xxaa/ble_lbs_c.c.o
                0x0002be0c                ble_lbs_c_on_ble_evt
 .text.ble_lbs_c_button_notif_enable
                0x0002bebc       0x94 _build/nrf52840_xxaa/ble_lbs_c.c.o
                0x0002bebc                ble_lbs_c_button_notif_enable
 .text.ble_lbs_led_status_send
                0x0002bf50       0xa0 _build/nrf52840_xxaa/ble_lbs_c.c.o
                0x0002bf50                ble_lbs_led_status_send
 .text.ble_lbs_c_handles_assign
                0x0002bff0       0x18 _build/nrf52840_xxaa/ble_lbs_c.c.o
                0x0002bff0                ble_lbs_c_handles_assign
 .text.sd_softdevice_enable
                0x0002c008        0x4 _build/nrf52840_xxaa/nrf_sdh.c.o
 .text.nrf_sdh_enable_request
                0x0002c00c      0x114 _build/nrf52840_xxaa/nrf_sdh.c.o
                0x0002c00c                nrf_sdh_enable_request
 .text.nrf_sdh_is_enabled
                0x0002c120        0xc _build/nrf52840_xxaa/nrf_sdh.c.o
                0x0002c120                nrf_sdh_is_enabled
 .text.SWI2_EGU2_IRQHandler
                0x0002c12c       0x2c _build/nrf52840_xxaa/nrf_sdh.c.o
                0x0002c12c                SWI2_EGU2_IRQHandler
 .text.sd_ble_enable
                0x0002c158        0x4 _build/nrf52840_xxaa/nrf_sdh_ble.c.o
 .text.sd_ble_cfg_set
                0x0002c15c        0x4 _build/nrf52840_xxaa/nrf_sdh_ble.c.o
 .text.sd_ble_evt_get
                0x0002c160        0x4 _build/nrf52840_xxaa/nrf_sdh_ble.c.o
 .text.nrf_sdh_ble_evts_poll
                0x0002c164       0x58 _build/nrf52840_xxaa/nrf_sdh_ble.c.o
 .text.nrf_sdh_ble_default_cfg_set
                0x0002c1bc      0x174 _build/nrf52840_xxaa/nrf_sdh_ble.c.o
                0x0002c1bc                nrf_sdh_ble_default_cfg_set
 .text.nrf_sdh_ble_enable
                0x0002c330       0x9c _build/nrf52840_xxaa/nrf_sdh_ble.c.o
                0x0002c330                nrf_sdh_ble_enable
 .text.sd_evt_get
                0x0002c3cc        0x4 _build/nrf52840_xxaa/nrf_sdh_soc.c.o
 .text.nrf_sdh_soc_evts_poll
                0x0002c3d0       0x4c _build/nrf52840_xxaa/nrf_sdh_soc.c.o
 .text.exit     0x0002c41c       0x28 c:/program files (x86)/gnu tools arm embedded/7 2018-q2-update/bin/../lib/gcc/arm-none-eabi/7.3.1/../../../../arm-none-eabi/lib/thumb/v7e-m/fpv4-sp/hard\libc_nano.a(lib_a-exit.o)
                0x0002c41c                exit
 .text.__libc_init_array
                0x0002c444       0x48 c:/program files (x86)/gnu tools arm embedded/7 2018-q2-update/bin/../lib/gcc/arm-none-eabi/7.3.1/../../../../arm-none-eabi/lib/thumb/v7e-m/fpv4-sp/hard\libc_nano.a(lib_a-init.o)
                0x0002c444                __libc_init_array
 .text.__locale_ctype_ptr
                0x0002c48c       0x1c c:/program files (x86)/gnu tools arm embedded/7 2018-q2-update/bin/../lib/gcc/arm-none-eabi/7.3.1/../../../../arm-none-eabi/lib/thumb/v7e-m/fpv4-sp/hard\libc_nano.a(lib_a-locale.o)
                0x0002c48c                __locale_ctype_ptr
 .text.__ascii_mbtowc
                0x0002c4a8       0x24 c:/program files (x86)/gnu tools arm embedded/7 2018-q2-update/bin/../lib/gcc/arm-none-eabi/7.3.1/../../../../arm-none-eabi/lib/thumb/v7e-m/fpv4-sp/hard\libc_nano.a(lib_a-mbtowc_r.o)
                0x0002c4a8                __ascii_mbtowc
 .text.memcmp   0x0002c4cc       0x1e c:/program files (x86)/gnu tools arm embedded/7 2018-q2-update/bin/../lib/gcc/arm-none-eabi/7.3.1/../../../../arm-none-eabi/lib/thumb/v7e-m/fpv4-sp/hard\libc_nano.a(lib_a-memcmp.o)
                0x0002c4cc                memcmp
 .text.memcpy   0x0002c4ea       0x16 c:/program files (x86)/gnu tools arm embedded/7 2018-q2-update/bin/../lib/gcc/arm-none-eabi/7.3.1/../../../../arm-none-eabi/lib/thumb/v7e-m/fpv4-sp/hard\libc_nano.a(lib_a-memcpy-stub.o)
                0x0002c4ea                memcpy
 .text.memset   0x0002c500       0x10 c:/program files (x86)/gnu tools arm embedded/7 2018-q2-update/bin/../lib/gcc/arm-none-eabi/7.3.1/../../../../arm-none-eabi/lib/thumb/v7e-m/fpv4-sp/hard\libc_nano.a(lib_a-memset.o)
                0x0002c500                memset
 .text          0x0002c510       0x14 c:/program files (x86)/gnu tools arm embedded/7 2018-q2-update/bin/../lib/gcc/arm-none-eabi/7.3.1/../../../../arm-none-eabi/lib/thumb/v7e-m/fpv4-sp/hard\libc_nano.a(lib_a-strcmp.o)
                0x0002c510                strcmp
 .text          0x0002c524       0x10 c:/program files (x86)/gnu tools arm embedded/7 2018-q2-update/bin/../lib/gcc/arm-none-eabi/7.3.1/../../../../arm-none-eabi/lib/thumb/v7e-m/fpv4-sp/hard\libc_nano.a(lib_a-strlen.o)
                0x0002c524                strlen
 .text.__ascii_wctomb
                0x0002c534       0x1a c:/program files (x86)/gnu tools arm embedded/7 2018-q2-update/bin/../lib/gcc/arm-none-eabi/7.3.1/../../../../arm-none-eabi/lib/thumb/v7e-m/fpv4-sp/hard\libc_nano.a(lib_a-wctomb_r.o)
                0x0002c534                __ascii_wctomb
 *fill*         0x0002c54e        0x2 
 .text._exit    0x0002c550        0x4 c:/program files (x86)/gnu tools arm embedded/7 2018-q2-update/bin/../lib/gcc/arm-none-eabi/7.3.1/../../../../arm-none-eabi/lib/thumb/v7e-m/fpv4-sp/hard\libnosys.a(_exit.o)
                0x0002c550                _exit
 *(.init)
 .init          0x0002c554        0x4 c:/program files (x86)/gnu tools arm embedded/7 2018-q2-update/bin/../lib/gcc/arm-none-eabi/7.3.1/thumb/v7e-m/fpv4-sp/hard/crti.o
                0x0002c554                _init
 .init          0x0002c558        0x8 c:/program files (x86)/gnu tools arm embedded/7 2018-q2-update/bin/../lib/gcc/arm-none-eabi/7.3.1/thumb/v7e-m/fpv4-sp/hard/crtn.o
 *(.fini)
 .fini          0x0002c560        0x4 c:/program files (x86)/gnu tools arm embedded/7 2018-q2-update/bin/../lib/gcc/arm-none-eabi/7.3.1/thumb/v7e-m/fpv4-sp/hard/crti.o
                0x0002c560                _fini
 .fini          0x0002c564        0x8 c:/program files (x86)/gnu tools arm embedded/7 2018-q2-update/bin/../lib/gcc/arm-none-eabi/7.3.1/thumb/v7e-m/fpv4-sp/hard/crtn.o
 *crtbegin.o(.ctors)
 *crtbegin?.o(.ctors)
 *(EXCLUDE_FILE(*crtend.o *crtend?.o) .ctors)
 *(SORT_BY_NAME(.ctors.*))
 *(.ctors)
 *crtbegin.o(.dtors)
 *crtbegin?.o(.dtors)
 *(EXCLUDE_FILE(*crtend.o *crtend?.o) .dtors)
 *(SORT_BY_NAME(.dtors.*))
 *(.dtors)
 *(.rodata*)
 .rodata        0x0002c56c       0x20 _build/nrf52840_xxaa/nrf_log_backend_uart.c.o
 .rodata.nrf_log_backend_uart_api
                0x0002c58c        0xc _build/nrf52840_xxaa/nrf_log_backend_uart.c.o
                0x0002c58c                nrf_log_backend_uart_api
 .rodata.str1.4
                0x0002c598       0x11 _build/nrf52840_xxaa/nrf_log_default_backends.c.o
 *fill*         0x0002c5a9        0x3 
 .rodata.m_log_push_ringbuf
                0x0002c5ac        0xc _build/nrf52840_xxaa/nrf_log_frontend.c.o
 .rodata.nrf_log_frontend_dequeue.part.6.str1.4
                0x0002c5b8       0x11 _build/nrf52840_xxaa/nrf_log_frontend.c.o
 *fill*         0x0002c5c9        0x3 
 .rodata.str1.4
                0x0002c5cc        0x4 _build/nrf52840_xxaa/nrf_log_frontend.c.o
 .rodata.m_colors
                0x0002c5d0       0x24 _build/nrf52840_xxaa/nrf_log_str_formatter.c.o
 .rodata.nrf_log_hexdump_entry_process.str1.4
                0x0002c5f4       0x13 _build/nrf52840_xxaa/nrf_log_str_formatter.c.o
                                 0x16 (size before relaxing)
 *fill*         0x0002c607        0x1 
 .rodata.nrf_log_std_entry_process.str1.4
                0x0002c608       0x3b _build/nrf52840_xxaa/nrf_log_str_formatter.c.o
 *fill*         0x0002c643        0x1 
 .rodata.severity_names
                0x0002c644       0x14 _build/nrf52840_xxaa/nrf_log_str_formatter.c.o
 .rodata.str1.4
                0x0002c658       0x56 _build/nrf52840_xxaa/nrf_log_str_formatter.c.o
 *fill*         0x0002c6ae        0x2 
 .rodata.m_detection_delay_timer_id
                0x0002c6b0        0x4 _build/nrf52840_xxaa/app_button.c.o
 .rodata.app_error_fault_handler.str1.4
                0x0002c6b4       0x19 _build/nrf52840_xxaa/app_error_weak.c.o
 *fill*         0x0002c6cd        0x3 
 .rodata.delay_machine_code.9033
                0x0002c6d0        0x6 _build/nrf52840_xxaa/app_timer.c.o
 *fill*         0x0002c6d6        0x2 
 .rodata._aV2C.7694
                0x0002c6d8       0x10 _build/nrf52840_xxaa/nrf_fprintf_format.c.o
 .rodata.pwr_mgmt_data
                0x0002c6e8        0xc _build/nrf52840_xxaa/nrf_pwr_mgmt.c.o
 .rodata.str1.4
                0x0002c6f4        0x9 _build/nrf52840_xxaa/nrf_pwr_mgmt.c.o
 *fill*         0x0002c6fd        0x3 
 .rodata.m_unknown_str
                0x0002c700       0x13 _build/nrf52840_xxaa/nrf_strerror.c.o
 *fill*         0x0002c713        0x1 
 .rodata.nrf_strerror_array
                0x0002c714      0x128 _build/nrf52840_xxaa/nrf_strerror.c.o
 .rodata.str1.4
                0x0002c83c      0x3e9 _build/nrf52840_xxaa/nrf_strerror.c.o
 *fill*         0x0002cc25        0x3 
 .rodata.m_board_led_list
                0x0002cc28        0x4 _build/nrf52840_xxaa/boards.c.o
 .rodata.str1.4
                0x0002cc2c        0x6 _build/nrf52840_xxaa/nrf_drv_clock.c.o
 *fill*         0x0002cc32        0x2 
 .rodata.str1.4
                0x0002cc34        0x6 _build/nrf52840_xxaa/nrfx_clock.c.o
 *fill*         0x0002cc3a        0x2 
 .rodata.str1.4
                0x0002cc3c        0x7 _build/nrf52840_xxaa/nrfx_gpiote.c.o
 *fill*         0x0002cc43        0x1 
 .rodata.str1.4
                0x0002cc44        0x4 _build/nrf52840_xxaa/nrfx_prs.c.o
 .rodata.str1.4
                0x0002cc48        0x5 _build/nrf52840_xxaa/nrfx_uart.c.o
 *fill*         0x0002cc4d        0x3 
 .rodata.str1.4
                0x0002cc50        0x6 _build/nrf52840_xxaa/nrfx_uarte.c.o
 *fill*         0x0002cc56        0x2 
 .rodata.ble_evt_handler.str1.4
                0x0002cc58       0x1a _build/nrf52840_xxaa/main.c.o
 *fill*         0x0002cc72        0x2 
 .rodata.button_event_handler.str1.4
                0x0002cc74       0x17 _build/nrf52840_xxaa/main.c.o
 *fill*         0x0002cc8b        0x1 
 .rodata.lbs_c_evt_handler.str1.4
                0x0002cc8c       0x5a _build/nrf52840_xxaa/main.c.o
 *fill*         0x0002cce6        0x2 
 .rodata.m_target_periph_name
                0x0002cce8        0xe _build/nrf52840_xxaa/main.c.o
 *fill*         0x0002ccf6        0x2 
 .rodata.main.str1.4
                0x0002ccf8       0x20 _build/nrf52840_xxaa/main.c.o
 .rodata.ble_db_discovery_on_ble_evt.str1.4
                0x0002cd18       0xa2 _build/nrf52840_xxaa/ble_db_discovery.c.o
 *fill*         0x0002cdba        0x2 
 .rodata.str1.4
                0x0002cdbc        0xc _build/nrf52840_xxaa/ble_db_discovery.c.o
 .rodata.nrf_ble_gatt_data_length_set.str1.4
                0x0002cdc8       0xe2 _build/nrf52840_xxaa/nrf_ble_gatt.c.o
 *fill*         0x0002ceaa        0x2 
 .rodata.nrf_ble_gatt_on_ble_evt.str1.4
                0x0002ceac       0x63 _build/nrf52840_xxaa/nrf_ble_gatt.c.o
 *fill*         0x0002cf0f        0x1 
 .rodata.str1.4
                0x0002cf10        0xd _build/nrf52840_xxaa/nrf_ble_gatt.c.o
 *fill*         0x0002cf1d        0x3 
 .rodata.nrf_ble_scan_start.str1.4
                0x0002cf20       0x24 _build/nrf52840_xxaa/nrf_ble_scan.c.o
 .rodata.str1.4
                0x0002cf44        0x9 _build/nrf52840_xxaa/nrf_ble_scan.c.o
 *fill*         0x0002cf4d        0x3 
 .rodata        0x0002cf50       0x10 _build/nrf52840_xxaa/ble_lbs_c.c.o
 .rodata.str1.4
                0x0002cf60        0xa _build/nrf52840_xxaa/ble_lbs_c.c.o
 *fill*         0x0002cf6a        0x2 
 .rodata        0x0002cf6c        0x4 _build/nrf52840_xxaa/nrf_sdh.c.o
 .rodata.sdh_req_observers
                0x0002cf70        0xc _build/nrf52840_xxaa/nrf_sdh.c.o
 .rodata.sdh_stack_observers
                0x0002cf7c        0xc _build/nrf52840_xxaa/nrf_sdh.c.o
 .rodata.sdh_state_observers
                0x0002cf88        0xc _build/nrf52840_xxaa/nrf_sdh.c.o
 .rodata.str1.4
                0x0002cf94        0x8 _build/nrf52840_xxaa/nrf_sdh.c.o
 .rodata.nrf_sdh_ble_default_cfg_set.str1.4
                0x0002cf9c      0x187 _build/nrf52840_xxaa/nrf_sdh_ble.c.o
 *fill*         0x0002d123        0x1 
 .rodata.nrf_sdh_ble_enable.str1.4
                0x0002d124       0xad _build/nrf52840_xxaa/nrf_sdh_ble.c.o
 *fill*         0x0002d1d1        0x3 
 .rodata.sdh_ble_observers
                0x0002d1d4        0xc _build/nrf52840_xxaa/nrf_sdh_ble.c.o
 .rodata.str1.4
                0x0002d1e0        0xc _build/nrf52840_xxaa/nrf_sdh_ble.c.o
 .rodata.sdh_soc_observers
                0x0002d1ec        0xc _build/nrf52840_xxaa/nrf_sdh_soc.c.o
 .rodata.str1.4
                0x0002d1f8        0xc _build/nrf52840_xxaa/nrf_sdh_soc.c.o
 .rodata._global_impure_ptr
                0x0002d204        0x4 c:/program files (x86)/gnu tools arm embedded/7 2018-q2-update/bin/../lib/gcc/arm-none-eabi/7.3.1/../../../../arm-none-eabi/lib/thumb/v7e-m/fpv4-sp/hard\libc_nano.a(lib_a-impure.o)
                0x0002d204                _global_impure_ptr
 .rodata._setlocale_r.str1.1
                0x0002d208        0x8 c:/program files (x86)/gnu tools arm embedded/7 2018-q2-update/bin/../lib/gcc/arm-none-eabi/7.3.1/../../../../arm-none-eabi/lib/thumb/v7e-m/fpv4-sp/hard\libc_nano.a(lib_a-locale.o)
                                  0x9 (size before relaxing)
 .rodata.str1.1
                0x0002d210        0x2 c:/program files (x86)/gnu tools arm embedded/7 2018-q2-update/bin/../lib/gcc/arm-none-eabi/7.3.1/../../../../arm-none-eabi/lib/thumb/v7e-m/fpv4-sp/hard\libc_nano.a(lib_a-locale.o)
 .rodata._ctype_
                0x0002d212      0x101 c:/program files (x86)/gnu tools arm embedded/7 2018-q2-update/bin/../lib/gcc/arm-none-eabi/7.3.1/../../../../arm-none-eabi/lib/thumb/v7e-m/fpv4-sp/hard\libc_nano.a(lib_a-ctype_.o)
                0x0002d212                _ctype_
 *(.eh_frame*)
 *fill*         0x0002d313        0x1 
 .eh_frame      0x0002d314        0x0 c:/program files (x86)/gnu tools arm embedded/7 2018-q2-update/bin/../lib/gcc/arm-none-eabi/7.3.1/thumb/v7e-m/fpv4-sp/hard/crtbegin.o
 .eh_frame      0x0002d314        0x4 c:/program files (x86)/gnu tools arm embedded/7 2018-q2-update/bin/../lib/gcc/arm-none-eabi/7.3.1/thumb/v7e-m/fpv4-sp/hard/crtend.o

.glue_7         0x0002d318        0x0
 .glue_7        0x0002d318        0x0 linker stubs

.glue_7t        0x0002d318        0x0
 .glue_7t       0x0002d318        0x0 linker stubs

.vfp11_veneer   0x0002d318        0x0
 .vfp11_veneer  0x0002d318        0x0 linker stubs

.v4_bx          0x0002d318        0x0
 .v4_bx         0x0002d318        0x0 linker stubs

.iplt           0x0002d318        0x0
 .iplt          0x0002d318        0x0 c:/program files (x86)/gnu tools arm embedded/7 2018-q2-update/bin/../lib/gcc/arm-none-eabi/7.3.1/thumb/v7e-m/fpv4-sp/hard/crtbegin.o

.mem_section_dummy_rom

.sdh_soc_observers
                0x0002d318        0x8
                0x0002d318                PROVIDE (__start_sdh_soc_observers = .)
 *(SORT_BY_NAME(.sdh_soc_observers*))
 .sdh_soc_observers0
                0x0002d318        0x8 _build/nrf52840_xxaa/nrf_drv_clock.c.o
                0x0002d320                PROVIDE (__stop_sdh_soc_observers = .)

.sdh_ble_observers
                0x0002d320       0x38
                0x0002d320                PROVIDE (__start_sdh_ble_observers = .)
 *(SORT_BY_NAME(.sdh_ble_observers*))
 .sdh_ble_observers0
                0x0002d320        0x8 _build/nrf52840_xxaa/ble_conn_state.c.o
 .sdh_ble_observers1
                0x0002d328        0x8 _build/nrf52840_xxaa/bsp_btn_ble.c.o
 .sdh_ble_observers1
                0x0002d330       0x18 _build/nrf52840_xxaa/main.c.o
 .sdh_ble_observers2
                0x0002d348        0x8 _build/nrf52840_xxaa/main.c.o
 .sdh_ble_observers3
                0x0002d350        0x8 _build/nrf52840_xxaa/main.c.o
                0x0002d358                PROVIDE (__stop_sdh_ble_observers = .)

.pwr_mgmt_data  0x0002d358        0x0
                0x0002d358                PROVIDE (__start_pwr_mgmt_data = .)
 *(SORT_BY_NAME(.pwr_mgmt_data*))
                0x0002d358                PROVIDE (__stop_pwr_mgmt_data = .)

.log_const_data
                0x0002d358       0x78
                0x0002d358                PROVIDE (__start_log_const_data = .)
 *(SORT_BY_NAME(.log_const_data*))
 .log_const_data_CLOCK
                0x0002d358        0x8 _build/nrf52840_xxaa/nrfx_clock.c.o
                0x0002d358                m_nrf_log_CLOCK_logs_data_const
 .log_const_data_GPIOTE
                0x0002d360        0x8 _build/nrf52840_xxaa/nrfx_gpiote.c.o
                0x0002d360                m_nrf_log_GPIOTE_logs_data_const
 .log_const_data_PRS
                0x0002d368        0x8 _build/nrf52840_xxaa/nrfx_prs.c.o
                0x0002d368                m_nrf_log_PRS_logs_data_const
 .log_const_data_UART
                0x0002d370        0x8 _build/nrf52840_xxaa/nrfx_uart.c.o
                0x0002d370                m_nrf_log_UART_logs_data_const
 .log_const_data_UARTE
                0x0002d378        0x8 _build/nrf52840_xxaa/nrfx_uarte.c.o
                0x0002d378                m_nrf_log_UARTE_logs_data_const
 .log_const_data_app
                0x0002d380        0x8 _build/nrf52840_xxaa/nrf_log_frontend.c.o
                0x0002d380                m_nrf_log_app_logs_data_const
 .log_const_data_ble_db_disc
                0x0002d388        0x8 _build/nrf52840_xxaa/ble_db_discovery.c.o
                0x0002d388                m_nrf_log_ble_db_disc_logs_data_const
 .log_const_data_ble_lbs_c
                0x0002d390        0x8 _build/nrf52840_xxaa/ble_lbs_c.c.o
                0x0002d390                m_nrf_log_ble_lbs_c_logs_data_const
 .log_const_data_ble_scan
                0x0002d398        0x8 _build/nrf52840_xxaa/nrf_ble_scan.c.o
                0x0002d398                m_nrf_log_ble_scan_logs_data_const
 .log_const_data_clock
                0x0002d3a0        0x8 _build/nrf52840_xxaa/nrf_drv_clock.c.o
                0x0002d3a0                m_nrf_log_clock_logs_data_const
 .log_const_data_nrf_ble_gatt
                0x0002d3a8        0x8 _build/nrf52840_xxaa/nrf_ble_gatt.c.o
                0x0002d3a8                m_nrf_log_nrf_ble_gatt_logs_data_const
 .log_const_data_nrf_sdh
                0x0002d3b0        0x8 _build/nrf52840_xxaa/nrf_sdh.c.o
                0x0002d3b0                m_nrf_log_nrf_sdh_logs_data_const
 .log_const_data_nrf_sdh_ble
                0x0002d3b8        0x8 _build/nrf52840_xxaa/nrf_sdh_ble.c.o
                0x0002d3b8                m_nrf_log_nrf_sdh_ble_logs_data_const
 .log_const_data_nrf_sdh_soc
                0x0002d3c0        0x8 _build/nrf52840_xxaa/nrf_sdh_soc.c.o
                0x0002d3c0                m_nrf_log_nrf_sdh_soc_logs_data_const
 .log_const_data_pwr_mgmt
                0x0002d3c8        0x8 _build/nrf52840_xxaa/nrf_pwr_mgmt.c.o
                0x0002d3c8                m_nrf_log_pwr_mgmt_logs_data_const
                0x0002d3d0                PROVIDE (__stop_log_const_data = .)

.nrf_balloc     0x0002d3d0       0x14
                [!provide]                PROVIDE (__start_nrf_balloc = .)
 *(.nrf_balloc)
 .nrf_balloc    0x0002d3d0       0x14 _build/nrf52840_xxaa/nrf_log_frontend.c.o
                0x0002d3d0                log_mempool
                [!provide]                PROVIDE (__stop_nrf_balloc = .)

.sdh_req_observers
                0x0002d3e4        0x0
                0x0002d3e4                PROVIDE (__start_sdh_req_observers = .)
 *(SORT_BY_NAME(.sdh_req_observers*))
                0x0002d3e4                PROVIDE (__stop_sdh_req_observers = .)

.sdh_state_observers
                0x0002d3e4        0x8
                0x0002d3e4                PROVIDE (__start_sdh_state_observers = .)
 *(SORT_BY_NAME(.sdh_state_observers*))
 .sdh_state_observers0
                0x0002d3e4        0x8 _build/nrf52840_xxaa/nrf_drv_clock.c.o
                0x0002d3ec                PROVIDE (__stop_sdh_state_observers = .)

.sdh_stack_observers
                0x0002d3ec       0x10
                0x0002d3ec                PROVIDE (__start_sdh_stack_observers = .)
 *(SORT_BY_NAME(.sdh_stack_observers*))
 .sdh_stack_observers0
                0x0002d3ec        0x8 _build/nrf52840_xxaa/nrf_sdh_ble.c.o
 .sdh_stack_observers0
                0x0002d3f4        0x8 _build/nrf52840_xxaa/nrf_sdh_soc.c.o
                0x0002d3fc                PROVIDE (__stop_sdh_stack_observers = .)

.nrf_queue      0x0002d3fc        0x0
                [!provide]                PROVIDE (__start_nrf_queue = .)
 *(.nrf_queue)
                [!provide]                PROVIDE (__stop_nrf_queue = .)

.cli_command    0x0002d3fc        0x0
                [!provide]                PROVIDE (__start_cli_command = .)
 *(.cli_command)
                [!provide]                PROVIDE (__stop_cli_command = .)

.crypto_data    0x0002d3fc        0x0
                [!provide]                PROVIDE (__start_crypto_data = .)
 *(SORT_BY_NAME(.crypto_data*))
                [!provide]                PROVIDE (__stop_crypto_data = .)

.log_backends   0x0002d3fc       0x10
                [!provide]                PROVIDE (__start_log_backends = .)
 *(SORT_BY_NAME(.log_backends*))
 .log_backends  0x0002d3fc       0x10 _build/nrf52840_xxaa/nrf_log_default_backends.c.o
                [!provide]                PROVIDE (__stop_log_backends = .)

.ARM.extab
 *(.ARM.extab* .gnu.linkonce.armextab.*)
                0x0002d40c                __exidx_start = .

.ARM.exidx      0x0002d40c        0x8
 *(.ARM.exidx* .gnu.linkonce.armexidx.*)
 .ARM.exidx     0x0002d40c        0x8 c:/program files (x86)/gnu tools arm embedded/7 2018-q2-update/bin/../lib/gcc/arm-none-eabi/7.3.1/../../../../arm-none-eabi/lib/thumb/v7e-m/fpv4-sp/hard/crt0.o
                0x0002d414                __exidx_end = .
                0x0002d414                __etext = .

.rel.dyn        0x0002d414        0x0
 .rel.iplt      0x0002d414        0x0 c:/program files (x86)/gnu tools arm embedded/7 2018-q2-update/bin/../lib/gcc/arm-none-eabi/7.3.1/thumb/v7e-m/fpv4-sp/hard/crtbegin.o

.data           0x20001d70      0x4cc load address 0x0002d414
                0x20001d70                __data_start__ = .
 *(vtable)
 *(.data*)
 .data.m_uart   0x20001d70       0x14 _build/nrf52840_xxaa/nrf_log_backend_uart.c.o
                0x20001d70                m_uart
 .data.log_backend_cb_uart_log_backend
                0x20001d84        0x8 _build/nrf52840_xxaa/nrf_log_default_backends.c.o
 .data.SystemCoreClock
                0x20001d8c        0x4 _build/nrf52840_xxaa/system_nrf52840.c.o
                0x20001d8c                SystemCoreClock
 .data.buttons.11894
                0x20001d90        0x8 _build/nrf52840_xxaa/main.c.o
 .data.m_db_disc
                0x20001d98      0x2cc _build/nrf52840_xxaa/main.c.o
 .data._impure_ptr
                0x20002064        0x4 c:/program files (x86)/gnu tools arm embedded/7 2018-q2-update/bin/../lib/gcc/arm-none-eabi/7.3.1/../../../../arm-none-eabi/lib/thumb/v7e-m/fpv4-sp/hard\libc_nano.a(lib_a-impure.o)
                0x20002064                _impure_ptr
 .data.impure_data
                0x20002068       0x60 c:/program files (x86)/gnu tools arm embedded/7 2018-q2-update/bin/../lib/gcc/arm-none-eabi/7.3.1/../../../../arm-none-eabi/lib/thumb/v7e-m/fpv4-sp/hard\libc_nano.a(lib_a-impure.o)
 .data.__global_locale
                0x200020c8      0x16c c:/program files (x86)/gnu tools arm embedded/7 2018-q2-update/bin/../lib/gcc/arm-none-eabi/7.3.1/../../../../arm-none-eabi/lib/thumb/v7e-m/fpv4-sp/hard\libc_nano.a(lib_a-locale.o)
                0x200020c8                __global_locale
                0x20002234                . = ALIGN (0x4)
                0x20002234                PROVIDE (__preinit_array_start = .)
 *(.preinit_array)
                0x20002234                PROVIDE (__preinit_array_end = .)
                0x20002234                . = ALIGN (0x4)
                0x20002234                PROVIDE (__init_array_start = .)
 *(SORT_BY_NAME(.init_array.*))
 *(.init_array)
 .init_array    0x20002234        0x4 c:/program files (x86)/gnu tools arm embedded/7 2018-q2-update/bin/../lib/gcc/arm-none-eabi/7.3.1/thumb/v7e-m/fpv4-sp/hard/crtbegin.o
                0x20002238                PROVIDE (__init_array_end = .)
                0x20002238                . = ALIGN (0x4)
                [!provide]                PROVIDE (__fini_array_start = .)
 *(SORT_BY_NAME(.fini_array.*))
 *(.fini_array)
 .fini_array    0x20002238        0x4 c:/program files (x86)/gnu tools arm embedded/7 2018-q2-update/bin/../lib/gcc/arm-none-eabi/7.3.1/thumb/v7e-m/fpv4-sp/hard/crtbegin.o
                [!provide]                PROVIDE (__fini_array_end = .)
 *(.jcr*)
                0x2000223c                . = ALIGN (0x4)
                0x2000223c                __data_end__ = .
LOAD c:/program files (x86)/gnu tools arm embedded/7 2018-q2-update/bin/../lib/gcc/arm-none-eabi/7.3.1/thumb/v7e-m/fpv4-sp/hard/crti.o
LOAD c:/program files (x86)/gnu tools arm embedded/7 2018-q2-update/bin/../lib/gcc/arm-none-eabi/7.3.1/thumb/v7e-m/fpv4-sp/hard/crtbegin.o
LOAD c:/program files (x86)/gnu tools arm embedded/7 2018-q2-update/bin/../lib/gcc/arm-none-eabi/7.3.1/../../../../arm-none-eabi/lib/thumb/v7e-m/fpv4-sp/hard/crt0.o
LOAD _build/nrf52840_xxaa/gcc_startup_nrf52840.S.o
LOAD _build/nrf52840_xxaa/nrf_log_backend_rtt.c.o
LOAD _build/nrf52840_xxaa/nrf_log_backend_serial.c.o
LOAD _build/nrf52840_xxaa/nrf_log_backend_uart.c.o
LOAD _build/nrf52840_xxaa/nrf_log_default_backends.c.o
LOAD _build/nrf52840_xxaa/nrf_log_frontend.c.o
LOAD _build/nrf52840_xxaa/nrf_log_str_formatter.c.o
LOAD _build/nrf52840_xxaa/app_button.c.o
LOAD _build/nrf52840_xxaa/app_error.c.o
LOAD _build/nrf52840_xxaa/app_error_handler_gcc.c.o
LOAD _build/nrf52840_xxaa/app_error_weak.c.o
LOAD _build/nrf52840_xxaa/app_scheduler.c.o
LOAD _build/nrf52840_xxaa/app_timer.c.o
LOAD _build/nrf52840_xxaa/app_util_platform.c.o
LOAD _build/nrf52840_xxaa/hardfault_implementation.c.o
LOAD _build/nrf52840_xxaa/nrf_assert.c.o
LOAD _build/nrf52840_xxaa/nrf_atfifo.c.o
LOAD _build/nrf52840_xxaa/nrf_atflags.c.o
LOAD _build/nrf52840_xxaa/nrf_atomic.c.o
LOAD _build/nrf52840_xxaa/nrf_balloc.c.o
LOAD _build/nrf52840_xxaa/nrf_fprintf.c.o
LOAD _build/nrf52840_xxaa/nrf_fprintf_format.c.o
LOAD _build/nrf52840_xxaa/nrf_memobj.c.o
LOAD _build/nrf52840_xxaa/nrf_pwr_mgmt.c.o
LOAD _build/nrf52840_xxaa/nrf_ringbuf.c.o
LOAD _build/nrf52840_xxaa/nrf_section_iter.c.o
LOAD _build/nrf52840_xxaa/nrf_strerror.c.o
LOAD _build/nrf52840_xxaa/system_nrf52840.c.o
LOAD _build/nrf52840_xxaa/boards.c.o
LOAD _build/nrf52840_xxaa/nrf_drv_clock.c.o
LOAD _build/nrf52840_xxaa/nrf_drv_uart.c.o
LOAD _build/nrf52840_xxaa/nrfx_atomic.c.o
LOAD _build/nrf52840_xxaa/nrfx_clock.c.o
LOAD _build/nrf52840_xxaa/nrfx_gpiote.c.o
LOAD _build/nrf52840_xxaa/nrfx_prs.c.o
LOAD _build/nrf52840_xxaa/nrfx_uart.c.o
LOAD _build/nrf52840_xxaa/nrfx_uarte.c.o
LOAD _build/nrf52840_xxaa/bsp.c.o
LOAD _build/nrf52840_xxaa/bsp_btn_ble.c.o
LOAD _build/nrf52840_xxaa/main.c.o
LOAD _build/nrf52840_xxaa/SEGGER_RTT.c.o
LOAD _build/nrf52840_xxaa/SEGGER_RTT_Syscalls_GCC.c.o
LOAD _build/nrf52840_xxaa/SEGGER_RTT_printf.c.o
LOAD _build/nrf52840_xxaa/ble_advdata.c.o
LOAD _build/nrf52840_xxaa/ble_advertising.c.o
LOAD _build/nrf52840_xxaa/ble_conn_state.c.o
LOAD _build/nrf52840_xxaa/ble_db_discovery.c.o
LOAD _build/nrf52840_xxaa/ble_srv_common.c.o
LOAD _build/nrf52840_xxaa/nrf_ble_gatt.c.o
LOAD _build/nrf52840_xxaa/nrf_ble_scan.c.o
LOAD _build/nrf52840_xxaa/utf.c.o
LOAD _build/nrf52840_xxaa/ble_lbs_c.c.o
LOAD _build/nrf52840_xxaa/nrf_sdh.c.o
LOAD _build/nrf52840_xxaa/nrf_sdh_ble.c.o
LOAD _build/nrf52840_xxaa/nrf_sdh_soc.c.o
LOAD c:/program files (x86)/gnu tools arm embedded/7 2018-q2-update/bin/../lib/gcc/arm-none-eabi/7.3.1/../../../../arm-none-eabi/lib/thumb/v7e-m/fpv4-sp/hard\libc_nano.a
LOAD c:/program files (x86)/gnu tools arm embedded/7 2018-q2-update/bin/../lib/gcc/arm-none-eabi/7.3.1/../../../../arm-none-eabi/lib/thumb/v7e-m/fpv4-sp/hard\libnosys.a
LOAD c:/program files (x86)/gnu tools arm embedded/7 2018-q2-update/bin/../lib/gcc/arm-none-eabi/7.3.1/../../../../arm-none-eabi/lib/thumb/v7e-m/fpv4-sp/hard\libm.a
START GROUP
LOAD c:/program files (x86)/gnu tools arm embedded/7 2018-q2-update/bin/../lib/gcc/arm-none-eabi/7.3.1/thumb/v7e-m/fpv4-sp/hard\libgcc.a
LOAD c:/program files (x86)/gnu tools arm embedded/7 2018-q2-update/bin/../lib/gcc/arm-none-eabi/7.3.1/../../../../arm-none-eabi/lib/thumb/v7e-m/fpv4-sp/hard\libg_nano.a
LOAD c:/program files (x86)/gnu tools arm embedded/7 2018-q2-update/bin/../lib/gcc/arm-none-eabi/7.3.1/../../../../arm-none-eabi/lib/thumb/v7e-m/fpv4-sp/hard\libc_nano.a
END GROUP
START GROUP
LOAD c:/program files (x86)/gnu tools arm embedded/7 2018-q2-update/bin/../lib/gcc/arm-none-eabi/7.3.1/thumb/v7e-m/fpv4-sp/hard\libgcc.a
LOAD c:/program files (x86)/gnu tools arm embedded/7 2018-q2-update/bin/../lib/gcc/arm-none-eabi/7.3.1/../../../../arm-none-eabi/lib/thumb/v7e-m/fpv4-sp/hard\libc_nano.a
END GROUP
LOAD c:/program files (x86)/gnu tools arm embedded/7 2018-q2-update/bin/../lib/gcc/arm-none-eabi/7.3.1/thumb/v7e-m/fpv4-sp/hard/crtend.o
LOAD c:/program files (x86)/gnu tools arm embedded/7 2018-q2-update/bin/../lib/gcc/arm-none-eabi/7.3.1/thumb/v7e-m/fpv4-sp/hard/crtn.o
START GROUP
LOAD c:/program files (x86)/gnu tools arm embedded/7 2018-q2-update/bin/../lib/gcc/arm-none-eabi/7.3.1/thumb/v7e-m/fpv4-sp/hard\libgcc.a
LOAD c:/program files (x86)/gnu tools arm embedded/7 2018-q2-update/bin/../lib/gcc/arm-none-eabi/7.3.1/../../../../arm-none-eabi/lib/thumb/v7e-m/fpv4-sp/hard\libc.a
LOAD c:/program files (x86)/gnu tools arm embedded/7 2018-q2-update/bin/../lib/gcc/arm-none-eabi/7.3.1/../../../../arm-none-eabi/lib/thumb/v7e-m/fpv4-sp/hard\libnosys.a
END GROUP

.igot.plt       0x2000223c        0x0 load address 0x0002d8e0
 .igot.plt      0x2000223c        0x0 c:/program files (x86)/gnu tools arm embedded/7 2018-q2-update/bin/../lib/gcc/arm-none-eabi/7.3.1/thumb/v7e-m/fpv4-sp/hard/crtbegin.o
                0x2000223c                . = ALIGN (0x4)

.mem_section_dummy_ram

.log_dynamic_data
                0x2000223c        0x0
                0x2000223c                PROVIDE (__start_log_dynamic_data = .)
 *(SORT_BY_NAME(.log_dynamic_data*))
                [!provide]                PROVIDE (__stop_log_dynamic_data = .)

.log_filter_data
                0x2000223c        0x0
                [!provide]                PROVIDE (__start_log_filter_data = .)
 *(SORT_BY_NAME(.log_filter_data*))
                [!provide]                PROVIDE (__stop_log_filter_data = .)

.cli_sorted_cmd_ptrs
                0x2000223c        0x0
                [!provide]                PROVIDE (__start_cli_sorted_cmd_ptrs = .)
 *(.cli_sorted_cmd_ptrs)
                [!provide]                PROVIDE (__stop_cli_sorted_cmd_ptrs = .)

.fs_data        0x2000223c        0x0
                [!provide]                PROVIDE (__start_fs_data = .)
 *(.fs_data)
                [!provide]                PROVIDE (__stop_fs_data = .)

.bss            0x20002240      0xd44 load address 0x0002d8e8
                0x20002240                . = ALIGN (0x4)
                0x20002240                __bss_start__ = .
 *(.bss*)
 .bss           0x20002240       0x1c c:/program files (x86)/gnu tools arm embedded/7 2018-q2-update/bin/../lib/gcc/arm-none-eabi/7.3.1/thumb/v7e-m/fpv4-sp/hard/crtbegin.o
 .bss.m_async_mode
                0x2000225c        0x1 _build/nrf52840_xxaa/nrf_log_backend_uart.c.o
 *fill*         0x2000225d        0x3 
 .bss.m_string_buff
                0x20002260       0x40 _build/nrf52840_xxaa/nrf_log_backend_uart.c.o
 .bss.m_xfer_done
                0x200022a0        0x1 _build/nrf52840_xxaa/nrf_log_backend_uart.c.o
 *fill*         0x200022a1        0x3 
 .bss.log_mempool_nrf_balloc_cb
                0x200022a4        0x8 _build/nrf52840_xxaa/nrf_log_frontend.c.o
 .bss.log_mempool_nrf_balloc_pool_mem
                0x200022ac       0xc0 _build/nrf52840_xxaa/nrf_log_frontend.c.o
 .bss.log_mempool_nrf_balloc_pool_stack
                0x2000236c        0x8 _build/nrf52840_xxaa/nrf_log_frontend.c.o
 .bss.m_log_data
                0x20002374      0x424 _build/nrf52840_xxaa/nrf_log_frontend.c.o
 .bss.m_log_push_ringbuf_buf
                0x20002798       0x80 _build/nrf52840_xxaa/nrf_log_frontend.c.o
 .bss.m_log_push_ringbuf_cb
                0x20002818       0x18 _build/nrf52840_xxaa/nrf_log_frontend.c.o
 .bss.m_button_count
                0x20002830        0x1 _build/nrf52840_xxaa/app_button.c.o
 *fill*         0x20002831        0x3 
 .bss.m_detection_delay
                0x20002834        0x4 _build/nrf52840_xxaa/app_button.c.o
 .bss.m_detection_delay_timer_id_data
                0x20002838       0x20 _build/nrf52840_xxaa/app_button.c.o
 .bss.m_pin_state
                0x20002858        0x8 _build/nrf52840_xxaa/app_button.c.o
 .bss.m_pin_transition
                0x20002860        0x8 _build/nrf52840_xxaa/app_button.c.o
 .bss.mp_buttons
                0x20002868        0x4 _build/nrf52840_xxaa/app_button.c.o
 .bss.m_op_queue
                0x2000286c      0x10c _build/nrf52840_xxaa/app_timer.c.o
 .bss.m_rtc1_reset
                0x20002978        0x1 _build/nrf52840_xxaa/app_timer.c.o
 .bss.m_rtc1_running
                0x20002979        0x1 _build/nrf52840_xxaa/app_timer.c.o
 *fill*         0x2000297a        0x2 
 .bss.m_ticks_elapsed
                0x2000297c        0x8 _build/nrf52840_xxaa/app_timer.c.o
 .bss.m_ticks_elapsed_q_read_ind
                0x20002984        0x1 _build/nrf52840_xxaa/app_timer.c.o
 .bss.m_ticks_elapsed_q_write_ind
                0x20002985        0x1 _build/nrf52840_xxaa/app_timer.c.o
 *fill*         0x20002986        0x2 
 .bss.m_ticks_latest
                0x20002988        0x4 _build/nrf52840_xxaa/app_timer.c.o
 .bss.mp_timer_id_head
                0x2000298c        0x4 _build/nrf52840_xxaa/app_timer.c.o
 .bss.m_handlers_iter
                0x20002990        0x8 _build/nrf52840_xxaa/nrf_pwr_mgmt.c.o
 .bss.m_shutdown_started
                0x20002998        0x1 _build/nrf52840_xxaa/nrf_pwr_mgmt.c.o
 *fill*         0x20002999        0x3 
 .bss.m_sysoff_mtx
                0x2000299c        0x4 _build/nrf52840_xxaa/nrf_pwr_mgmt.c.o
 .bss.m_clock_cb
                0x200029a0       0x14 _build/nrf52840_xxaa/nrf_drv_clock.c.o
 .bss.m_contexts
                0x200029b4        0x8 _build/nrf52840_xxaa/nrf_drv_uart.c.o
 .bss.m_handlers
                0x200029bc        0x8 _build/nrf52840_xxaa/nrf_drv_uart.c.o
 .bss.m_clock_cb
                0x200029c4        0x8 _build/nrf52840_xxaa/nrfx_clock.c.o
 .bss.m_cb      0x200029cc       0x6c _build/nrf52840_xxaa/nrfx_gpiote.c.o
 .bss.m_prs_box_4
                0x20002a38        0x8 _build/nrf52840_xxaa/nrfx_prs.c.o
 .bss.m_cb      0x20002a40       0x2c _build/nrf52840_xxaa/nrfx_uart.c.o
 .bss.m_cb      0x20002a6c       0x24 _build/nrf52840_xxaa/nrfx_uarte.c.o
 .bss.m_events_list
                0x20002a90        0x3 _build/nrf52840_xxaa/bsp.c.o
 *fill*         0x20002a93        0x1 
 .bss.m_error_handler
                0x20002a94        0x4 _build/nrf52840_xxaa/bsp_btn_ble.c.o
 .bss.m_num_connections
                0x20002a98        0x4 _build/nrf52840_xxaa/bsp_btn_ble.c.o
 .bss.m_ble_lbs_c
                0x20002a9c       0x10 _build/nrf52840_xxaa/main.c.o
 .bss.m_gatt    0x20002aac       0x14 _build/nrf52840_xxaa/main.c.o
 .bss.m_scan    0x20002ac0       0x68 _build/nrf52840_xxaa/main.c.o
 .bss.m_bcs     0x20002b28       0x78 _build/nrf52840_xxaa/ble_conn_state.c.o
 .bss.m_evt_handler
                0x20002ba0        0x4 _build/nrf52840_xxaa/ble_db_discovery.c.o
 .bss.m_initialized
                0x20002ba4        0x1 _build/nrf52840_xxaa/ble_db_discovery.c.o
 *fill*         0x20002ba5        0x3 
 .bss.m_num_of_handlers_reg
                0x20002ba8        0x4 _build/nrf52840_xxaa/ble_db_discovery.c.o
 .bss.m_pending_user_evts
                0x20002bac      0x300 _build/nrf52840_xxaa/ble_db_discovery.c.o
 .bss.m_pending_usr_evt_index
                0x20002eac        0x4 _build/nrf52840_xxaa/ble_db_discovery.c.o
 .bss.m_registered_handlers
                0x20002eb0       0x18 _build/nrf52840_xxaa/ble_db_discovery.c.o
 .bss.m_tx_buffer
                0x20002ec8       0xa0 _build/nrf52840_xxaa/ble_lbs_c.c.o
 .bss.m_tx_index
                0x20002f68        0x4 _build/nrf52840_xxaa/ble_lbs_c.c.o
 .bss.m_tx_insert_index
                0x20002f6c        0x4 _build/nrf52840_xxaa/ble_lbs_c.c.o
 .bss.m_nrf_sdh_continue
                0x20002f70        0x1 _build/nrf52840_xxaa/nrf_sdh.c.o
 .bss.m_nrf_sdh_enabled
                0x20002f71        0x1 _build/nrf52840_xxaa/nrf_sdh.c.o
 .bss.m_nrf_sdh_suspended
                0x20002f72        0x1 _build/nrf52840_xxaa/nrf_sdh.c.o
 .bss.m_stack_is_enabled
                0x20002f73        0x1 _build/nrf52840_xxaa/nrf_sdh_ble.c.o
 *(COMMON)
 COMMON         0x20002f74        0xc _build/nrf52840_xxaa/app_util_platform.c.o
                0x20002f74                nrf_nvic_state
 COMMON         0x20002f80        0x2 _build/nrf52840_xxaa/nrf_drv_uart.c.o
                0x20002f80                nrf_drv_uart_use_easy_dma
                0x20002f84                . = ALIGN (0x4)
 *fill*         0x20002f82        0x2 
                0x20002f84                __bss_end__ = .

.heap           0x20002f88        0x0
                0x20002f88                __HeapBase = .
                0x20002f88                __end__ = .
                [!provide]                PROVIDE (end = .)
 *(.heap*)
 .heap          0x20002f88        0x0 _build/nrf52840_xxaa/gcc_startup_nrf52840.S.o
                0x20002f88                __HeapLimit = .

.stack_dummy    0x20002f88     0x2000
 *(.stack*)
 .stack         0x20002f88     0x2000 _build/nrf52840_xxaa/gcc_startup_nrf52840.S.o
                0x20040000                __StackTop = (ORIGIN (RAM) + LENGTH (RAM))
                0x2003e000                __StackLimit = (__StackTop - SIZEOF (.stack_dummy))
                0x20040000                PROVIDE (__stack = __StackTop)
                0x00000001                ASSERT ((__StackLimit >= __HeapLimit), region RAM overflowed with stack)
                0x000004d0                DataInitFlashUsed = (__bss_start__ - __data_start__)
                0x00007414                CodeFlashUsed = (__etext - ORIGIN (FLASH))
                0x000078e4                TotalFlashUsed = (CodeFlashUsed + DataInitFlashUsed)
                0x00000001                ASSERT ((TotalFlashUsed <= LENGTH (FLASH)), region FLASH overflowed with .data and user data)
OUTPUT(_build/nrf52840_xxaa.out elf32-littlearm)

.ARM.attributes
                0x00000000       0x30
 .ARM.attributes
                0x00000000       0x22 c:/program files (x86)/gnu tools arm embedded/7 2018-q2-update/bin/../lib/gcc/arm-none-eabi/7.3.1/thumb/v7e-m/fpv4-sp/hard/crti.o
 .ARM.attributes
                0x00000022       0x34 c:/program files (x86)/gnu tools arm embedded/7 2018-q2-update/bin/../lib/gcc/arm-none-eabi/7.3.1/thumb/v7e-m/fpv4-sp/hard/crtbegin.o
 .ARM.attributes
                0x00000056       0x20 c:/program files (x86)/gnu tools arm embedded/7 2018-q2-update/bin/../lib/gcc/arm-none-eabi/7.3.1/../../../../arm-none-eabi/lib/thumb/v7e-m/fpv4-sp/hard/crt0.o
 .ARM.attributes
                0x00000076       0x20 _build/nrf52840_xxaa/gcc_startup_nrf52840.S.o
 .ARM.attributes
                0x00000096       0x39 _build/nrf52840_xxaa/nrf_log_backend_serial.c.o
 .ARM.attributes
                0x000000cf       0x39 _build/nrf52840_xxaa/nrf_log_backend_uart.c.o
 .ARM.attributes
                0x00000108       0x39 _build/nrf52840_xxaa/nrf_log_default_backends.c.o
 .ARM.attributes
                0x00000141       0x39 _build/nrf52840_xxaa/nrf_log_frontend.c.o
 .ARM.attributes
                0x0000017a       0x39 _build/nrf52840_xxaa/nrf_log_str_formatter.c.o
 .ARM.attributes
                0x000001b3       0x39 _build/nrf52840_xxaa/app_button.c.o
 .ARM.attributes
                0x000001ec       0x39 _build/nrf52840_xxaa/app_error.c.o
 .ARM.attributes
                0x00000225       0x39 _build/nrf52840_xxaa/app_error_weak.c.o
 .ARM.attributes
                0x0000025e       0x39 _build/nrf52840_xxaa/app_timer.c.o
 .ARM.attributes
                0x00000297       0x39 _build/nrf52840_xxaa/app_util_platform.c.o
 .ARM.attributes
                0x000002d0       0x39 _build/nrf52840_xxaa/nrf_atflags.c.o
 .ARM.attributes
                0x00000309       0x39 _build/nrf52840_xxaa/nrf_atomic.c.o
 .ARM.attributes
                0x00000342       0x39 _build/nrf52840_xxaa/nrf_balloc.c.o
 .ARM.attributes
                0x0000037b       0x39 _build/nrf52840_xxaa/nrf_fprintf.c.o
 .ARM.attributes
                0x000003b4       0x39 _build/nrf52840_xxaa/nrf_fprintf_format.c.o
 .ARM.attributes
                0x000003ed       0x39 _build/nrf52840_xxaa/nrf_memobj.c.o
 .ARM.attributes
                0x00000426       0x39 _build/nrf52840_xxaa/nrf_pwr_mgmt.c.o
 .ARM.attributes
                0x0000045f       0x39 _build/nrf52840_xxaa/nrf_ringbuf.c.o
 .ARM.attributes
                0x00000498       0x39 _build/nrf52840_xxaa/nrf_section_iter.c.o
 .ARM.attributes
                0x000004d1       0x39 _build/nrf52840_xxaa/nrf_strerror.c.o
 .ARM.attributes
                0x0000050a       0x39 _build/nrf52840_xxaa/system_nrf52840.c.o
 .ARM.attributes
                0x00000543       0x39 _build/nrf52840_xxaa/boards.c.o
 .ARM.attributes
                0x0000057c       0x39 _build/nrf52840_xxaa/nrf_drv_clock.c.o
 .ARM.attributes
                0x000005b5       0x39 _build/nrf52840_xxaa/nrf_drv_uart.c.o
 .ARM.attributes
                0x000005ee       0x39 _build/nrf52840_xxaa/nrfx_clock.c.o
 .ARM.attributes
                0x00000627       0x39 _build/nrf52840_xxaa/nrfx_gpiote.c.o
 .ARM.attributes
                0x00000660       0x39 _build/nrf52840_xxaa/nrfx_prs.c.o
 .ARM.attributes
                0x00000699       0x39 _build/nrf52840_xxaa/nrfx_uart.c.o
 .ARM.attributes
                0x000006d2       0x39 _build/nrf52840_xxaa/nrfx_uarte.c.o
 .ARM.attributes
                0x0000070b       0x39 _build/nrf52840_xxaa/bsp.c.o
 .ARM.attributes
                0x00000744       0x39 _build/nrf52840_xxaa/bsp_btn_ble.c.o
 .ARM.attributes
                0x0000077d       0x39 _build/nrf52840_xxaa/main.c.o
 .ARM.attributes
                0x000007b6       0x39 _build/nrf52840_xxaa/ble_advdata.c.o
 .ARM.attributes
                0x000007ef       0x39 _build/nrf52840_xxaa/ble_conn_state.c.o
 .ARM.attributes
                0x00000828       0x39 _build/nrf52840_xxaa/ble_db_discovery.c.o
 .ARM.attributes
                0x00000861       0x39 _build/nrf52840_xxaa/nrf_ble_gatt.c.o
 .ARM.attributes
                0x0000089a       0x39 _build/nrf52840_xxaa/nrf_ble_scan.c.o
 .ARM.attributes
                0x000008d3       0x39 _build/nrf52840_xxaa/ble_lbs_c.c.o
 .ARM.attributes
                0x0000090c       0x39 _build/nrf52840_xxaa/nrf_sdh.c.o
 .ARM.attributes
                0x00000945       0x39 _build/nrf52840_xxaa/nrf_sdh_ble.c.o
 .ARM.attributes
                0x0000097e       0x39 _build/nrf52840_xxaa/nrf_sdh_soc.c.o
 .ARM.attributes
                0x000009b7       0x34 c:/program files (x86)/gnu tools arm embedded/7 2018-q2-update/bin/../lib/gcc/arm-none-eabi/7.3.1/../../../../arm-none-eabi/lib/thumb/v7e-m/fpv4-sp/hard\libc_nano.a(lib_a-exit.o)
 .ARM.attributes
                0x000009eb       0x34 c:/program files (x86)/gnu tools arm embedded/7 2018-q2-update/bin/../lib/gcc/arm-none-eabi/7.3.1/../../../../arm-none-eabi/lib/thumb/v7e-m/fpv4-sp/hard\libc_nano.a(lib_a-impure.o)
 .ARM.attributes
                0x00000a1f       0x34 c:/program files (x86)/gnu tools arm embedded/7 2018-q2-update/bin/../lib/gcc/arm-none-eabi/7.3.1/../../../../arm-none-eabi/lib/thumb/v7e-m/fpv4-sp/hard\libc_nano.a(lib_a-init.o)
 .ARM.attributes
                0x00000a53       0x34 c:/program files (x86)/gnu tools arm embedded/7 2018-q2-update/bin/../lib/gcc/arm-none-eabi/7.3.1/../../../../arm-none-eabi/lib/thumb/v7e-m/fpv4-sp/hard\libc_nano.a(lib_a-locale.o)
 .ARM.attributes
                0x00000a87       0x34 c:/program files (x86)/gnu tools arm embedded/7 2018-q2-update/bin/../lib/gcc/arm-none-eabi/7.3.1/../../../../arm-none-eabi/lib/thumb/v7e-m/fpv4-sp/hard\libc_nano.a(lib_a-mbtowc_r.o)
 .ARM.attributes
                0x00000abb       0x34 c:/program files (x86)/gnu tools arm embedded/7 2018-q2-update/bin/../lib/gcc/arm-none-eabi/7.3.1/../../../../arm-none-eabi/lib/thumb/v7e-m/fpv4-sp/hard\libc_nano.a(lib_a-memcmp.o)
 .ARM.attributes
                0x00000aef       0x34 c:/program files (x86)/gnu tools arm embedded/7 2018-q2-update/bin/../lib/gcc/arm-none-eabi/7.3.1/../../../../arm-none-eabi/lib/thumb/v7e-m/fpv4-sp/hard\libc_nano.a(lib_a-memcpy-stub.o)
 .ARM.attributes
                0x00000b23       0x34 c:/program files (x86)/gnu tools arm embedded/7 2018-q2-update/bin/../lib/gcc/arm-none-eabi/7.3.1/../../../../arm-none-eabi/lib/thumb/v7e-m/fpv4-sp/hard\libc_nano.a(lib_a-memset.o)
 .ARM.attributes
                0x00000b57       0x20 c:/program files (x86)/gnu tools arm embedded/7 2018-q2-update/bin/../lib/gcc/arm-none-eabi/7.3.1/../../../../arm-none-eabi/lib/thumb/v7e-m/fpv4-sp/hard\libc_nano.a(lib_a-strcmp.o)
 .ARM.attributes
                0x00000b77       0x1b c:/program files (x86)/gnu tools arm embedded/7 2018-q2-update/bin/../lib/gcc/arm-none-eabi/7.3.1/../../../../arm-none-eabi/lib/thumb/v7e-m/fpv4-sp/hard\libc_nano.a(lib_a-strlen.o)
 .ARM.attributes
                0x00000b92       0x34 c:/program files (x86)/gnu tools arm embedded/7 2018-q2-update/bin/../lib/gcc/arm-none-eabi/7.3.1/../../../../arm-none-eabi/lib/thumb/v7e-m/fpv4-sp/hard\libc_nano.a(lib_a-wctomb_r.o)
 .ARM.attributes
                0x00000bc6       0x34 c:/program files (x86)/gnu tools arm embedded/7 2018-q2-update/bin/../lib/gcc/arm-none-eabi/7.3.1/../../../../arm-none-eabi/lib/thumb/v7e-m/fpv4-sp/hard\libc_nano.a(lib_a-ctype_.o)
 .ARM.attributes
                0x00000bfa       0x34 c:/program files (x86)/gnu tools arm embedded/7 2018-q2-update/bin/../lib/gcc/arm-none-eabi/7.3.1/../../../../arm-none-eabi/lib/thumb/v7e-m/fpv4-sp/hard\libnosys.a(_exit.o)
 .ARM.attributes
                0x00000c2e       0x34 c:/program files (x86)/gnu tools arm embedded/7 2018-q2-update/bin/../lib/gcc/arm-none-eabi/7.3.1/thumb/v7e-m/fpv4-sp/hard/crtend.o
 .ARM.attributes
                0x00000c62       0x22 c:/program files (x86)/gnu tools arm embedded/7 2018-q2-update/bin/../lib/gcc/arm-none-eabi/7.3.1/thumb/v7e-m/fpv4-sp/hard/crtn.o

.comment        0x00000000       0x7f
 .comment       0x00000000       0x7f _build/nrf52840_xxaa/nrf_log_backend_serial.c.o
                                 0x80 (size before relaxing)
 .comment       0x0000007f       0x80 _build/nrf52840_xxaa/nrf_log_backend_uart.c.o
 .comment       0x0000007f       0x80 _build/nrf52840_xxaa/nrf_log_default_backends.c.o
 .comment       0x0000007f       0x80 _build/nrf52840_xxaa/nrf_log_frontend.c.o
 .comment       0x0000007f       0x80 _build/nrf52840_xxaa/nrf_log_str_formatter.c.o
 .comment       0x0000007f       0x80 _build/nrf52840_xxaa/app_button.c.o
 .comment       0x0000007f       0x80 _build/nrf52840_xxaa/app_error.c.o
 .comment       0x0000007f       0x80 _build/nrf52840_xxaa/app_error_weak.c.o
 .comment       0x0000007f       0x80 _build/nrf52840_xxaa/app_timer.c.o
 .comment       0x0000007f       0x80 _build/nrf52840_xxaa/app_util_platform.c.o
 .comment       0x0000007f       0x80 _build/nrf52840_xxaa/nrf_atflags.c.o
 .comment       0x0000007f       0x80 _build/nrf52840_xxaa/nrf_atomic.c.o
 .comment       0x0000007f       0x80 _build/nrf52840_xxaa/nrf_balloc.c.o
 .comment       0x0000007f       0x80 _build/nrf52840_xxaa/nrf_fprintf.c.o
 .comment       0x0000007f       0x80 _build/nrf52840_xxaa/nrf_fprintf_format.c.o
 .comment       0x0000007f       0x80 _build/nrf52840_xxaa/nrf_memobj.c.o
 .comment       0x0000007f       0x80 _build/nrf52840_xxaa/nrf_pwr_mgmt.c.o
 .comment       0x0000007f       0x80 _build/nrf52840_xxaa/nrf_ringbuf.c.o
 .comment       0x0000007f       0x80 _build/nrf52840_xxaa/nrf_section_iter.c.o
 .comment       0x0000007f       0x80 _build/nrf52840_xxaa/nrf_strerror.c.o
 .comment       0x0000007f       0x80 _build/nrf52840_xxaa/system_nrf52840.c.o
 .comment       0x0000007f       0x80 _build/nrf52840_xxaa/boards.c.o
 .comment       0x0000007f       0x80 _build/nrf52840_xxaa/nrf_drv_clock.c.o
 .comment       0x0000007f       0x80 _build/nrf52840_xxaa/nrf_drv_uart.c.o
 .comment       0x0000007f       0x80 _build/nrf52840_xxaa/nrfx_clock.c.o
 .comment       0x0000007f       0x80 _build/nrf52840_xxaa/nrfx_gpiote.c.o
 .comment       0x0000007f       0x80 _build/nrf52840_xxaa/nrfx_prs.c.o
 .comment       0x0000007f       0x80 _build/nrf52840_xxaa/nrfx_uart.c.o
 .comment       0x0000007f       0x80 _build/nrf52840_xxaa/nrfx_uarte.c.o
 .comment       0x0000007f       0x80 _build/nrf52840_xxaa/bsp.c.o
 .comment       0x0000007f       0x80 _build/nrf52840_xxaa/bsp_btn_ble.c.o
 .comment       0x0000007f       0x80 _build/nrf52840_xxaa/main.c.o
 .comment       0x0000007f       0x80 _build/nrf52840_xxaa/ble_advdata.c.o
 .comment       0x0000007f       0x80 _build/nrf52840_xxaa/ble_conn_state.c.o
 .comment       0x0000007f       0x80 _build/nrf52840_xxaa/ble_db_discovery.c.o
 .comment       0x0000007f       0x80 _build/nrf52840_xxaa/nrf_ble_gatt.c.o
 .comment       0x0000007f       0x80 _build/nrf52840_xxaa/nrf_ble_scan.c.o
 .comment       0x0000007f       0x80 _build/nrf52840_xxaa/ble_lbs_c.c.o
 .comment       0x0000007f       0x80 _build/nrf52840_xxaa/nrf_sdh.c.o
 .comment       0x0000007f       0x80 _build/nrf52840_xxaa/nrf_sdh_ble.c.o
 .comment       0x0000007f       0x80 _build/nrf52840_xxaa/nrf_sdh_soc.c.o

.debug_line     0x00000000    0x1c0c8
 .debug_line    0x00000000       0xa0 _build/nrf52840_xxaa/gcc_startup_nrf52840.S.o
 .debug_line    0x000000a0      0x97f _build/nrf52840_xxaa/nrf_log_backend_serial.c.o
 .debug_line    0x00000a1f      0xcab _build/nrf52840_xxaa/nrf_log_backend_uart.c.o
 .debug_line    0x000016ca      0x8e6 _build/nrf52840_xxaa/nrf_log_default_backends.c.o
 .debug_line    0x00001fb0     0x1094 _build/nrf52840_xxaa/nrf_log_frontend.c.o
 .debug_line    0x00003044      0x9f2 _build/nrf52840_xxaa/nrf_log_str_formatter.c.o
 .debug_line    0x00003a36      0xacd _build/nrf52840_xxaa/app_button.c.o
 .debug_line    0x00004503      0x56a _build/nrf52840_xxaa/app_error.c.o
 .debug_line    0x00004a6d      0x972 _build/nrf52840_xxaa/app_error_weak.c.o
 .debug_line    0x000053df      0xe2a _build/nrf52840_xxaa/app_timer.c.o
 .debug_line    0x00006209      0x680 _build/nrf52840_xxaa/app_util_platform.c.o
 .debug_line    0x00006889      0x756 _build/nrf52840_xxaa/nrf_atflags.c.o
 .debug_line    0x00006fdf      0x79e _build/nrf52840_xxaa/nrf_atomic.c.o
 .debug_line    0x0000777d      0x8b8 _build/nrf52840_xxaa/nrf_balloc.c.o
 .debug_line    0x00008035      0x637 _build/nrf52840_xxaa/nrf_fprintf.c.o
 .debug_line    0x0000866c      0x847 _build/nrf52840_xxaa/nrf_fprintf_format.c.o
 .debug_line    0x00008eb3      0x995 _build/nrf52840_xxaa/nrf_memobj.c.o
 .debug_line    0x00009848      0xe00 _build/nrf52840_xxaa/nrf_pwr_mgmt.c.o
 .debug_line    0x0000a648      0x80f _build/nrf52840_xxaa/nrf_ringbuf.c.o
 .debug_line    0x0000ae57      0x641 _build/nrf52840_xxaa/nrf_section_iter.c.o
 .debug_line    0x0000b498      0x644 _build/nrf52840_xxaa/nrf_strerror.c.o
 .debug_line    0x0000badc      0x443 _build/nrf52840_xxaa/system_nrf52840.c.o
 .debug_line    0x0000bf1f      0xa78 _build/nrf52840_xxaa/boards.c.o
 .debug_line    0x0000c997      0xdfd _build/nrf52840_xxaa/nrf_drv_clock.c.o
 .debug_line    0x0000d794      0x978 _build/nrf52840_xxaa/nrf_drv_uart.c.o
 .debug_line    0x0000e10c      0xd44 _build/nrf52840_xxaa/nrfx_clock.c.o
 .debug_line    0x0000ee50     0x1651 _build/nrf52840_xxaa/nrfx_gpiote.c.o
 .debug_line    0x000104a1      0xab6 _build/nrf52840_xxaa/nrfx_prs.c.o
 .debug_line    0x00010f57     0x122d _build/nrf52840_xxaa/nrfx_uart.c.o
 .debug_line    0x00012184     0x1155 _build/nrf52840_xxaa/nrfx_uarte.c.o
 .debug_line    0x000132d9      0xda6 _build/nrf52840_xxaa/bsp.c.o
 .debug_line    0x0001407f      0xb80 _build/nrf52840_xxaa/bsp_btn_ble.c.o
 .debug_line    0x00014bff     0x125b _build/nrf52840_xxaa/main.c.o
 .debug_line    0x00015e5a      0xa90 _build/nrf52840_xxaa/ble_advdata.c.o
 .debug_line    0x000168ea      0xc01 _build/nrf52840_xxaa/ble_conn_state.c.o
 .debug_line    0x000174eb      0xda1 _build/nrf52840_xxaa/ble_db_discovery.c.o
 .debug_line    0x0001828c      0x9eb _build/nrf52840_xxaa/nrf_ble_gatt.c.o
 .debug_line    0x00018c77      0xbc6 _build/nrf52840_xxaa/nrf_ble_scan.c.o
 .debug_line    0x0001983d      0xb6b _build/nrf52840_xxaa/ble_lbs_c.c.o
 .debug_line    0x0001a3a8      0xab6 _build/nrf52840_xxaa/nrf_sdh.c.o
 .debug_line    0x0001ae5e      0x9f8 _build/nrf52840_xxaa/nrf_sdh_ble.c.o
 .debug_line    0x0001b856      0x872 _build/nrf52840_xxaa/nrf_sdh_soc.c.o

.debug_info     0x00000000    0x4cdad
 .debug_info    0x00000000       0x26 _build/nrf52840_xxaa/gcc_startup_nrf52840.S.o
 .debug_info    0x00000026     0x1125 _build/nrf52840_xxaa/nrf_log_backend_serial.c.o
 .debug_info    0x0000114b     0x1aeb _build/nrf52840_xxaa/nrf_log_backend_uart.c.o
 .debug_info    0x00002c36      0xccc _build/nrf52840_xxaa/nrf_log_default_backends.c.o
 .debug_info    0x00003902     0x392c _build/nrf52840_xxaa/nrf_log_frontend.c.o
 .debug_info    0x0000722e     0x1380 _build/nrf52840_xxaa/nrf_log_str_formatter.c.o
 .debug_info    0x000085ae      0xf13 _build/nrf52840_xxaa/app_button.c.o
 .debug_info    0x000094c1      0xaeb _build/nrf52840_xxaa/app_error.c.o
 .debug_info    0x00009fac      0xf19 _build/nrf52840_xxaa/app_error_weak.c.o
 .debug_info    0x0000aec5     0x23f7 _build/nrf52840_xxaa/app_timer.c.o
 .debug_info    0x0000d2bc     0x11c1 _build/nrf52840_xxaa/app_util_platform.c.o
 .debug_info    0x0000e47d      0xdfe _build/nrf52840_xxaa/nrf_atflags.c.o
 .debug_info    0x0000f27b     0x122a _build/nrf52840_xxaa/nrf_atomic.c.o
 .debug_info    0x000104a5      0xd8d _build/nrf52840_xxaa/nrf_balloc.c.o
 .debug_info    0x00011232      0xaa8 _build/nrf52840_xxaa/nrf_fprintf.c.o
 .debug_info    0x00011cda     0x132f _build/nrf52840_xxaa/nrf_fprintf_format.c.o
 .debug_info    0x00013009     0x136c _build/nrf52840_xxaa/nrf_memobj.c.o
 .debug_info    0x00014375     0x1cd1 _build/nrf52840_xxaa/nrf_pwr_mgmt.c.o
 .debug_info    0x00016046      0xe3a _build/nrf52840_xxaa/nrf_ringbuf.c.o
 .debug_info    0x00016e80      0xa21 _build/nrf52840_xxaa/nrf_section_iter.c.o
 .debug_info    0x000178a1      0xaa2 _build/nrf52840_xxaa/nrf_strerror.c.o
 .debug_info    0x00018343     0x136a _build/nrf52840_xxaa/system_nrf52840.c.o
 .debug_info    0x000196ad     0x1d98 _build/nrf52840_xxaa/boards.c.o
 .debug_info    0x0001b445     0x1f0d _build/nrf52840_xxaa/nrf_drv_clock.c.o
 .debug_info    0x0001d352     0x197a _build/nrf52840_xxaa/nrf_drv_uart.c.o
 .debug_info    0x0001eccc     0x1a81 _build/nrf52840_xxaa/nrfx_clock.c.o
 .debug_info    0x0002074d     0x3b84 _build/nrf52840_xxaa/nrfx_gpiote.c.o
 .debug_info    0x000242d1     0x10d0 _build/nrf52840_xxaa/nrfx_prs.c.o
 .debug_info    0x000253a1     0x3994 _build/nrf52840_xxaa/nrfx_uart.c.o
 .debug_info    0x00028d35     0x36a6 _build/nrf52840_xxaa/nrfx_uarte.c.o
 .debug_info    0x0002c3db     0x21f9 _build/nrf52840_xxaa/bsp.c.o
 .debug_info    0x0002e5d4     0x25b3 _build/nrf52840_xxaa/bsp_btn_ble.c.o
 .debug_info    0x00030b87     0x4007 _build/nrf52840_xxaa/main.c.o
 .debug_info    0x00034b8e     0x23c4 _build/nrf52840_xxaa/ble_advdata.c.o
 .debug_info    0x00036f52     0x32df _build/nrf52840_xxaa/ble_conn_state.c.o
 .debug_info    0x0003a231     0x38a9 _build/nrf52840_xxaa/ble_db_discovery.c.o
 .debug_info    0x0003dada     0x307e _build/nrf52840_xxaa/nrf_ble_gatt.c.o
 .debug_info    0x00040b58     0x3679 _build/nrf52840_xxaa/nrf_ble_scan.c.o
 .debug_info    0x000441d1     0x2d6f _build/nrf52840_xxaa/ble_lbs_c.c.o
 .debug_info    0x00046f40     0x1dbe _build/nrf52840_xxaa/nrf_sdh.c.o
 .debug_info    0x00048cfe     0x320f _build/nrf52840_xxaa/nrf_sdh_ble.c.o
 .debug_info    0x0004bf0d      0xea0 _build/nrf52840_xxaa/nrf_sdh_soc.c.o

.debug_abbrev   0x00000000     0x96e0
 .debug_abbrev  0x00000000       0x14 _build/nrf52840_xxaa/gcc_startup_nrf52840.S.o
 .debug_abbrev  0x00000014      0x27f _build/nrf52840_xxaa/nrf_log_backend_serial.c.o
 .debug_abbrev  0x00000293      0x3ca _build/nrf52840_xxaa/nrf_log_backend_uart.c.o
 .debug_abbrev  0x0000065d      0x256 _build/nrf52840_xxaa/nrf_log_default_backends.c.o
 .debug_abbrev  0x000008b3      0x598 _build/nrf52840_xxaa/nrf_log_frontend.c.o
 .debug_abbrev  0x00000e4b      0x2ba _build/nrf52840_xxaa/nrf_log_str_formatter.c.o
 .debug_abbrev  0x00001105      0x2d9 _build/nrf52840_xxaa/app_button.c.o
 .debug_abbrev  0x000013de      0x235 _build/nrf52840_xxaa/app_error.c.o
 .debug_abbrev  0x00001613      0x298 _build/nrf52840_xxaa/app_error_weak.c.o
 .debug_abbrev  0x000018ab      0x49d _build/nrf52840_xxaa/app_timer.c.o
 .debug_abbrev  0x00001d48      0x381 _build/nrf52840_xxaa/app_util_platform.c.o
 .debug_abbrev  0x000020c9      0x305 _build/nrf52840_xxaa/nrf_atflags.c.o
 .debug_abbrev  0x000023ce      0x31f _build/nrf52840_xxaa/nrf_atomic.c.o
 .debug_abbrev  0x000026ed      0x302 _build/nrf52840_xxaa/nrf_balloc.c.o
 .debug_abbrev  0x000029ef      0x239 _build/nrf52840_xxaa/nrf_fprintf.c.o
 .debug_abbrev  0x00002c28      0x347 _build/nrf52840_xxaa/nrf_fprintf_format.c.o
 .debug_abbrev  0x00002f6f      0x350 _build/nrf52840_xxaa/nrf_memobj.c.o
 .debug_abbrev  0x000032bf      0x46d _build/nrf52840_xxaa/nrf_pwr_mgmt.c.o
 .debug_abbrev  0x0000372c      0x265 _build/nrf52840_xxaa/nrf_ringbuf.c.o
 .debug_abbrev  0x00003991      0x1da _build/nrf52840_xxaa/nrf_section_iter.c.o
 .debug_abbrev  0x00003b6b      0x248 _build/nrf52840_xxaa/nrf_strerror.c.o
 .debug_abbrev  0x00003db3      0x1eb _build/nrf52840_xxaa/system_nrf52840.c.o
 .debug_abbrev  0x00003f9e      0x416 _build/nrf52840_xxaa/boards.c.o
 .debug_abbrev  0x000043b4      0x550 _build/nrf52840_xxaa/nrf_drv_clock.c.o
 .debug_abbrev  0x00004904      0x298 _build/nrf52840_xxaa/nrf_drv_uart.c.o
 .debug_abbrev  0x00004b9c      0x4b4 _build/nrf52840_xxaa/nrfx_clock.c.o
 .debug_abbrev  0x00005050      0x51b _build/nrf52840_xxaa/nrfx_gpiote.c.o
 .debug_abbrev  0x0000556b      0x30c _build/nrf52840_xxaa/nrfx_prs.c.o
 .debug_abbrev  0x00005877      0x4fe _build/nrf52840_xxaa/nrfx_uart.c.o
 .debug_abbrev  0x00005d75      0x4c8 _build/nrf52840_xxaa/nrfx_uarte.c.o
 .debug_abbrev  0x0000623d      0x4eb _build/nrf52840_xxaa/bsp.c.o
 .debug_abbrev  0x00006728      0x37d _build/nrf52840_xxaa/bsp_btn_ble.c.o
 .debug_abbrev  0x00006aa5      0x4b9 _build/nrf52840_xxaa/main.c.o
 .debug_abbrev  0x00006f5e      0x42b _build/nrf52840_xxaa/ble_advdata.c.o
 .debug_abbrev  0x00007389      0x4f5 _build/nrf52840_xxaa/ble_conn_state.c.o
 .debug_abbrev  0x0000787e      0x512 _build/nrf52840_xxaa/ble_db_discovery.c.o
 .debug_abbrev  0x00007d90      0x442 _build/nrf52840_xxaa/nrf_ble_gatt.c.o
 .debug_abbrev  0x000081d2      0x4bc _build/nrf52840_xxaa/nrf_ble_scan.c.o
 .debug_abbrev  0x0000868e      0x465 _build/nrf52840_xxaa/ble_lbs_c.c.o
 .debug_abbrev  0x00008af3      0x4e7 _build/nrf52840_xxaa/nrf_sdh.c.o
 .debug_abbrev  0x00008fda      0x444 _build/nrf52840_xxaa/nrf_sdh_ble.c.o
 .debug_abbrev  0x0000941e      0x2c2 _build/nrf52840_xxaa/nrf_sdh_soc.c.o

.debug_aranges  0x00000000      0xe70
 .debug_aranges
                0x00000000       0x20 _build/nrf52840_xxaa/gcc_startup_nrf52840.S.o
 .debug_aranges
                0x00000020       0x20 _build/nrf52840_xxaa/nrf_log_backend_serial.c.o
 .debug_aranges
                0x00000040       0x48 _build/nrf52840_xxaa/nrf_log_backend_uart.c.o
 .debug_aranges
                0x00000088       0x20 _build/nrf52840_xxaa/nrf_log_default_backends.c.o
 .debug_aranges
                0x000000a8       0xc8 _build/nrf52840_xxaa/nrf_log_frontend.c.o
 .debug_aranges
                0x00000170       0x30 _build/nrf52840_xxaa/nrf_log_str_formatter.c.o
 .debug_aranges
                0x000001a0       0x48 _build/nrf52840_xxaa/app_button.c.o
 .debug_aranges
                0x000001e8       0x28 _build/nrf52840_xxaa/app_error.c.o
 .debug_aranges
                0x00000210       0x20 _build/nrf52840_xxaa/app_error_weak.c.o
 .debug_aranges
                0x00000230       0x70 _build/nrf52840_xxaa/app_timer.c.o
 .debug_aranges
                0x000002a0       0x48 _build/nrf52840_xxaa/app_util_platform.c.o
 .debug_aranges
                0x000002e8       0x58 _build/nrf52840_xxaa/nrf_atflags.c.o
 .debug_aranges
                0x00000340       0xb0 _build/nrf52840_xxaa/nrf_atomic.c.o
 .debug_aranges
                0x000003f0       0x30 _build/nrf52840_xxaa/nrf_balloc.c.o
 .debug_aranges
                0x00000420       0x28 _build/nrf52840_xxaa/nrf_fprintf.c.o
 .debug_aranges
                0x00000448       0x28 _build/nrf52840_xxaa/nrf_fprintf_format.c.o
 .debug_aranges
                0x00000470       0x50 _build/nrf52840_xxaa/nrf_memobj.c.o
 .debug_aranges
                0x000004c0       0x48 _build/nrf52840_xxaa/nrf_pwr_mgmt.c.o
 .debug_aranges
                0x00000508       0x50 _build/nrf52840_xxaa/nrf_ringbuf.c.o
 .debug_aranges
                0x00000558       0x28 _build/nrf52840_xxaa/nrf_section_iter.c.o
 .debug_aranges
                0x00000580       0x28 _build/nrf52840_xxaa/nrf_strerror.c.o
 .debug_aranges
                0x000005a8       0x28 _build/nrf52840_xxaa/system_nrf52840.c.o
 .debug_aranges
                0x000005d0       0x78 _build/nrf52840_xxaa/boards.c.o
 .debug_aranges
                0x00000648       0xa8 _build/nrf52840_xxaa/nrf_drv_clock.c.o
 .debug_aranges
                0x000006f0       0x30 _build/nrf52840_xxaa/nrf_drv_uart.c.o
 .debug_aranges
                0x00000720       0x78 _build/nrf52840_xxaa/nrfx_clock.c.o
 .debug_aranges
                0x00000798       0xd8 _build/nrf52840_xxaa/nrfx_gpiote.c.o
 .debug_aranges
                0x00000870       0x30 _build/nrf52840_xxaa/nrfx_prs.c.o
 .debug_aranges
                0x000008a0       0x78 _build/nrf52840_xxaa/nrfx_uart.c.o
 .debug_aranges
                0x00000918       0x68 _build/nrf52840_xxaa/nrfx_uarte.c.o
 .debug_aranges
                0x00000980       0x78 _build/nrf52840_xxaa/bsp.c.o
 .debug_aranges
                0x000009f8       0x30 _build/nrf52840_xxaa/bsp_btn_ble.c.o
 .debug_aranges
                0x00000a28       0x68 _build/nrf52840_xxaa/main.c.o
 .debug_aranges
                0x00000a90       0x78 _build/nrf52840_xxaa/ble_advdata.c.o
 .debug_aranges
                0x00000b08       0xc0 _build/nrf52840_xxaa/ble_conn_state.c.o
 .debug_aranges
                0x00000bc8       0x68 _build/nrf52840_xxaa/ble_db_discovery.c.o
 .debug_aranges
                0x00000c30       0x68 _build/nrf52840_xxaa/nrf_ble_gatt.c.o
 .debug_aranges
                0x00000c98       0x90 _build/nrf52840_xxaa/nrf_ble_scan.c.o
 .debug_aranges
                0x00000d28       0x60 _build/nrf52840_xxaa/ble_lbs_c.c.o
 .debug_aranges
                0x00000d88       0x70 _build/nrf52840_xxaa/nrf_sdh.c.o
 .debug_aranges
                0x00000df8       0x50 _build/nrf52840_xxaa/nrf_sdh_ble.c.o
 .debug_aranges
                0x00000e48       0x28 _build/nrf52840_xxaa/nrf_sdh_soc.c.o

.debug_str      0x00000000    0xad42b
 .debug_str     0x00000000       0x97 _build/nrf52840_xxaa/gcc_startup_nrf52840.S.o
 .debug_str     0x00000097    0x8aa53 _build/nrf52840_xxaa/nrf_log_backend_serial.c.o
                              0x8d20b (size before relaxing)
 .debug_str     0x0008aaea     0x854b _build/nrf52840_xxaa/nrf_log_backend_uart.c.o
                              0x95237 (size before relaxing)
 .debug_str     0x00093035      0x133 _build/nrf52840_xxaa/nrf_log_default_backends.c.o
                              0x8cfc2 (size before relaxing)
 .debug_str     0x00093168     0x1382 _build/nrf52840_xxaa/nrf_log_frontend.c.o
                              0x8e479 (size before relaxing)
 .debug_str     0x000944ea      0x6bb _build/nrf52840_xxaa/nrf_log_str_formatter.c.o
                              0x8d723 (size before relaxing)
 .debug_str     0x00094ba5     0x167d _build/nrf52840_xxaa/app_button.c.o
                              0x921f5 (size before relaxing)
 .debug_str     0x00096222      0x10b _build/nrf52840_xxaa/app_error.c.o
                              0x77ef6 (size before relaxing)
 .debug_str     0x0009632d      0xa69 _build/nrf52840_xxaa/app_error_weak.c.o
                              0x8e004 (size before relaxing)
 .debug_str     0x00096d96      0xb8f _build/nrf52840_xxaa/app_timer.c.o
                              0x91bd4 (size before relaxing)
 .debug_str     0x00097925      0x265 _build/nrf52840_xxaa/app_util_platform.c.o
                              0x7944f (size before relaxing)
 .debug_str     0x00097b8a      0x3db _build/nrf52840_xxaa/nrf_atflags.c.o
                              0x881db (size before relaxing)
 .debug_str     0x00097f65      0x672 _build/nrf52840_xxaa/nrf_atomic.c.o
                              0x88536 (size before relaxing)
 .debug_str     0x000985d7      0x17b _build/nrf52840_xxaa/nrf_balloc.c.o
                              0x8cfbc (size before relaxing)
 .debug_str     0x00098752      0x15b _build/nrf52840_xxaa/nrf_fprintf.c.o
                              0x8818f (size before relaxing)
 .debug_str     0x000988ad      0x134 _build/nrf52840_xxaa/nrf_fprintf_format.c.o
                              0x88284 (size before relaxing)
 .debug_str     0x000989e1      0x1bc _build/nrf52840_xxaa/nrf_memobj.c.o
                              0x8b374 (size before relaxing)
 .debug_str     0x00098b9d     0x17bf _build/nrf52840_xxaa/nrf_pwr_mgmt.c.o
                              0x9652d (size before relaxing)
 .debug_str     0x0009a35c       0xf3 _build/nrf52840_xxaa/nrf_ringbuf.c.o
                              0x89a66 (size before relaxing)
 .debug_str     0x0009a44f       0x6b _build/nrf52840_xxaa/nrf_section_iter.c.o
                              0x8835e (size before relaxing)
 .debug_str     0x0009a4ba      0x104 _build/nrf52840_xxaa/nrf_strerror.c.o
                              0x87efb (size before relaxing)
 .debug_str     0x0009a5be      0x49e _build/nrf52840_xxaa/system_nrf52840.c.o
                              0x73b7f (size before relaxing)
 .debug_str     0x0009aa5c      0xfe0 _build/nrf52840_xxaa/boards.c.o
                              0x919d3 (size before relaxing)
 .debug_str     0x0009ba3c      0xef5 _build/nrf52840_xxaa/nrf_drv_clock.c.o
                              0x9523c (size before relaxing)
 .debug_str     0x0009c931      0x487 _build/nrf52840_xxaa/nrf_drv_uart.c.o
                              0x91a5e (size before relaxing)
 .debug_str     0x0009cdb8      0x794 _build/nrf52840_xxaa/nrfx_clock.c.o
                              0x9450c (size before relaxing)
 .debug_str     0x0009d54c      0xd57 _build/nrf52840_xxaa/nrfx_gpiote.c.o
                              0x95811 (size before relaxing)
 .debug_str     0x0009e2a3      0x34b _build/nrf52840_xxaa/nrfx_prs.c.o
                              0x93c8a (size before relaxing)
 .debug_str     0x0009e5ee      0x6be _build/nrf52840_xxaa/nrfx_uart.c.o
                              0x94e66 (size before relaxing)
 .debug_str     0x0009ecac      0x98d _build/nrf52840_xxaa/nrfx_uarte.c.o
                              0x95306 (size before relaxing)
 .debug_str     0x0009f639      0xffd _build/nrf52840_xxaa/bsp.c.o
                              0x9276f (size before relaxing)
 .debug_str     0x000a0636     0x6ac6 _build/nrf52840_xxaa/bsp_btn_ble.c.o
                              0x98826 (size before relaxing)
 .debug_str     0x000a70fc     0x31c3 _build/nrf52840_xxaa/main.c.o
                              0xa026c (size before relaxing)
 .debug_str     0x000aa2bf      0x8a6 _build/nrf52840_xxaa/ble_advdata.c.o
                              0x8f2b8 (size before relaxing)
 .debug_str     0x000aab65      0x8bb _build/nrf52840_xxaa/ble_conn_state.c.o
                              0x90f09 (size before relaxing)
 .debug_str     0x000ab420      0x6ed _build/nrf52840_xxaa/ble_db_discovery.c.o
                              0x92d20 (size before relaxing)
 .debug_str     0x000abb0d      0x4f2 _build/nrf52840_xxaa/nrf_ble_gatt.c.o
                              0x91bcf (size before relaxing)
 .debug_str     0x000abfff      0x415 _build/nrf52840_xxaa/nrf_ble_scan.c.o
                              0x929c8 (size before relaxing)
 .debug_str     0x000ac414      0x2dd _build/nrf52840_xxaa/ble_lbs_c.c.o
                              0x93260 (size before relaxing)
 .debug_str     0x000ac6f1      0x50b _build/nrf52840_xxaa/nrf_sdh.c.o
                              0x8da30 (size before relaxing)
 .debug_str     0x000acbfc      0x694 _build/nrf52840_xxaa/nrf_sdh_ble.c.o
                              0x927ea (size before relaxing)